07-06 22:29:20.020   372   372 I perfmonitord:ProcessRssMonitor: audioserver          346   : 2908       2672       5580      
07-06 22:29:20.020   372   372 I perfmonitord:ProcessRssMonitor: mediaserver          384   : 3204       1764       4968      
07-06 22:29:20.020   372   372 I perfmonitord:ProcessRssMonitor: omx@1.0-service      392   : 2468       2424       4892      
07-06 22:29:20.020   372   372 I perfmonitord:ProcessRssMonitor: audio@2.0-servi      317   : 2308       2248       4556      
07-06 22:29:20.020   372   372 I perfmonitord:ProcessRssMonitor: mediaextractor       381   : 2512       2020       4532      
07-06 22:29:20.020   372   372 I perfmonitord:ProcessRssMonitor: keystore             379   : 3724       604        4328      
07-06 22:29:20.020   372   372 I perfmonitord:ProcessRssMonitor: storaged             388   : 3760       492        4252      
07-06 22:29:20.020   372   372 I perfmonitord:ProcessRssMonitor: mediametrics         382   : 2624       1496       4120      
07-06 22:29:20.020   372   372 I perfmonitord:ProcessRssMonitor: cameraserver         374   : 2616       1504       4120      
07-06 22:29:20.020   372   372 I perfmonitord:ProcessRssMonitor: drmserver            376   : 2500       1420       3920      
07-06 22:29:20.020   372   372 I perfmonitord:ProcessRssMonitor: /system/bin/installd 378   : 2600       1176       3776      
07-06 22:29:20.020   372   372 I perfmonitord:ProcessRssMonitor: /system/bin/netd     276   : 2888       772        3660      
07-06 22:29:20.020   372   372 I perfmonitord:ProcessRssMonitor: composer@2.1-se      308   : 2068       1568       3636      
07-06 22:29:20.020   372   372 I perfmonitord:ProcessRssMonitor: avsyncservice        394   : 2476       1148       3624      
07-06 22:29:20.020   372   372 I perfmonitord:ProcessRssMonitor: perfmonitord         372   : 3176       424        3600      
07-06 22:29:20.020   372   372 I perfmonitord:ProcessRssMonitor: /system/bin/vold     222   : 2460       1076       3536      
07-06 22:29:20.020   372   372 I perfmonitord:ProcessRssMonitor: allocator@2.0-s      307   : 2496       992        3488      
07-06 22:29:20.020   372   372 I perfmonitord:ProcessRssMonitor: perfstatsd           369   : 2748       676        3424      
07-06 22:29:20.020   372   372 I perfmonitord:ProcessRssMonitor: /system/bin/statsd   387   : 2616       728        3344      
07-06 22:29:20.020   372   372 I perfmonitord:ProcessRssMonitor: wificond             389   : 2588       744        3332      
07-06 22:29:20.020   372   372 I perfmonitord:ProcessRssMonitor: hwservicemanage      219   : 2760       540        3300      
07-06 22:29:20.020   372   372 I perfmonitord:ProcessRssMonitor: wifi@1.0-servic      313   : 2848       436        3284      
07-06 22:29:20.020   372   372 I perfmonitord:ProcessRssMonitor: keymaster@3.0-s      221   : 2760       488        3248      
07-06 22:29:20.020   372   372 I perfmonitord:ProcessRssMonitor: /system/bin/amazonfiled 373   : 2468       780        3248      
07-06 22:29:20.020   372   372 I perfmonitord:ProcessRssMonitor: inlocservice         263   : 2664       564        3228      
07-06 22:29:20.020   372   372 I perfmonitord:ProcessRssMonitor: /system/bin/incidentd 377   : 2492       684        3176      
07-06 22:29:20.020   372   372 I perfmonitord:ProcessRssMonitor: neo-service-coo      282   : 2780       368        3148      
07-06 22:29:20.020   372   372 I perfmonitord:ProcessRssMonitor: thermalserviced      351   : 2496       648        3144      
07-06 22:29:20.020   372   372 I perfmonitord:ProcessRssMonitor: wpa_supplicant       5892  : 2480       636        3116      
07-06 22:29:20.020   372   372 I perfmonitord:ProcessRssMonitor: cloud_pairing_s      261   : 2396       704        3100      
07-06 22:29:20.020   372   372 I perfmonitord:ProcessRssMonitor: drm@1.1-service      300   : 2376       712        3088      
07-06 22:29:20.020   372   372 I perfmonitord:ProcessRssMonitor: amazonthermal@1      314   : 1940       1104       3044      
07-06 22:29:20.020   372   372 I perfmonitord:ProcessRssMonitor: hdcp@1.0-servic      322   : 2244       760        3004      
07-06 22:29:20.020   372   372 I perfmonitord:ProcessRssMonitor: neo-init-runas       281   : 2612       384        2996      
07-06 22:29:20.020   372   372 I perfmonitord:ProcessRssMonitor: mediadrmserver       380   : 2108       860        2968      
07-06 22:29:20.020   372   372 I perfmonitord:ProcessRssMonitor: whad_cc              371   : 2348       612        2960      
07-06 22:29:20.020   372   372 I perfmonitord:ProcessRssMonitor: cec@1.0-service      311   : 2176       776        2952      
07-06 22:29:20.020   372   372 I perfmonitord:ProcessRssMonitor: servicemanager       218   : 2524       420        2944      
07-06 22:29:20.020   372   372 I perfmonitord:ProcessRssMonitor: fireosdha@1.0-s      321   : 2384       540        2924      
07-06 22:29:20.020   372   372 I perfmonitord:ProcessRssMonitor: provider@2.4-ex      294   : 1912       992        2904      
07-06 22:29:20.020   372   372 I perfmonitord:ProcessRssMonitor: hdmitxinfo@1.0-      326   : 2436       448        2884      
07-06 22:29:20.020   372   372 I perfmonitord:ProcessRssMonitor: zon.dialservice      1338  : 2216       668        2884      
07-06 22:29:20.020   372   372 I perfmonitord:ProcessRssMonitor: gatekeeperd          403   : 2088       784        2872      
07-06 22:29:20.020   372   372 I perfmonitord:ProcessRssMonitor: memtrack@1.0-se      310   : 2472       400        2872      
07-06 22:29:20.020   372   372 I perfmonitord:ProcessRssMonitor: health@2.0-serv      309   : 2408       432        2840      
07-06 22:29:20.020   372   372 I perfmonitord:ProcessRssMonitor: idme@1.1-servic      340   : 2244       584        2828      
07-06 22:29:20.020   372   372 I perfmonitord:ProcessRssMonitor: keymanage@1.0-s      342   : 2232       588        2820      
07-06 22:29:20.020   372   372 I perfmonitord:ProcessRssMonitor: wlan_stats           1294  : 2368       448        2816      
07-06 22:29:20.020   372   372 I perfmonitord:ProcessRssMonitor: allocator@1.0-s      292   : 2320       480        2800      
07-06 22:29:20.020   372   372 I perfmonitord:ProcessRssMonitor: mediametrics@1.      341   : 2224       540        2764      
07-06 22:29:20.020   372   372 I perfmonitord:ProcessRssMonitor: networkpower@1.      318   : 2196       536        2732      
07-06 22:29:20.020   372   372 I perfmonitord:ProcessRssMonitor: drmprov@1.0-ser      319   : 2140       592        2732      
07-06 22:29:20.020   372   372 I perfmonitord:ProcessRssMonitor: gatekeeper@1.0-      304   : 2140       576        2716      
07-06 22:29:20.020   372   372 I perfmonitord:ProcessRssMonitor: vndservicemanag      220   : 2172       536        2708      
07-06 22:29:20.020   372   372 I perfmonitord:ProcessRssMonitor: bluetooth@1.0-s      293   : 2164       528        2692      
07-06 22:29:20.020   372   372 I perfmonitord:ProcessRssMonitor: integrity_logge      404   : 2332       312        2644      
07-06 22:29:20.020   372   372 I perfmonitord:ProcessRssMonitor: drm@1.1-service      297   : 2000       628        2628      
07-06 22:29:20.020   372   372 I perfmonitord:ProcessRssMonitor: usb@1.1-service      312   : 1900       716        2616      
07-06 22:29:20.020   372   372 I perfmonitord:ProcessRssMonitor: logcat               4118  : 2252       328        2580      
07-06 22:29:20.020   372   372 I perfmonitord:ProcessRssMonitor: hdmi@1.1-servic      399   : 2044       536        2580      
07-06 22:29:20.020   372   372 I perfmonitord:ProcessRssMonitor: rpmb_svc             416   : 2140       436        2576      
07-06 22:29:20.020   372   372 I perfmonitord:ProcessRssMonitor: securetime           396   : 2184       388        2572      
07-06 22:29:20.020   372   372 I perfmonitord:ProcessRssMonitor: kisd                 265   : 2060       464        2524      
07-06 22:29:20.020   372   372 I perfmonitord:ProcessRssMonitor: ip6tables-resto      299   : 2192       288        2480      
07-06 22:29:20.020   372   372 I perfmonitord:ProcessRssMonitor: configstore@1.1      295   : 1696       776        2472      
07-06 22:29:20.020   372   372 I perfmonitord:ProcessRssMonitor: tombstoned           405   : 2088       376        2464      
07-06 22:29:20.020   372   372 I perfmonitord:ProcessRssMonitor: drm@1.1-service      301   : 1364       1088       2452      
07-06 22:29:20.020   372   372 I perfmonitord:ProcessRssMonitor: leakrecoveryd        368   : 1860       568        2428      
07-06 22:29:20.020   372   372 I perfmonitord:ProcessRssMonitor: iptables-restor      298   : 2100       288        2388      
07-06 22:29:20.020   372   372 I perfmonitord:ProcessRssMonitor: drm@1.0-service      296   : 1384       980        2364      
07-06 22:29:20.020   372   372 I perfmonitord:ProcessRssMonitor: lmkd                 217   : 2192       0          2192      
07-06 22:29:20.020   372   372 I perfmonitord:ProcessRssMonitor: init                 1     : 844        960        1804      
07-06 22:29:20.020   372   372 I perfmonitord:ProcessRssMonitor: init                 191   : 116        836        952       
07-06 22:29:20.020   372   372 I perfmonitord:ProcessRssMonitor: mdnsd                5859  : 796        108        904       
07-06 22:29:20.020   372   372 I perfmonitord:ProcessRssMonitor: ueventd              194   : 120        624        744       
07-06 22:29:20.020   372   372 I perfmonitord:ProcessRssMonitor: init                 192   : 84         312        396       
07-06 22:29:20.020   372   372 I perfmonitord:ProcessRssMonitor: watchdogd            344   : 136        128        264       
07-06 22:29:48.216   388   478 E storaged: getDiskStats failed with result NOT_SUPPORTED and size 0
07-06 22:30:48.217   388   478 E storaged: getDiskStats failed with result NOT_SUPPORTED and size 0
07-06 22:31:29.713   523  2584 I chatty  : uid=1000(system) Binder:523_16 expire 3 lines
07-06 22:31:48.218   388   478 E storaged: getDiskStats failed with result NOT_SUPPORTED and size 0
07-06 22:32:48.218   388   478 E storaged: getDiskStats failed with result NOT_SUPPORTED and size 0
07-06 22:33:48.219   388   478 E storaged: getDiskStats failed with result NOT_SUPPORTED and size 0
07-06 22:34:48.219   388   478 E storaged: getDiskStats failed with result NOT_SUPPORTED and size 0
07-06 22:35:48.220   388   478 E storaged: getDiskStats failed with result NOT_SUPPORTED and size 0
07-06 22:36:48.221   388   478 E storaged: getDiskStats failed with result NOT_SUPPORTED and size 0
07-06 22:37:48.221   388   478 E storaged: getDiskStats failed with result NOT_SUPPORTED and size 0
07-06 22:38:48.222   388   478 E storaged: getDiskStats failed with result NOT_SUPPORTED and size 0
07-06 22:39:14.256   372   372 I perfmonitord:StatUtil: CPUUtilization is at 4%
07-06 22:39:14.257   372   372 I perfmonitord:StatUtil: MemoryUtilization is at 65%
07-06 22:39:48.223   388   478 E storaged: getDiskStats failed with result NOT_SUPPORTED and size 0
07-06 22:40:48.223   388   478 E storaged: getDiskStats failed with result NOT_SUPPORTED and size 0
07-06 22:41:48.224   388   478 E storaged: getDiskStats failed with result NOT_SUPPORTED and size 0
07-06 22:42:48.224   388   478 E storaged: getDiskStats failed with result NOT_SUPPORTED and size 0
07-06 22:43:48.225   388   478 E storaged: getDiskStats failed with result NOT_SUPPORTED and size 0
07-06 22:44:48.226   388   478 E storaged: getDiskStats failed with result NOT_SUPPORTED and size 0
07-06 22:45:48.226   388   478 E storaged: getDiskStats failed with result NOT_SUPPORTED and size 0
07-06 22:46:48.227   388   478 E storaged: getDiskStats failed with result NOT_SUPPORTED and size 0
07-06 22:47:01.960   523  2619 I chatty  : uid=1000(system) Binder:523_19 expire 8 lines
07-06 22:47:01.999   523   789 I chatty  : uid=1000(system) Binder:523_4 expire 2 lines
07-06 22:47:48.228   388   478 E storaged: getDiskStats failed with result NOT_SUPPORTED and size 0
07-06 22:48:48.228   388   478 E storaged: getDiskStats failed with result NOT_SUPPORTED and size 0
07-06 22:49:15.506   372   372 I perfmonitord:StatUtil: CPUUtilization is at 6%
07-06 22:49:15.507   372   372 I perfmonitord:StatUtil: MemoryUtilization is at 63%
07-06 22:49:48.229   388   478 E storaged: getDiskStats failed with result NOT_SUPPORTED and size 0
07-06 22:50:48.229   388   478 E storaged: getDiskStats failed with result NOT_SUPPORTED and size 0
07-06 22:51:48.230   388   478 E storaged: getDiskStats failed with result NOT_SUPPORTED and size 0
07-06 22:52:48.231   388   478 E storaged: getDiskStats failed with result NOT_SUPPORTED and size 0
07-06 22:53:48.231   388   478 E storaged: getDiskStats failed with result NOT_SUPPORTED and size 0
07-06 22:54:48.232   388   478 E storaged: getDiskStats failed with result NOT_SUPPORTED and size 0
07-06 22:55:48.233   388   478 E storaged: getDiskStats failed with result NOT_SUPPORTED and size 0
07-06 22:56:14.716   523   542 I chatty  : uid=1000(system) ActivityManager expire 10 lines
07-06 22:56:15.009   523   534 I chatty  : uid=1000(system) Binder:523_2 expire 5 lines
07-06 22:56:15.437 10428 10461 E ActivityThread: Failed to find provider info for com.amazon.tv.channelscan
07-06 22:56:15.439 10428 10461 I chatty  : uid=10138(com.amazon.tv.livetv) identical 1 line
07-06 22:56:15.439 10428 10461 E ActivityThread: Failed to find provider info for com.amazon.tv.channelscan
07-06 22:56:17.233   523   607 I chatty  : uid=1000(system) Binder:523_3 expire 4 lines
07-06 22:56:17.259   523   533 I chatty  : uid=1000(system) Binder:523_1 expire 5 lines
07-06 22:56:48.234   388   478 E storaged: getDiskStats failed with result NOT_SUPPORTED and size 0
07-06 22:57:48.235   388   478 E storaged: getDiskStats failed with result NOT_SUPPORTED and size 0
07-06 22:58:48.235   388   478 E storaged: getDiskStats failed with result NOT_SUPPORTED and size 0
07-06 22:59:16.754   372   372 I perfmonitord:StatUtil: CPUUtilization is at 5%
07-06 22:59:16.755   372   372 I perfmonitord:StatUtil: MemoryUtilization is at 66%
07-06 22:59:48.236   388   478 E storaged: getDiskStats failed with result NOT_SUPPORTED and size 0
07-06 23:00:48.237   388   478 E storaged: getDiskStats failed with result NOT_SUPPORTED and size 0
07-06 23:01:48.237   388   478 E storaged: getDiskStats failed with result NOT_SUPPORTED and size 0
07-06 23:02:01.991   523  1830 I chatty  : uid=1000(system) Binder:523_C expire 1 line
07-06 23:02:48.238   388   478 E storaged: getDiskStats failed with result NOT_SUPPORTED and size 0
07-06 23:03:48.238   388   478 E storaged: getDiskStats failed with result NOT_SUPPORTED and size 0
07-06 23:04:48.239   388   478 E storaged: getDiskStats failed with result NOT_SUPPORTED and size 0
07-06 23:05:48.240   388   478 E storaged: getDiskStats failed with result NOT_SUPPORTED and size 0
07-06 23:06:48.240   388   478 E storaged: getDiskStats failed with result NOT_SUPPORTED and size 0
07-06 23:07:48.241   388   478 E storaged: getDiskStats failed with result NOT_SUPPORTED and size 0
07-06 23:08:48.242   388   478 E storaged: getDiskStats failed with result NOT_SUPPORTED and size 0
07-06 23:09:18.002   372   372 I perfmonitord:StatUtil: CPUUtilization is at 4%
07-06 23:09:18.003   372   372 I perfmonitord:StatUtil: MemoryUtilization is at 65%
07-06 23:09:48.242   388   478 E storaged: getDiskStats failed with result NOT_SUPPORTED and size 0
07-06 23:10:48.243   388   478 E storaged: getDiskStats failed with result NOT_SUPPORTED and size 0
07-06 23:11:48.244   388   478 E storaged: getDiskStats failed with result NOT_SUPPORTED and size 0
07-06 23:12:48.244   388   478 E storaged: getDiskStats failed with result NOT_SUPPORTED and size 0
07-06 23:13:48.245   388   478 E storaged: getDiskStats failed with result NOT_SUPPORTED and size 0
07-06 23:14:21.506   523   544 I chatty  : uid=1000(system) batterystats-wo expire 4 lines
07-06 23:14:45.179   523   690 I chatty  : uid=1000(system) RuntimePersiste expire 1 line
07-06 23:14:48.246   388   478 E storaged: getDiskStats failed with result NOT_SUPPORTED and size 0
07-06 23:15:48.396   388   478 E storaged: getDiskStats failed with result NOT_SUPPORTED and size 0
07-06 23:16:15.244   523   539 I chatty  : uid=1000(system) android.bg expire 6 lines
07-06 23:16:48.397   388   478 E storaged: getDiskStats failed with result NOT_SUPPORTED and size 0
07-06 23:17:48.397   388   478 E storaged: getDiskStats failed with result NOT_SUPPORTED and size 0
07-06 23:18:48.398   388   478 E storaged: getDiskStats failed with result NOT_SUPPORTED and size 0
07-06 23:19:19.245   372   372 I perfmonitord:StatUtil: CPUUtilization is at 5%
07-06 23:19:19.246   372   372 I perfmonitord:StatUtil: MemoryUtilization is at 67%
07-06 23:19:48.399   388   478 E storaged: getDiskStats failed with result NOT_SUPPORTED and size 0
07-06 23:20:48.399   388   478 E storaged: getDiskStats failed with result NOT_SUPPORTED and size 0
07-06 23:21:48.400   388   478 E storaged: getDiskStats failed with result NOT_SUPPORTED and size 0
07-06 23:22:48.400   388   478 E storaged: getDiskStats failed with result NOT_SUPPORTED and size 0
07-06 23:23:48.401   388   478 E storaged: getDiskStats failed with result NOT_SUPPORTED and size 0
07-06 23:24:48.402   388   478 E storaged: getDiskStats failed with result NOT_SUPPORTED and size 0
07-06 23:25:48.402   388   478 E storaged: getDiskStats failed with result NOT_SUPPORTED and size 0
07-06 23:26:48.403   388   478 E storaged: getDiskStats failed with result NOT_SUPPORTED and size 0
07-06 23:26:50.064   523   523 I chatty  : uid=1000 system_server expire 21 lines
07-06 23:27:48.404   388   478 E storaged: getDiskStats failed with result NOT_SUPPORTED and size 0
07-06 23:28:48.404   388   478 E storaged: getDiskStats failed with result NOT_SUPPORTED and size 0
07-06 23:29:20.543   372   372 I perfmonitord: Current status: 
07-06 23:29:20.543   372   372 I perfmonitord: Benefits string: 
07-06 23:29:20.543   372   372 E perfmonitord:StatUtil: Error of parsing benefits string
07-06 23:29:20.545   372   372 I perfmonitord:ProcessCpuMonitor: 
07-06 23:29:20.545   372   372 I perfmonitord:ProcessCpuMonitor: Process Name         PID   : CPU % 
07-06 23:29:20.545   372   372 I perfmonitord:ProcessCpuMonitor: 
07-06 23:29:20.545   372   372 I perfmonitord:ProcessCpuMonitor: system_server        523   : 14.71% 
07-06 23:29:20.545   372   372 I perfmonitord:ProcessCpuMonitor: ksmd                 26    : 1.93% 
07-06 23:29:20.545   372   372 I perfmonitord:ProcessCpuMonitor: com.amazon.avod      6884  : 0.94% 
07-06 23:29:20.545   372   372 I perfmonitord:ProcessCpuMonitor: .amazon.vizzini      1553  : 0.59% 
07-06 23:29:20.545   372   372 I perfmonitord:ProcessCpuMonitor: zon.tv.launcher      1688  : 0.27% 
07-06 23:29:20.545   372   372 I perfmonitord:ProcessCpuMonitor: rcu_preempt          7     : 0.20% 
07-06 23:29:20.545   372   372 I perfmonitord:ProcessCpuMonitor: audio@2.0-servi      317   : 0.19% 
07-06 23:29:20.545   372   372 I perfmonitord:ProcessCpuMonitor: v.devicecontrol      1593  : 0.13% 
07-06 23:29:20.545   372   372 I perfmonitord:ProcessCpuMonitor: perfmonitord         372   : 0.12% 
07-06 23:29:20.545   372   372 I perfmonitord:StatUtil: CPUUtilization is at 6%
07-06 23:29:20.546   372   372 I perfmonitord:StatUtil: MemoryUtilization is at 65%
07-06 23:29:21.619   372   372 I perfmonitord: Current status: 
07-06 23:29:21.619   372   372 I perfmonitord: Benefits string: 
07-06 23:29:21.619   372   372 E perfmonitord:StatUtil: Error of parsing benefits string
07-06 23:29:21.619   372   372 I perfmonitord:ProcessMemMonitor: android.service      10929 : 10386
07-06 23:29:21.619   372   372 I perfmonitord:ProcessMemMonitor: ce.crashmanager      10831 : 9161 
07-06 23:29:22.622   372   372 E perfmonitord:StatUtil: file open error is - Permission denied
07-06 23:29:22.623   372   372 I chatty  : uid=0(root) /system/bin/perfmonitord identical 5 lines
07-06 23:29:22.623   372   372 E perfmonitord:StatUtil: file open error is - Permission denied
07-06 23:29:22.624   372   372 I perfmonitord: Current status: 
07-06 23:29:22.624   372   372 I perfmonitord: Benefits string: 
07-06 23:29:22.624   372   372 E perfmonitord:StatUtil: Error of parsing benefits string
07-06 23:29:22.626   372   372 I perfmonitord:SystemMemMonitor: mem_total = 921136 Kb
07-06 23:29:22.626   372   372 I perfmonitord:SystemMemMonitor: mem_free = 72828 Kb
07-06 23:29:22.626   372   372 I perfmonitord:SystemMemMonitor: mem_available = 320568 Kb
07-06 23:29:22.626   372   372 I perfmonitord:SystemMemMonitor: mem_buffers = 9912 Kb
07-06 23:29:22.626   372   372 I perfmonitord:SystemMemMonitor: mem_cached = 299308 Kb
07-06 23:29:22.626   372   372 I perfmonitord:SystemMemMonitor: mem_active_anon = 112340 Kb
07-06 23:29:22.626   372   372 I perfmonitord:SystemMemMonitor: mem_inactive_anon = 129512 Kb
07-06 23:29:22.626   372   372 I perfmonitord:SystemMemMonitor: mem_active_file = 178412 Kb
07-06 23:29:22.626   372   372 I perfmonitord:SystemMemMonitor: mem_inactive_file = 128452 Kb
07-06 23:29:22.626   372   372 I perfmonitord:SystemMemMonitor: mem_swap_total = 393212 Kb
07-06 23:29:22.626   372   372 I perfmonitord:SystemMemMonitor: mem_swap_free = 213372 Kb
07-06 23:29:22.626   372   372 I perfmonitord:SystemMemMonitor: mem_swap_uncompressed = 179840 Kb
07-06 23:29:22.626   372   372 I perfmonitord:SystemMemMonitor: zram_mem_used_kb = 58240 Kb
07-06 23:29:22.626   372   372 I perfmonitord:SystemMemMonitor: mem_shmem = 304 Kb
07-06 23:29:22.626   372   372 I perfmonitord:SystemMemMonitor: mem_s_unreclaim = 46888 Kb
07-06 23:29:22.626   372   372 I perfmonitord:SystemMemMonitor: mem_kernel_stack = 16320 Kb
07-06 23:29:22.626   372   372 I perfmonitord:SystemMemMonitor: mem_page_tables = 34380 Kb
07-06 23:29:22.626   372   372 I perfmonitord:SystemMemMonitor: mem_other_free = 43240 Kb
07-06 23:29:22.626   372   372 I perfmonitord:SystemMemMonitor: mem_other_file = 306332 Kb
07-06 23:29:22.626   372   372 I perfmonitord:SystemMemMonitor: mem_ksm_pages_sharing = 0 Kb
07-06 23:29:22.626   372   372 I perfmonitord:SystemMemMonitor: mem_ksm_overhead = 0 Kb
07-06 23:29:22.626   372   372 I perfmonitord:SystemMemMonitor: mem_ksm_saving = 0 Kb
07-06 23:29:22.626   372   372 I perfmonitord:SystemMemMonitor: lmk_kills_backup = 0
07-06 23:29:22.626   372   372 I perfmonitord:SystemMemMonitor: lmk_kills_fg = 0
07-06 23:29:22.626   372   372 I perfmonitord:SystemMemMonitor: lmk_kills_other = 0
07-06 23:29:22.627   372   372 I perfmonitord:SystemMemMonitor: lmk_kills_perceptible = 0
07-06 23:29:22.627   372   372 I perfmonitord:SystemMemMonitor: lmk_kills_persistent = 0
07-06 23:29:22.627   372   372 I perfmonitord:SystemMemMonitor: lmk_kills_visible = 0
07-06 23:29:27.694   372   372 I perfmonitord:ProcessRssMonitor: 
07-06 23:29:27.694   372   372 I perfmonitord:ProcessRssMonitor: Process Name         PID   : RSS(kb)    RSWAP(kb)  Total RSS  
07-06 23:29:27.694   372   372 I perfmonitord:ProcessRssMonitor: 
07-06 23:29:27.694   372   372 I perfmonitord:ProcessRssMonitor: .amazon.venezia      9491  : 111808     5524       117332    
07-06 23:29:27.694   372   372 I perfmonitord:ProcessRssMonitor: .bueller.photos      10594 : 109676     5548       115224    
07-06 23:29:27.694   372   372 I perfmonitord:ProcessRssMonitor: com.amazon.avod      6884  : 94400      12352      106752    
07-06 23:29:27.694   372   372 I perfmonitord:ProcessRssMonitor: system_server        523   : 93124      11636      104760    
07-06 23:29:27.694   372   372 I perfmonitord:ProcessRssMonitor: zon.tv.launcher      1688  : 79788      16444      96232     
07-06 23:29:27.694   372   372 I perfmonitord:ProcessRssMonitor: n.kso.blackbird      10700 : 89648      5708       95356     
07-06 23:29:27.694   372   372 I perfmonitord:ProcessRssMonitor: ce.crashmanager      10831 : 79920      5796       85716     
07-06 23:29:27.694   372   372 I perfmonitord:ProcessRssMonitor: android.service      10929 : 78928      5860       84788     
07-06 23:29:27.694   372   372 I perfmonitord:ProcessRssMonitor: .amazon.vizzini      1553  : 73900      10240      84140     
07-06 23:29:27.694   372   372 I perfmonitord:ProcessRssMonitor: ce.software.ota      10865 : 76784      5948       82732     
07-06 23:29:27.694   372   372 I perfmonitord:ProcessRssMonitor: ainet.androidtv      7588  : 75944      5632       81576     
07-06 23:29:27.695   372   372 I perfmonitord:ProcessRssMonitor: .amazon.ceviche      7329  : 74560      6468       81028     
07-06 23:29:27.695   372   372 I perfmonitord:ProcessRssMonitor: wstoragemanager      10792 : 75048      5848       80896     
07-06 23:29:27.695   372   372 I perfmonitord:ProcessRssMonitor: iders.downloads      10909 : 68516      6048       74564     
07-06 23:29:27.695   372   372 I perfmonitord:ProcessRssMonitor: om.amazon.diode      7391  : 66396      7172       73568     
07-06 23:29:27.695   372   372 I perfmonitord:ProcessRssMonitor: device.services      807   : 62708      9056       71764     
07-06 23:29:27.695   372   372 I perfmonitord:ProcessRssMonitor: ce.sale.service      4245  : 60976      6752       67728     
07-06 23:29:27.695   372   372 I perfmonitord:ProcessRssMonitor: id.providers.tv      4124  : 59532      6580       66112     
07-06 23:29:27.695   372   372 I perfmonitord:ProcessRssMonitor: id.proxyhandler      24684 : 47568      7628       55196     
07-06 23:29:27.695   372   372 I perfmonitord:ProcessRssMonitor: evice.messaging      1209  : 46732      7228       53960     
07-06 23:29:27.695   372   372 I perfmonitord:ProcessRssMonitor: om.amazon.tcomm      1579  : 44340      7040       51380     
07-06 23:29:27.695   372   372 I perfmonitord:ProcessRssMonitor: v.devicecontrol      1593  : 43320      7976       51296     
07-06 23:29:27.695   372   372 I perfmonitord:ProcessRssMonitor: nk.core.android      5202  : 39916      8412       48328     
07-06 23:29:27.695   372   372 I perfmonitord:ProcessRssMonitor: .client.metrics      1237  : 40856      6980       47836     
07-06 23:29:27.695   372   372 I perfmonitord:ProcessRssMonitor: com.amazon.imp       933   : 40968      6540       47508     
07-06 23:29:27.695   372   372 I perfmonitord:ProcessRssMonitor: n.middleware.np      3591  : 35992      9556       45548     
07-06 23:29:27.695   372   372 I perfmonitord:ProcessRssMonitor: com.amazon.whad      1613  : 34624      10824      45448     
07-06 23:29:27.695   372   372 I perfmonitord:ProcessRssMonitor: m.amazon.tv.ime      800   : 29316      12740      42056     
07-06 23:29:27.695   372   372 I perfmonitord:ProcessRssMonitor: droid.bluetooth      773   : 32916      8684       41600     
07-06 23:29:27.695   372   372 I perfmonitord:ProcessRssMonitor: s.sdk.ftve.addp      13367 : 33004      8200       41204     
07-06 23:29:27.695   372   372 I perfmonitord:ProcessRssMonitor: yer.runtime.ftv      4069  : 22968      15020      37988     
07-06 23:29:27.695   372   372 I perfmonitord:ProcessRssMonitor: id.ext.services      1128  : 21828      9392       31220     
07-06 23:29:27.695   372   372 I perfmonitord:ProcessRssMonitor: ivitycontroller      1998  : 21448      8988       30436     
07-06 23:29:27.695   372   372 I perfmonitord:ProcessRssMonitor: .rdmapplication      2644  : 21224      8860       30084     
07-06 23:29:27.695   372   372 I perfmonitord:ProcessRssMonitor: on.device.blepa      7253  : 19996      8424       28420     
07-06 23:29:27.695   372   372 I perfmonitord:ProcessRssMonitor: main                 277   : 20836      7280       28116     
07-06 23:29:27.695   372   372 I perfmonitord:ProcessRssMonitor: ryconfigservice      1844  : 18736      7992       26728     
07-06 23:29:27.695   372   372 I perfmonitord:ProcessRssMonitor: webview_zygote       819   : 15428      10684      26112     
07-06 23:29:27.695   372   372 I perfmonitord:ProcessRssMonitor: n.systemnotices      3984  : 16952      8108       25060     
07-06 23:29:27.695   372   372 I perfmonitord:ProcessRssMonitor: logd                 216   : 7644       976        8620      
07-06 23:29:27.695   372   372 I perfmonitord:ProcessRssMonitor: surfaceflinger       349   : 3092       3732       6824      
07-06 23:29:27.695   372   372 I perfmonitord:ProcessRssMonitor: audioserver          346   : 2908       2668       5576      
07-06 23:29:27.695   372   372 I perfmonitord:ProcessRssMonitor: mediaserver          384   : 3204       1764       4968      
07-06 23:29:27.695   372   372 I perfmonitord:ProcessRssMonitor: omx@1.0-service      392   : 2468       2424       4892      
07-06 23:29:27.695   372   372 I perfmonitord:ProcessRssMonitor: audio@2.0-servi      317   : 2308       2248       4556      
07-06 23:29:27.695   372   372 I perfmonitord:ProcessRssMonitor: mediaextractor       381   : 2512       2020       4532      
07-06 23:29:27.695   372   372 I perfmonitord:ProcessRssMonitor: keystore             379   : 3724       604        4328      
07-06 23:29:27.695   372   372 I perfmonitord:ProcessRssMonitor: storaged             388   : 3756       504        4260      
07-06 23:29:27.695   372   372 I perfmonitord:ProcessRssMonitor: cameraserver         374   : 2616       1504       4120      
07-06 23:29:27.695   372   372 I perfmonitord:ProcessRssMonitor: mediametrics         382   : 2624       1496       4120      
07-06 23:29:27.695   372   372 I perfmonitord:ProcessRssMonitor: drmserver            376   : 2500       1420       3920      
07-06 23:29:27.695   372   372 I perfmonitord:ProcessRssMonitor: /system/bin/installd 378   : 2600       1176       3776      
07-06 23:29:27.695   372   372 I perfmonitord:ProcessRssMonitor: /system/bin/netd     276   : 2960       772        3732      
07-06 23:29:27.695   372   372 I perfmonitord:ProcessRssMonitor: composer@2.1-se      308   : 2068       1568       3636      
07-06 23:29:27.695   372   372 I perfmonitord:ProcessRssMonitor: avsyncservice        394   : 2476       1148       3624      
07-06 23:29:27.695   372   372 I perfmonitord:ProcessRssMonitor: perfmonitord         372   : 3176       424        3600      
07-06 23:29:27.695   372   372 I perfmonitord:ProcessRssMonitor: /system/bin/vold     222   : 2460       1076       3536      
07-06 23:29:27.695   372   372 I perfmonitord:ProcessRssMonitor: allocator@2.0-s      307   : 2496       992        3488      
07-06 23:29:27.695   372   372 I perfmonitord:ProcessRssMonitor: perfstatsd           369   : 2756       668        3424      
07-06 23:29:27.695   372   372 I perfmonitord:ProcessRssMonitor: /system/bin/statsd   387   : 2616       728        3344      
07-06 23:29:27.695   372   372 I perfmonitord:ProcessRssMonitor: wificond             389   : 2588       744        3332      
07-06 23:29:27.695   372   372 I perfmonitord:ProcessRssMonitor: hwservicemanage      219   : 2644       656        3300      
07-06 23:29:27.695   372   372 I perfmonitord:ProcessRssMonitor: wifi@1.0-servic      313   : 2848       436        3284      
07-06 23:29:27.695   372   372 I perfmonitord:ProcessRssMonitor: /system/bin/amazonfiled 373   : 2468       780        3248      
07-06 23:29:27.695   372   372 I perfmonitord:ProcessRssMonitor: keymaster@3.0-s      221   : 2760       488        3248      
07-06 23:29:27.695   372   372 I perfmonitord:ProcessRssMonitor: inlocservice         263   : 2664       564        3228      
07-06 23:29:27.695   372   372 I perfmonitord:ProcessRssMonitor: /system/bin/incidentd 377   : 2492       684        3176      
07-06 23:29:27.695   372   372 I perfmonitord:ProcessRssMonitor: neo-service-coo      282   : 2792       368        3160      
07-06 23:29:27.695   372   372 I perfmonitord:ProcessRssMonitor: thermalserviced      351   : 2496       648        3144      
07-06 23:29:27.695   372   372 I perfmonitord:ProcessRssMonitor: wpa_supplicant       5892  : 2480       636        3116      
07-06 23:29:27.695   372   372 I perfmonitord:ProcessRssMonitor: cloud_pairing_s      261   : 2396       704        3100      
07-06 23:29:27.695   372   372 I perfmonitord:ProcessRssMonitor: drm@1.1-service      300   : 2376       712        3088      
07-06 23:29:27.695   372   372 I perfmonitord:ProcessRssMonitor: amazonthermal@1      314   : 1940       1104       3044      
07-06 23:29:27.695   372   372 I perfmonitord:ProcessRssMonitor: hdcp@1.0-servic      322   : 2244       760        3004      
07-06 23:29:27.695   372   372 I perfmonitord:ProcessRssMonitor: neo-init-runas       281   : 2612       384        2996      
07-06 23:29:27.695   372   372 I perfmonitord:ProcessRssMonitor: mediadrmserver       380   : 2108       860        2968      
07-06 23:29:27.695   372   372 I perfmonitord:ProcessRssMonitor: whad_cc              371   : 2348       612        2960      
07-06 23:29:27.695   372   372 I perfmonitord:ProcessRssMonitor: cec@1.0-service      311   : 2176       776        2952      
07-06 23:29:27.695   372   372 I perfmonitord:ProcessRssMonitor: servicemanager       218   : 2524       420        2944      
07-06 23:29:27.695   372   372 I perfmonitord:ProcessRssMonitor: fireosdha@1.0-s      321   : 2384       540        2924      
07-06 23:29:27.695   372   372 I perfmonitord:ProcessRssMonitor: provider@2.4-ex      294   : 1912       992        2904      
07-06 23:29:27.696   372   372 I perfmonitord:ProcessRssMonitor: hdmitxinfo@1.0-      326   : 2436       448        2884      
07-06 23:29:27.696   372   372 I perfmonitord:ProcessRssMonitor: zon.dialservice      1338  : 2216       668        2884      
07-06 23:29:27.696   372   372 I perfmonitord:ProcessRssMonitor: gatekeeperd          403   : 2088       784        2872      
07-06 23:29:27.696   372   372 I perfmonitord:ProcessRssMonitor: memtrack@1.0-se      310   : 2472       400        2872      
07-06 23:29:27.696   372   372 I perfmonitord:ProcessRssMonitor: health@2.0-serv      309   : 2408       432        2840      
07-06 23:29:27.696   372   372 I perfmonitord:ProcessRssMonitor: idme@1.1-servic      340   : 2244       584        2828      
07-06 23:29:27.696   372   372 I perfmonitord:ProcessRssMonitor: keymanage@1.0-s      342   : 2232       588        2820      
07-06 23:29:27.696   372   372 I perfmonitord:ProcessRssMonitor: wlan_stats           1294  : 2368       448        2816      
07-06 23:29:27.696   372   372 I perfmonitord:ProcessRssMonitor: allocator@1.0-s      292   : 2320       480        2800      
07-06 23:29:27.696   372   372 I perfmonitord:ProcessRssMonitor: mediametrics@1.      341   : 2224       540        2764      
07-06 23:29:27.696   372   372 I perfmonitord:ProcessRssMonitor: networkpower@1.      318   : 2196       536        2732      
07-06 23:29:27.696   372   372 I perfmonitord:ProcessRssMonitor: drmprov@1.0-ser      319   : 2140       592        2732      
07-06 23:29:27.696   372   372 I perfmonitord:ProcessRssMonitor: gatekeeper@1.0-      304   : 2140       576        2716      
07-06 23:29:27.696   372   372 I perfmonitord:ProcessRssMonitor: vndservicemanag      220   : 2172       536        2708      
07-06 23:29:27.696   372   372 I perfmonitord:ProcessRssMonitor: bluetooth@1.0-s      293   : 2164       528        2692      
07-06 23:29:27.696   372   372 I perfmonitord:ProcessRssMonitor: integrity_logge      404   : 2332       312        2644      
07-06 23:29:27.696   372   372 I perfmonitord:ProcessRssMonitor: drm@1.1-service      297   : 2000       628        2628      
07-06 23:29:27.696   372   372 I perfmonitord:ProcessRssMonitor: usb@1.1-service      312   : 1900       716        2616      
07-06 23:29:27.696   372   372 I perfmonitord:ProcessRssMonitor: logcat               4118  : 2252       328        2580      
07-06 23:29:27.696   372   372 I perfmonitord:ProcessRssMonitor: hdmi@1.1-servic      399   : 2044       536        2580      
07-06 23:29:27.696   372   372 I perfmonitord:ProcessRssMonitor: rpmb_svc             416   : 2140       436        2576      
07-06 23:29:27.696   372   372 I perfmonitord:ProcessRssMonitor: securetime           396   : 2184       388        2572      
07-06 23:29:27.696   372   372 I perfmonitord:ProcessRssMonitor: kisd                 265   : 2060       464        2524      
07-06 23:29:27.696   372   372 I perfmonitord:ProcessRssMonitor: ip6tables-resto      299   : 2192       288        2480      
07-06 23:29:27.696   372   372 I perfmonitord:ProcessRssMonitor: configstore@1.1      295   : 1696       776        2472      
07-06 23:29:27.696   372   372 I perfmonitord:ProcessRssMonitor: tombstoned           405   : 2088       376        2464      
07-06 23:29:27.696   372   372 I perfmonitord:ProcessRssMonitor: drm@1.1-service      301   : 1364       1088       2452      
07-06 23:29:27.696   372   372 I perfmonitord:ProcessRssMonitor: leakrecoveryd        368   : 1860       568        2428      
07-06 23:29:27.696   372   372 I perfmonitord:ProcessRssMonitor: iptables-restor      298   : 2100       288        2388      
07-06 23:29:27.696   372   372 I perfmonitord:ProcessRssMonitor: drm@1.0-service      296   : 1384       980        2364      
07-06 23:29:27.696   372   372 I perfmonitord:ProcessRssMonitor: lmkd                 217   : 2192       0          2192      
07-06 23:29:27.696   372   372 I perfmonitord:ProcessRssMonitor: init                 1     : 844        960        1804      
07-06 23:29:27.696   372   372 I perfmonitord:ProcessRssMonitor: init                 191   : 116        836        952       
07-06 23:29:27.696   372   372 I perfmonitord:ProcessRssMonitor: mdnsd                5859  : 796        108        904       
07-06 23:29:27.696   372   372 I perfmonitord:ProcessRssMonitor: ueventd              194   : 120        624        744       
07-06 23:29:27.696   372   372 I perfmonitord:ProcessRssMonitor: init                 192   : 84         312        396       
07-06 23:29:27.696   372   372 I perfmonitord:ProcessRssMonitor: watchdogd            344   : 136        128        264       
07-06 23:29:48.405   388   478 E storaged: getDiskStats failed with result NOT_SUPPORTED and size 0
07-06 23:30:48.406   388   478 E storaged: getDiskStats failed with result NOT_SUPPORTED and size 0
07-06 23:31:48.406   388   478 E storaged: getDiskStats failed with result NOT_SUPPORTED and size 0
07-06 23:32:48.407   388   478 E storaged: getDiskStats failed with result NOT_SUPPORTED and size 0
07-06 23:33:48.408   388   478 E storaged: getDiskStats failed with result NOT_SUPPORTED and size 0
07-06 23:34:48.408   388   478 E storaged: getDiskStats failed with result NOT_SUPPORTED and size 0
07-06 23:35:48.409   388   478 E storaged: getDiskStats failed with result NOT_SUPPORTED and size 0
07-06 23:36:48.409   388   478 E storaged: getDiskStats failed with result NOT_SUPPORTED and size 0
07-06 23:37:02.070   523  2629 I chatty  : uid=1000(system) Binder:523_1B expire 4 lines
07-06 23:37:48.410   388   478 E storaged: getDiskStats failed with result NOT_SUPPORTED and size 0
07-06 23:38:48.411   388   478 E storaged: getDiskStats failed with result NOT_SUPPORTED and size 0
07-06 23:38:59.717   523   542 I chatty  : uid=1000(system) ActivityManager expire 16 lines
07-06 23:39:15.090   523   560 I chatty  : uid=1000(system) PackageManager expire 4 lines
07-06 23:39:21.928   372   372 I perfmonitord:StatUtil: CPUUtilization is at 5%
07-06 23:39:21.929   372   372 I perfmonitord:StatUtil: MemoryUtilization is at 64%
07-06 23:39:48.411   388   478 E storaged: getDiskStats failed with result NOT_SUPPORTED and size 0
07-06 23:40:48.412   388   478 E storaged: getDiskStats failed with result NOT_SUPPORTED and size 0
07-06 23:41:48.413   388   478 E storaged: getDiskStats failed with result NOT_SUPPORTED and size 0
07-06 23:42:48.413   388   478 E storaged: getDiskStats failed with result NOT_SUPPORTED and size 0
07-06 23:43:48.414   388   478 E storaged: getDiskStats failed with result NOT_SUPPORTED and size 0
07-06 23:44:48.415   388   478 E storaged: getDiskStats failed with result NOT_SUPPORTED and size 0
07-06 23:44:50.389   523  2623 I chatty  : uid=1000(system) Binder:523_1A expire 3 lines
07-06 23:45:19.294   523  2614 I chatty  : uid=1000(system) Binder:523_17 expire 4 lines
07-06 23:45:48.415   388   478 E storaged: getDiskStats failed with result NOT_SUPPORTED and size 0
07-06 23:46:48.416   388   478 E storaged: getDiskStats failed with result NOT_SUPPORTED and size 0
07-06 23:47:48.417   388   478 E storaged: getDiskStats failed with result NOT_SUPPORTED and size 0
07-06 23:48:48.417   388   478 E storaged: getDiskStats failed with result NOT_SUPPORTED and size 0
07-06 23:49:23.173   372   372 I perfmonitord:StatUtil: CPUUtilization is at 5%
07-06 23:49:23.173   372   372 I perfmonitord:StatUtil: MemoryUtilization is at 63%
07-06 23:49:28.970 11261 11261 I AmazonHdmiServiceManager: AmazonHdmiServiceManager created
07-06 23:49:48.418   388   478 E storaged: getDiskStats failed with result NOT_SUPPORTED and size 0
07-06 23:50:48.419   388   478 E storaged: getDiskStats failed with result NOT_SUPPORTED and size 0
07-06 23:51:48.419   388   478 E storaged: getDiskStats failed with result NOT_SUPPORTED and size 0
07-06 23:52:48.420   388   478 E storaged: getDiskStats failed with result NOT_SUPPORTED and size 0
07-06 23:53:48.421   388   478 E storaged: getDiskStats failed with result NOT_SUPPORTED and size 0
07-06 23:53:49.751   523   540 I chatty  : uid=1000(system) ActivityManager expire 1 line
07-06 23:53:49.984   523   620 I chatty  : uid=1000(system) InputDispatcher expire 1 line
07-06 23:53:49.998   523   621 I chatty  : uid=1000(system) InputReader expire 17 lines
07-06 23:53:50.069   523   552 I chatty  : uid=1000(system) SuspendToRamVen expire 1 line
07-06 23:53:50.079   523   677 I chatty  : uid=1000(system) AmazonProfileSe expire 4 lines
07-06 23:53:50.136   523   554 I chatty  : uid=1000(system) PowerManagerSer expire 5 lines
07-06 23:53:50.139  1688  1688 W ViewRootImpl[HomeActivity_vNext]: Dropping event due to no window focus: KeyEvent { action=ACTION_DOWN, keyCode=KEYCODE_DPAD_DOWN, scanCode=108, metaState=0, flags=0x8, repeatCount=0, eventTime=340773591, downTime=340773591, deviceId=6, source=0x301 }
07-06 23:53:50.196   523   558 I chatty  : uid=1000(system) android.anim expire 5 lines
07-06 23:53:50.200   523   691 I chatty  : uid=1000(system) AmazonUsageStat expire 3 lines
07-06 23:53:50.236   523   548 I chatty  : uid=1000(system) android.display expire 2 lines
07-06 23:53:50.370   523   617 I chatty  : uid=1000(system) UEventObserver expire 5 lines
07-06 23:53:50.739   523   681 I chatty  : uid=1000(system) AmazonHdmiServi expire 27 lines
07-06 23:53:50.803  1593  1593 I AmazonHdmiServiceManager: resolution applied and hdmi turned off
07-06 23:53:50.803  1593  1593 I AmazonHdmiServiceManager: MESSAGE: 
07-06 23:53:50.804  1553  1553 I AmazonHdmiServiceManager: resolution applied and hdmi turned off
07-06 23:53:50.804  1553  1553 I AmazonHdmiServiceManager: MESSAGE: 
07-06 23:53:50.804  1613  1613 I AmazonHdmiServiceManager: resolution applied and hdmi turned off
07-06 23:53:50.804  1613  1613 I AmazonHdmiServiceManager: MESSAGE: 
07-06 23:53:50.804   807   807 I AmazonHdmiServiceManager: resolution applied and hdmi turned off
07-06 23:53:50.804   807   807 I AmazonHdmiServiceManager: MESSAGE: 
07-06 23:53:50.807 11261 11261 I AmazonHdmiServiceManager: resolution applied and hdmi turned off
07-06 23:53:50.807 11261 11261 I AmazonHdmiServiceManager: MESSAGE: 
07-06 23:53:50.817  6884  6884 I AmazonHdmiServiceManager: resolution applied and hdmi turned off
07-06 23:53:50.817  6884  6884 I AmazonHdmiServiceManager: MESSAGE: 
07-06 23:53:51.203   523   523 I chatty  : uid=1000 system_server expire 12 lines
07-06 23:53:51.461  1688  1688 I AmazonHdmiServiceManager: resolution applied and hdmi turned off
07-06 23:53:51.461  1688  1688 I AmazonHdmiServiceManager: MESSAGE: 
07-06 23:53:51.721   372   372 I perfmonitord:StatUtil: CPUUtilization crossed 95%. Current - 96%
07-06 23:53:51.936   523   657 I chatty  : uid=1000(system) Hdmi Control Io expire 2 lines
07-06 23:53:53.167   523  1836 I chatty  : uid=1000(system) Binder:523_F expire 1 line
07-06 23:53:56.737   372   372 I perfmonitord:StatUtil: CPUUtilization now below 95%. Usage - 86%. Total milliseconds above threshold - 5000
07-06 23:53:58.739   523  3256 I chatty  : uid=1000(system) Binder:523_1F expire 2 lines
07-06 23:54:01.919   523  3257 I chatty  : uid=1000(system) Binder:523_20 expire 2 lines
07-06 23:54:02.068   523   541 I chatty  : uid=1000(system) android.ui expire 1 line
07-06 23:54:02.368   523   542 I chatty  : uid=1000(system) ActivityManager expire 10 lines
07-06 23:54:02.538   523  1321 I chatty  : uid=1000(system) Binder:523_8 expire 5 lines
07-06 23:54:13.839   389   389 I wificond: Received external scan result notification from kernel.
07-06 23:54:21.794   372   372 I perfmonitord:StatUtil: CPUUtilization crossed 95%. Current - 99%
07-06 23:54:21.814   523   621 I chatty  : uid=1000(system) InputReader expire 26 lines
07-06 23:54:23.359 11917 11990 E ActivityThread: Failed to find provider info for com.amazon.tv.channelscan
07-06 23:54:23.361 11917 11990 I chatty  : uid=10138(com.amazon.tv.livetv) identical 1 line
07-06 23:54:23.362 11917 11990 E ActivityThread: Failed to find provider info for com.amazon.tv.channelscan
07-06 23:54:23.996 11858 11858 I AmazonHdmiServiceManager: AmazonHdmiServiceManager created
07-06 23:54:24.630 12069 12069 I AmazonHdmiServiceManager: AmazonHdmiServiceManager created
07-06 23:54:24.636   523  1918 I chatty  : uid=1000(system) Binder:523_10 expire 1 line
07-06 23:54:24.865   523   542 I chatty  : uid=1000(system) ActivityManager expire 8 lines
07-06 23:54:25.124   523   523 I chatty  : uid=1000 system_server expire 9 lines
07-06 23:54:27.811   372   372 I perfmonitord:StatUtil: CPUUtilization now below 95%. Usage - 87%. Total milliseconds above threshold - 6000
07-06 23:54:29.814   372   372 I perfmonitord:StatUtil: CPUUtilization crossed 95%. Current - 97%
07-06 23:54:32.820   372   372 I perfmonitord:StatUtil: CPUUtilization now below 95%. Usage - 84%. Total milliseconds above threshold - 3000
07-06 23:54:33.874   523   621 I chatty  : uid=1000(system) InputReader expire 8 lines
07-06 23:54:38.342   523  1835 I chatty  : uid=1000(system) Binder:523_E expire 6 lines
07-06 23:54:39.227   523   542 I ActivityManager: Start proc 12350:com.amazon.tv.settings.core/1000 for service com.amazon.tv.settings.core/.service.SettingsCoreService
07-06 23:54:39.259   523   690 I RuntimePersistent: Set process com.amazon.device.software.ota to non persistent, maxAdj=1001
07-06 23:54:39.267   523   542 I ActivityManager: Start proc 12363:com.amazon.device.software.ota/u0a106 for service com.amazon.device.software.ota/.OtaService
07-06 23:54:39.287   523  2619 E WindowManager: App trying to use insecure INPUT_FEATURE_NO_INPUT_CHANNEL flag. Ignoring
07-06 23:54:39.301   523  2619 I AmazonProfileService: Event is not filtered because it is not in filter key list.
07-06 23:54:39.837   372   372 I perfmonitord:StatUtil: CPUUtilization crossed 95%. Current - 95%
07-06 23:54:39.930   523  1835 I ActivityManager: Process com.amazon.tv.devicecontrolsettings (pid 11435) has died: cch+3CEM 
07-06 23:54:40.028   523  1835 I ActivityManager: Process com.amazon.wirelessmetrics.service (pid 11557) has died: cch+3CEM 
07-06 23:54:40.494   523   621 I AmazonProfileService: Event is not filtered because it is not in filter key list.
07-06 23:54:40.554   523   621 I chatty  : uid=1000(system) InputReader identical 1 line
07-06 23:54:40.814   523   621 I AmazonProfileService: Event is not filtered because it is not in filter key list.
07-06 23:54:40.839   372   372 I perfmonitord:StatUtil: CPUUtilization now below 95%. Usage - 88%. Total milliseconds above threshold - 1000
07-06 23:54:40.934   523   621 I AmazonProfileService: Event is not filtered because it is not in filter key list.
07-06 23:54:45.873   523   621 I chatty  : uid=1000(system) InputReader identical 15 lines
07-06 23:54:45.994   523   621 I AmazonProfileService: Event is not filtered because it is not in filter key list.
07-06 23:54:46.131   523   523 W Looper  : Slow dispatch took 290ms main h=android.app.ActivityThread$H c=android.app.-$$Lambda$LoadedApk$ReceiverDispatcher$Args$_BumDX2UKsnxLVrE6UJsJZkotuA@739a372 m=0
07-06 23:54:46.131   523   523 W Looper  : Slow delivery took 294ms main h=android.app.ActivityThread$H c=android.app.-$$Lambda$LoadedApk$ReceiverDispatcher$Args$_BumDX2UKsnxLVrE6UJsJZkotuA@f8383c3 m=0
07-06 23:54:46.133   523   621 I AmazonProfileService: Event is not filtered because it is not in filter key list.
07-06 23:54:46.135   523   523 I AmazonInputSwitchService: Received package installation event for com.amazon.ceviche
07-06 23:54:46.254   523   621 I AmazonProfileService: Event is not filtered because it is not in filter key list.
07-06 23:54:46.460   523   523 W Looper  : Drained
07-06 23:54:46.634   523   539 W VoiceInteractionManagerService: no available voice interaction services found for user 0
07-06 23:54:48.094   523   621 I AmazonProfileService: Event is not filtered because it is not in filter key list.
07-06 23:54:48.154   523   621 I AmazonProfileService: Event is not filtered because it is not in filter key list.
07-06 23:54:48.429   388   478 E storaged: getDiskStats failed with result NOT_SUPPORTED and size 0
07-06 23:54:49.694   523   621 I AmazonProfileService: Event is not filtered because it is not in filter key list.
07-06 23:54:52.074   523   621 I chatty  : uid=1000(system) InputReader identical 12 lines
07-06 23:54:52.194   523   621 I AmazonProfileService: Event is not filtered because it is not in filter key list.
