07-06 23:59:50.225   523  2614 W BroadcastQueue: Background execution not allowed: receiving Intent { act=amazon.bluetooth.input.profile.action.BATTERY_LEVEL_UPDATE flg=0x4000010 (has extras) } to com.amazon.device.rdmapplication/.services.RemoteBatteryLevelReceiver
07-06 23:59:50.236   523   621 I AmazonProfileService: Event is not filtered because it is not in filter key list.
07-06 23:59:50.252   523  1832 I ActivityManager: START u0 {act=android.intent.action.VIEW (has data) cmp=com.amazon.venezia/.deeplink.UriMatchActivity} from uid 10055
07-06 23:59:50.259   523  1832 I AmazonProfileService: shouldAbortActivityStart() Package: xxx activity: xxx
07-06 23:59:50.265   523  1832 I AmazonProfileService: APS_V2 enabled in Arcus and mIsChildPINEnabled : false
07-06 23:59:50.265   523  1832 I AmazonProfileService: APS_V2 enabled in Arcus and mIsChildPINEnabled : false
07-06 23:59:50.265   523  1832 I AmazonProfileService: xxx is a system app, do not abort activity start.
07-06 23:59:50.265   523  1832 I AmazonProfileService: APS_V2 enabled in Arcus and mIsChildPINEnabled : false
07-06 23:59:50.440   523   691 W AmazonProfileService: Active profile for the package xxx not present for customer Id xxx
07-06 23:59:50.544   523  2637 I ActivityManager: START u0 {(has data) flg=0x8000 cmp=com.amazon.venezia/.grid.AppsGridLauncherActivity (has extras)} from uid 10112
07-06 23:59:50.544   523  2637 I AmazonProfileService: shouldAbortActivityStart() Package: xxx activity: xxx
07-06 23:59:50.545   523  2637 I AmazonProfileService: APS_V2 enabled in Arcus and mIsChildPINEnabled : false
07-06 23:59:50.545   523  2637 I AmazonProfileService: APS_V2 enabled in Arcus and mIsChildPINEnabled : false
07-06 23:59:50.545   523  2637 I AmazonProfileService: xxx is a system app, do not abort activity start.
07-06 23:59:50.545   523  2637 I AmazonProfileService: APS_V2 enabled in Arcus and mIsChildPINEnabled : false
07-06 23:59:50.609   523  2637 I AmazonProfileService: Event is not filtered because it is not in filter key list.
07-06 23:59:50.853   523   523 I NotificationService: Cannot find enqueued record for key: 0|com.amazon.alexa.externalmediaplayer.fireos|2261|null|10022
07-06 23:59:51.080   523  2637 E WindowManager: App trying to use insecure INPUT_FEATURE_NO_INPUT_CHANNEL flag. Ignoring
07-06 23:59:51.087   523  2637 I AmazonProfileService: Event is not filtered because it is not in filter key list.
07-06 23:59:51.901   523  2637 I ActivityManager: Process com.amazon.storm.lightning.services (pid 14207) has died: cch+3CEM 
07-06 23:59:52.487   372   372 I perfmonitord:StatUtil: CPUUtilization crossed 95%. Current - 98%
07-06 23:59:53.489   372   372 I perfmonitord:StatUtil: CPUUtilization now below 95%. Usage - 40%. Total milliseconds above threshold - 1000
07-06 23:59:54.397   523   621 I AmazonProfileService: Event is not filtered because it is not in filter key list.
07-06 23:59:58.576   523   621 I chatty  : uid=1000(system) InputReader identical 14 lines
07-06 23:59:58.636   523   621 I AmazonProfileService: Event is not filtered because it is not in filter key list.
07-06 23:59:58.642   523  1832 I ActivityManager: START u0 {act=android.intent.action.VIEW (has data) cmp=com.amazon.venezia/.pdi.AppLaunchActivity (has extras)} from uid 10112
07-06 23:59:58.643   523  1832 I AmazonProfileService: shouldAbortActivityStart() Package: xxx activity: xxx
07-06 23:59:58.644   523  1832 I AmazonProfileService: APS_V2 enabled in Arcus and mIsChildPINEnabled : false
07-06 23:59:58.644   523  1832 I AmazonProfileService: APS_V2 enabled in Arcus and mIsChildPINEnabled : false
07-06 23:59:58.646   523  1832 I AmazonProfileService: xxx is a system app, do not abort activity start.
07-06 23:59:58.646   523  1832 I AmazonProfileService: APS_V2 enabled in Arcus and mIsChildPINEnabled : false
07-06 23:59:58.650   523 15484 I ActivityManager: START u0 {act=android.intent.action.MAIN cat=[android.intent.category.LAUNCHER] flg=0x10000000 pkg=org.mu.app.telemu cmp=org.mu.app.telemu/org.kivy.android.PythonActivity (has extras)} from uid 1000
07-06 23:59:58.652   523 15484 I AmazonProfileService: shouldAbortActivityStart() Package: xxx activity: xxx
07-06 23:59:58.652   523 15484 I AmazonProfileService: APS_V2 enabled in Arcus and mIsChildPINEnabled : false
07-06 23:59:58.652   523 15484 I AmazonProfileService: APS_V2 enabled in Arcus and mIsChildPINEnabled : false
07-06 23:59:58.653   523 15484 I AmazonProfileService: shouldAbortActivityStart() not aborted
07-06 23:59:58.798   523   542 W ActivityManager: Slow operation: 69ms so far, now at startProcess: returned from zygote!
07-06 23:59:58.798   523   542 W ActivityManager: Slow operation: 69ms so far, now at startProcess: done updating battery stats
07-06 23:59:58.798   523   542 W ActivityManager: Slow operation: 69ms so far, now at startProcess: building log message
07-06 23:59:58.798   523   542 I ActivityManager: Start proc 15486:org.mu.app.telemu/u0a204 for activity org.mu.app.telemu/org.kivy.android.PythonActivity
07-06 23:59:58.798   523   542 W ActivityManager: Slow operation: 69ms so far, now at startProcess: starting to update pids map
07-06 23:59:58.798   523   542 W ActivityManager: Slow operation: 69ms so far, now at startProcess: done updating pids map
07-06 23:59:58.962   523   691 W AmazonProfileService: Active profile for the package xxx not present for customer Id xxx
07-06 23:59:58.977   523   548 I AmazonProfileService: Sending broadcast as the package is a non-enabled app
07-06 23:59:59.297   523  2637 E WindowManager: App trying to use insecure INPUT_FEATURE_NO_INPUT_CHANNEL flag. Ignoring
07-06 23:59:59.303   523  2637 I AmazonProfileService: Event is not filtered because it is not in filter key list.
07-07 00:00:00.056   523  1832 W BroadcastQueue: Background execution not allowed: receiving Intent { act=android.intent.action.DATE_CHANGED flg=0x20200010 } to com.amazon.bueller.photos/com.amazon.gallery.thor.thisday.SystemTimeChangedReceiver
07-07 00:00:02.249   523   523 W Looper  : Slow dispatch took 108ms main h=android.app.ActivityThread$H c=android.app.-$$Lambda$LoadedApk$ReceiverDispatcher$Args$_BumDX2UKsnxLVrE6UJsJZkotuA@6cc36c m=0
07-07 00:00:02.253   523   523 I AmazonInputSwitchService: Received package installation event for com.amazon.ceviche
07-07 00:00:02.314   523   769 E TaskPersister: File error accessing recents directory (directory doesn't exist?).
07-07 00:00:02.571   523   539 W VoiceInteractionManagerService: no available voice interaction services found for user 0
07-07 00:00:07.446   523  1832 I ActivityManager: Process org.mu.app.telemu (pid 15486) has died: fore TOP 
07-07 00:00:07.447   523  2629 I WindowManager: WIN DEATH: Window{f2e50d u0 org.mu.app.telemu/org.kivy.android.PythonActivity}
07-07 00:00:07.473   523  1832 W ActivityManager: Force removing ActivityRecord{432fc86 u0 org.mu.app.telemu/org.kivy.android.PythonActivity t2536}: app died, no saved state
07-07 00:00:07.538   523   548 W ActivityManager: setHasOverlayUi called on unknown pid: 15486
07-07 00:00:07.539   523   691 W AmazonProfileService: Active profile for the package xxx not present for customer Id xxx
07-07 00:00:07.622   523  1832 I AmazonProfileService: Event is not filtered because it is not in filter key list.
07-07 00:00:10.526   523   769 E TaskPersister: File error accessing recents directory (directory doesn't exist?).
07-07 00:00:21.898   523   621 I AmazonProfileService: Event is not filtered because it is not in filter key list.
07-07 00:00:21.980   523   621 I AmazonProfileService: Event is not filtered because it is not in filter key list.
07-07 00:00:22.012   523  2637 I ActivityManager: START u0 {act=ACTION_CONTEXT_MENU_SHOW cmp=com.amazon.venezia/com.amazon.tv.jarvisuilibrary.widget.contextmenu.ContextMenuActivity (has extras)} from uid 10112
07-07 00:00:22.013   523  2637 I AmazonProfileService: shouldAbortActivityStart() Package: xxx activity: xxx
07-07 00:00:22.013   523  2637 I AmazonProfileService: APS_V2 enabled in Arcus and mIsChildPINEnabled : false
07-07 00:00:22.013   523  2637 I AmazonProfileService: APS_V2 enabled in Arcus and mIsChildPINEnabled : false
07-07 00:00:22.014   523  2637 I AmazonProfileService: xxx is a system app, do not abort activity start.
07-07 00:00:22.014   523  2637 I AmazonProfileService: APS_V2 enabled in Arcus and mIsChildPINEnabled : false
07-07 00:00:22.150   523  2629 E WindowManager: App trying to use insecure INPUT_FEATURE_NO_INPUT_CHANNEL flag. Ignoring
07-07 00:00:22.154   523  2629 I AmazonProfileService: Event is not filtered because it is not in filter key list.
07-07 00:00:23.376   523   621 I AmazonProfileService: Event is not filtered because it is not in filter key list.
07-07 00:00:24.636   523   621 I chatty  : uid=1000(system) InputReader identical 4 lines
07-07 00:00:24.736   523   621 I AmazonProfileService: Event is not filtered because it is not in filter key list.
07-07 00:00:24.805   523  2637 I ActivityManager: START u0 {flg=0x2000000 cmp=com.amazon.venezia/.uninstall.UninstallActivity (has extras)} from uid 10112
07-07 00:00:24.805   523  2637 I AmazonProfileService: shouldAbortActivityStart() Package: xxx activity: xxx
07-07 00:00:24.806   523  2637 I AmazonProfileService: APS_V2 enabled in Arcus and mIsChildPINEnabled : false
07-07 00:00:24.806   523  2637 I AmazonProfileService: APS_V2 enabled in Arcus and mIsChildPINEnabled : false
07-07 00:00:24.806   523  2637 I AmazonProfileService: xxx is a system app, do not abort activity start.
07-07 00:00:24.806   523  2637 I AmazonProfileService: APS_V2 enabled in Arcus and mIsChildPINEnabled : false
07-07 00:00:24.870   523  2637 I AmazonProfileService: Event is not filtered because it is not in filter key list.
07-07 00:00:25.057   523  2629 E WindowManager: App trying to use insecure INPUT_FEATURE_NO_INPUT_CHANNEL flag. Ignoring
07-07 00:00:25.061   523  2637 I AmazonProfileService: Event is not filtered because it is not in filter key list.
07-07 00:00:25.340   523  2637 I ActivityManager: Process com.android.providers.downloads (pid 14997) has died: cch+3CEM 
07-07 00:00:25.359   523  2629 I ActivityManager: Process com.amazon.diode (pid 14870) has died: cch+3CEM 
07-07 00:00:25.624   523   769 E TaskPersister: File error accessing recents directory (directory doesn't exist?).
07-07 00:00:26.876   523   621 I AmazonProfileService: Event is not filtered because it is not in filter key list.
07-07 00:00:31.456   523   621 I chatty  : uid=1000(system) InputReader identical 2 lines
07-07 00:00:31.496   523   621 I AmazonProfileService: Event is not filtered because it is not in filter key list.
07-07 00:00:31.610   523  2637 I AmazonProfileService: Event is not filtered because it is not in filter key list.
07-07 00:00:31.976   523  2637 I ActivityManager: START u0 {act=android.intent.action.UNINSTALL_PACKAGE (has data) flg=0x10000000 cmp=com.android.packageinstaller/.UninstallerActivity (has extras)} from uid 10112
07-07 00:00:31.976   523  2637 I AmazonProfileService: shouldAbortActivityStart() Package: xxx activity: xxx
07-07 00:00:31.977   523  2637 I AmazonProfileService: APS_V2 enabled in Arcus and mIsChildPINEnabled : false
07-07 00:00:31.977   523  2637 I AmazonProfileService: APS_V2 enabled in Arcus and mIsChildPINEnabled : false
07-07 00:00:31.977   523  2637 I AmazonProfileService: xxx is a system app, do not abort activity start.
07-07 00:00:31.977   523  2637 I AmazonProfileService: APS_V2 enabled in Arcus and mIsChildPINEnabled : false
07-07 00:00:32.081   523   542 I ActivityManager: Start proc 15546:com.android.packageinstaller/u0a125 for activity com.android.packageinstaller/.UninstallerActivity
07-07 00:00:32.158   523   691 W AmazonProfileService: Active profile for the package xxx not present for customer Id xxx
07-07 00:00:32.364   523  2637 E WindowManager: App trying to use insecure INPUT_FEATURE_NO_INPUT_CHANNEL flag. Ignoring
07-07 00:00:32.368   523  2637 I AmazonProfileService: Event is not filtered because it is not in filter key list.
07-07 00:00:33.577   523   621 I AmazonProfileService: Event is not filtered because it is not in filter key list.
07-07 00:00:33.676   523   621 I AmazonProfileService: Event is not filtered because it is not in filter key list.
07-07 00:00:33.683   523  2637 I ActivityManager: START u0 {act=android.intent.action.VIEW cmp=com.android.packageinstaller/.television.UninstallAppProgress (has extras)} from uid 10125
07-07 00:00:33.683   523  2637 I AmazonProfileService: shouldAbortActivityStart() Package: xxx activity: xxx
07-07 00:00:33.683   523  2637 I AmazonProfileService: APS_V2 enabled in Arcus and mIsChildPINEnabled : false
07-07 00:00:33.684   523  2637 I AmazonProfileService: APS_V2 enabled in Arcus and mIsChildPINEnabled : false
07-07 00:00:33.684   523  2637 I AmazonProfileService: xxx is a system app, do not abort activity start.
07-07 00:00:33.684   523  2637 I AmazonProfileService: APS_V2 enabled in Arcus and mIsChildPINEnabled : false
07-07 00:00:33.739   523   540 I ActivityManager: Force stopping org.mu.app.telemu appid=10204 user=0: deletePackageX
07-07 00:00:33.753   523  2637 E WindowManager: App trying to use insecure INPUT_FEATURE_NO_INPUT_CHANNEL flag. Ignoring
07-07 00:00:33.759   523  1074 I AmazonProfileService: Event is not filtered because it is not in filter key list.
07-07 00:00:33.875   523  1058 I ActivityManager: Process com.amazon.prism.android.service:remote (pid 14500) has died: cch+3CEM 
07-07 00:00:33.930   523  2637 I ActivityManager: Process com.amazon.storage.manager (pid 15023) has died: cch+3CEM 
07-07 00:00:34.244   523   560 W PackageSettings: Skipping PackageSetting{6534a78 com.ta.livetv/10203} due to missing metadata
07-07 00:00:34.245   523   560 W PackageSettings: Skipping PackageSetting{2f77551 com.gameloft.android.AMAZ.GloftA8AS/10174} due to missing metadata
07-07 00:00:34.245   523   560 W PackageSettings: Skipping PackageSetting{6c1d1b6 com.vectorunit.purple.amazon/10175} due to missing metadata
07-07 00:00:34.248   523   560 W PackageSettings: Skipping PackageSetting{72feeb7 com.koushikdutta.cast.receiver/10053} due to missing metadata
07-07 00:00:34.497   523  2637 I ActivityManager: Process com.android.defcontainer (pid 14141) has died: cch+3CEM 
07-07 00:00:34.634   523   691 W AmazonProfileService: Active profile for the package xxx not present for customer Id xxx
07-07 00:00:34.644   523   560 I ActivityManager: Force stopping org.mu.app.telemu appid=10204 user=0: pkg removed
07-07 00:00:34.665   523   540 W BroadcastQueue: Background execution not allowed: receiving Intent { act=android.intent.action.PACKAGE_REMOVED (has data) flg=0x4000010 (has extras) } to com.amazon.venezia/com.amazon.juggler.settings.AppEventReceiver
07-07 00:00:34.666   523  2584 I AmazonProfileService: Event is not filtered because it is not in filter key list.
07-07 00:00:34.684   523   540 W BroadcastQueue: Background execution not allowed: receiving Intent { act=android.intent.action.PACKAGE_REMOVED (has data) flg=0x4000010 (has extras) } to com.amazon.adep/.analyzers.PackageEventReceiver
07-07 00:00:34.684   523   540 W BroadcastQueue: Background execution not allowed: receiving Intent { act=android.intent.action.PACKAGE_REMOVED (has data) flg=0x4000010 (has extras) } to com.amazon.alexa.externalmediaplayer.fireos/com.amazon.alexa.externalmediaplayeragent.receivers.AgentServiceProxyingBroadcastReceiver
07-07 00:00:34.691   523   542 W ActivityManager: Slow operation: 52ms so far, now at startProcess: returned from zygote!
07-07 00:00:34.691   523   542 W ActivityManager: Slow operation: 52ms so far, now at startProcess: done updating battery stats
07-07 00:00:34.691   523   542 W ActivityManager: Slow operation: 52ms so far, now at startProcess: building log message
07-07 00:00:34.691   523   542 I ActivityManager: Start proc 15576:com.android.defcontainer/u0a68 for service com.android.defcontainer/.DefaultContainerService
07-07 00:00:34.691   523   542 W ActivityManager: Slow operation: 52ms so far, now at startProcess: starting to update pids map
07-07 00:00:34.691   523   542 W ActivityManager: Slow operation: 52ms so far, now at startProcess: done updating pids map
07-07 00:00:34.743   523   769 E TaskPersister: File error accessing recents directory (directory doesn't exist?).
07-07 00:00:34.745   523  1058 W BroadcastQueue: Background execution not allowed: receiving Intent { act=android.intent.action.PACKAGE_REMOVED (has data) flg=0x4000010 (has extras) } to com.amazon.identity.auth.device.authorization/.appsync.PackageChangedReceiver
07-07 00:00:34.783   523   542 I ActivityManager: Start proc 15589:com.android.keychain/1000 for service com.android.keychain/.KeyChainService
07-07 00:00:34.828   523   542 W ActivityManager: Slow operation: 60ms so far, now at startProcess: returned from zygote!
07-07 00:00:34.870   523   542 W ActivityManager: Slow operation: 60ms so far, now at startProcess: done updating battery stats
07-07 00:00:34.874   523   542 W ActivityManager: Slow operation: 106ms so far, now at startProcess: building log message
07-07 00:00:34.875   523   542 I ActivityManager: Start proc 15597:com.amazon.storm.lightning.services/u0a9 for broadcast com.amazon.storm.lightning.services/.broadcastreceivers.AppUpdateReceiver
07-07 00:00:34.875   523   542 W ActivityManager: Slow operation: 107ms so far, now at startProcess: starting to update pids map
07-07 00:00:34.875   523   542 W ActivityManager: Slow operation: 107ms so far, now at startProcess: done updating pids map
07-07 00:00:34.894   523   523 W Looper  : Slow dispatch took 156ms main h=android.app.ActivityThread$H c=android.app.-$$Lambda$LoadedApk$ReceiverDispatcher$Args$_BumDX2UKsnxLVrE6UJsJZkotuA@3b5827b m=0
07-07 00:00:34.907   523   523 W Looper  : Slow delivery took 233ms main h=android.app.ActivityThread$H c=android.app.-$$Lambda$LoadedApk$ReceiverDispatcher$Args$_BumDX2UKsnxLVrE6UJsJZkotuA@1a298f1 m=0
07-07 00:00:34.968   523   523 I ConditionProviders: Disallowing condition provider org.mu.app.telemu
07-07 00:00:34.987   523   523 I AmazonInputSwitchService: Received package deletion event for org.mu.app.telemu
07-07 00:00:35.006   523   523 W ContextImpl: Calling a method in the system process without a qualified user: android.app.ContextImpl.sendBroadcast:1064 com.amazon.android.service.pm.AmazonPackageManagerService$PackageInstalledOrRemovedReceiver.onReceive:108 android.app.LoadedApk$ReceiverDispatcher$Args.lambda$getRunnable$0:1422 android.app.-$$Lambda$LoadedApk$ReceiverDispatcher$Args$_BumDX2UKsnxLVrE6UJsJZkotuA.run:2 android.os.Handler.handleCallback:873 
07-07 00:00:35.331   523   523 W Looper  : Drained
07-07 00:00:35.580   372   372 I perfmonitord:StatUtil: CPUUtilization crossed 95%. Current - 96%
07-07 00:00:35.825   523   539 W TextServicesManagerService: no available spell checker services found
07-07 00:00:35.931   523   539 E EspressoShotCallback: android.content.pm.PackageManager$NameNotFoundException: org.mu.app.telemu
07-07 00:00:36.001   523  2637 W BroadcastQueue: Background execution not allowed: receiving Intent { act=android.intent.action.PACKAGE_REMOVED (has data) flg=0x4000010 (has extras) } to com.amazon.venezia/.card.producer.CardProducerReceiver
07-07 00:00:36.005   523   540 W BroadcastQueue: Background execution not allowed: receiving Intent { act=android.intent.action.PACKAGE_REMOVED (has data) flg=0x4000010 (has extras) } to com.amazon.venezia/com.amazon.mas.client.appupdateservice.PackageStateReceiver
07-07 00:00:36.005   523   540 W BroadcastQueue: Background execution not allowed: receiving Intent { act=android.intent.action.PACKAGE_REMOVED (has data) flg=0x4000010 (has extras) } to com.amazon.venezia/com.amazon.mas.client.autodeliver.preload.receiver.PreloadBroadcastReceiver
07-07 00:00:36.005   523   540 W BroadcastQueue: Background execution not allowed: receiving Intent { act=android.intent.action.PACKAGE_REMOVED (has data) flg=0x4000010 (has extras) } to com.amazon.venezia/com.amazon.mas.client.apps.AppManagerBroadcastReceiver
07-07 00:00:36.006   523   540 W BroadcastQueue: Background execution not allowed: receiving Intent { act=android.intent.action.PACKAGE_REMOVED (has data) flg=0x4000010 (has extras) } to com.amazon.venezia/com.amazon.mas.client.apps.order.LibraryOrderReceiver
07-07 00:00:36.006   523   540 W BroadcastQueue: Background execution not allowed: receiving Intent { act=android.intent.action.PACKAGE_REMOVED (has data) flg=0x4000010 (has extras) } to com.amazon.venezia/.pdi.UninstallReceiver
07-07 00:00:36.006   523   540 W BroadcastQueue: Background execution not allowed: receiving Intent { act=android.intent.action.PACKAGE_REMOVED (has data) flg=0x4000010 (has extras) } to com.amazon.venezia/com.amazon.ftvxp.service.PackageStateChangedReceiver
07-07 00:00:36.006   523   540 W BroadcastQueue: Background execution not allowed: receiving Intent { act=android.intent.action.PACKAGE_REMOVED (has data) flg=0x4000010 (has extras) } to com.amazon.vizzini/com.amazon.alexa.androidapplicationagent.receivers.CommonServiceProxyingBroadcastReceiver
07-07 00:00:36.199   523   542 I ActivityManager: Start proc 15654:com.amazon.alexa.datastore.app/u0a211 for broadcast com.amazon.alexa.datastore.app/com.amazon.datastore.receivers.PackageOperationsReceiver
07-07 00:00:36.554   523   542 I ActivityManager: Start proc 15693:com.android.documentsui/u0a121 for broadcast com.android.documentsui/.PackageReceiver
07-07 00:00:36.583   372   372 I perfmonitord:StatUtil: CPUUtilization now below 95%. Usage - 90%. Total milliseconds above threshold - 1000
07-07 00:00:36.714   523   542 I ActivityManager: Start proc 15717:com.android.externalstorage/u0a145 for content provider com.android.externalstorage/.ExternalStorageProvider
07-07 00:00:36.757   523   542 I ActivityManager: Start proc 15732:com.android.providers.tv/u0a123 for broadcast com.android.providers.tv/.PackageRemovedReceiver
07-07 00:00:36.899   523   542 I ActivityManager: Start proc 15755:com.android.providers.downloads/u0a122 for content provider com.android.providers.downloads/.DownloadStorageProvider
07-07 00:00:37.025   523   542 I ActivityManager: Start proc 15775:android.process.media/u0a69 for content provider com.android.providers.media/.MediaDocumentsProvider
07-07 00:00:48.451   388   478 E storaged: getDiskStats failed with result NOT_SUPPORTED and size 0
07-07 00:00:51.004   523   540 I ActivityManager: Waited long enough for: ServiceRecord{4983d58 u0 com.amazon.storm.lightning.services/.LightningWPServer}
07-07 00:01:37.095   523   540 W ActivityManager: Stopping service due to app idle: u0a22 -2m47s93ms com.amazon.alexa.externalmediaplayer.fireos/com.amazon.alexa.externalmediaplayeragent.ExternalMediaPlayerAgentService
07-07 00:01:37.122 14298 14298 E ActivityThread: Service com.amazon.alexa.externalmediaplayeragent.ExternalMediaPlayerAgentService has leaked ServiceConnection amazon.speech.simclient.event.EventClient$1@5d6072 that was originally bound here
07-07 00:01:37.122 14298 14298 E ActivityThread: android.app.ServiceConnectionLeaked: Service com.amazon.alexa.externalmediaplayeragent.ExternalMediaPlayerAgentService has leaked ServiceConnection amazon.speech.simclient.event.EventClient$1@5d6072 that was originally bound here
07-07 00:01:37.122 14298 14298 E ActivityThread: 	at android.app.LoadedApk$ServiceDispatcher.<init>(LoadedApk.java:1641)
07-07 00:01:37.122 14298 14298 E ActivityThread: 	at android.app.LoadedApk.getServiceDispatcher(LoadedApk.java:1533)
07-07 00:01:37.122 14298 14298 E ActivityThread: 	at android.app.ContextImpl.bindServiceCommon(ContextImpl.java:1703)
07-07 00:01:37.122 14298 14298 E ActivityThread: 	at android.app.ContextImpl.bindService(ContextImpl.java:1656)
07-07 00:01:37.122 14298 14298 E ActivityThread: 	at android.content.ContextWrapper.bindService(ContextWrapper.java:698)
07-07 00:01:37.122 14298 14298 E ActivityThread: 	at amazon.speech.simclient.common.ServiceConnectionManager.bindCommon(ServiceConnectionManager.java:325)
07-07 00:01:37.122 14298 14298 E ActivityThread: 	at amazon.speech.simclient.common.AsyncServiceConnectionManager$1.run(AsyncServiceConnectionManager.java:78)
07-07 00:01:37.122 14298 14298 E ActivityThread: 	at java.util.concurrent.ThreadPoolExecutor.runWorker(ThreadPoolExecutor.java:1167)
07-07 00:01:37.122 14298 14298 E ActivityThread: 	at java.util.concurrent.ThreadPoolExecutor$Worker.run(ThreadPoolExecutor.java:641)
07-07 00:01:37.122 14298 14298 E ActivityThread: 	at java.lang.Thread.run(Thread.java:764)
07-07 00:01:37.129 14298 14298 E ActivityThread: Service com.amazon.alexa.externalmediaplayeragent.ExternalMediaPlayerAgentService has leaked ServiceConnection amazon.speech.simclient.directive.DirectiveClient$2@9f694cd that was originally bound here
07-07 00:01:37.129 14298 14298 E ActivityThread: android.app.ServiceConnectionLeaked: Service com.amazon.alexa.externalmediaplayeragent.ExternalMediaPlayerAgentService has leaked ServiceConnection amazon.speech.simclient.directive.DirectiveClient$2@9f694cd that was originally bound here
07-07 00:01:37.129 14298 14298 E ActivityThread: 	at android.app.LoadedApk$ServiceDispatcher.<init>(LoadedApk.java:1641)
07-07 00:01:37.129 14298 14298 E ActivityThread: 	at android.app.LoadedApk.getServiceDispatcher(LoadedApk.java:1533)
07-07 00:01:37.129 14298 14298 E ActivityThread: 	at android.app.ContextImpl.bindServiceCommon(ContextImpl.java:1703)
07-07 00:01:37.129 14298 14298 E ActivityThread: 	at android.app.ContextImpl.bindService(ContextImpl.java:1656)
07-07 00:01:37.129 14298 14298 E ActivityThread: 	at android.content.ContextWrapper.bindService(ContextWrapper.java:698)
07-07 00:01:37.129 14298 14298 E ActivityThread: 	at amazon.speech.simclient.common.ServiceConnectionManager.bindCommon(ServiceConnectionManager.java:325)
07-07 00:01:37.129 14298 14298 E ActivityThread: 	at amazon.speech.simclient.common.AsyncServiceConnectionManager$1.run(AsyncServiceConnectionManager.java:78)
07-07 00:01:37.129 14298 14298 E ActivityThread: 	at java.util.concurrent.ThreadPoolExecutor.runWorker(ThreadPoolExecutor.java:1167)
07-07 00:01:37.129 14298 14298 E ActivityThread: 	at java.util.concurrent.ThreadPoolExecutor$Worker.run(ThreadPoolExecutor.java:641)
07-07 00:01:37.129 14298 14298 E ActivityThread: 	at java.lang.Thread.run(Thread.java:764)
07-07 00:01:37.137 14298 14298 E ActivityThread: Service com.amazon.alexa.externalmediaplayeragent.ExternalMediaPlayerAgentService has leaked ServiceConnection amazon.speech.simclient.context.ContextClient$1@b57ee55 that was originally bound here
07-07 00:01:37.137 14298 14298 E ActivityThread: android.app.ServiceConnectionLeaked: Service com.amazon.alexa.externalmediaplayeragent.ExternalMediaPlayerAgentService has leaked ServiceConnection amazon.speech.simclient.context.ContextClient$1@b57ee55 that was originally bound here
07-07 00:01:37.137 14298 14298 E ActivityThread: 	at android.app.LoadedApk$ServiceDispatcher.<init>(LoadedApk.java:1641)
07-07 00:01:37.137 14298 14298 E ActivityThread: 	at android.app.LoadedApk.getServiceDispatcher(LoadedApk.java:1533)
07-07 00:01:37.137 14298 14298 E ActivityThread: 	at android.app.ContextImpl.bindServiceCommon(ContextImpl.java:1703)
07-07 00:01:37.137 14298 14298 E ActivityThread: 	at android.app.ContextImpl.bindService(ContextImpl.java:1656)
07-07 00:01:37.137 14298 14298 E ActivityThread: 	at android.content.ContextWrapper.bindService(ContextWrapper.java:698)
07-07 00:01:37.137 14298 14298 E ActivityThread: 	at amazon.speech.simclient.common.ServiceConnectionManager.bindCommon(ServiceConnectionManager.java:325)
07-07 00:01:37.137 14298 14298 E ActivityThread: 	at amazon.speech.simclient.common.AsyncServiceConnectionManager$1.run(AsyncServiceConnectionManager.java:78)
07-07 00:01:37.137 14298 14298 E ActivityThread: 	at java.util.concurrent.ThreadPoolExecutor.runWorker(ThreadPoolExecutor.java:1167)
07-07 00:01:37.137 14298 14298 E ActivityThread: 	at java.util.concurrent.ThreadPoolExecutor$Worker.run(ThreadPoolExecutor.java:641)
07-07 00:01:37.137 14298 14298 E ActivityThread: 	at java.lang.Thread.run(Thread.java:764)
07-07 00:01:37.143 14298 14298 E ActivityThread: Service com.amazon.alexa.externalmediaplayeragent.ExternalMediaPlayerAgentService has leaked ServiceConnection amazon.speech.simclient.focus.ExplicitFocusClient$1@f5db50c that was originally bound here
07-07 00:01:37.143 14298 14298 E ActivityThread: android.app.ServiceConnectionLeaked: Service com.amazon.alexa.externalmediaplayeragent.ExternalMediaPlayerAgentService has leaked ServiceConnection amazon.speech.simclient.focus.ExplicitFocusClient$1@f5db50c that was originally bound here
07-07 00:01:37.143 14298 14298 E ActivityThread: 	at android.app.LoadedApk$ServiceDispatcher.<init>(LoadedApk.java:1641)
07-07 00:01:37.143 14298 14298 E ActivityThread: 	at android.app.LoadedApk.getServiceDispatcher(LoadedApk.java:1533)
07-07 00:01:37.143 14298 14298 E ActivityThread: 	at android.app.ContextImpl.bindServiceCommon(ContextImpl.java:1703)
07-07 00:01:37.143 14298 14298 E ActivityThread: 	at android.app.ContextImpl.bindService(ContextImpl.java:1656)
07-07 00:01:37.143 14298 14298 E ActivityThread: 	at android.content.ContextWrapper.bindService(ContextWrapper.java:698)
07-07 00:01:37.143 14298 14298 E ActivityThread: 	at amazon.speech.simclient.common.ServiceConnectionManager.bindCommon(ServiceConnectionManager.java:325)
07-07 00:01:37.143 14298 14298 E ActivityThread: 	at amazon.speech.simclient.common.AsyncServiceConnectionManager$1.run(AsyncServiceConnectionManager.java:78)
07-07 00:01:37.143 14298 14298 E ActivityThread: 	at java.util.concurrent.ThreadPoolExecutor.runWorker(ThreadPoolExecutor.java:1167)
07-07 00:01:37.143 14298 14298 E ActivityThread: 	at java.util.concurrent.ThreadPoolExecutor$Worker.run(ThreadPoolExecutor.java:641)
07-07 00:01:37.143 14298 14298 E ActivityThread: 	at java.lang.Thread.run(Thread.java:764)
07-07 00:01:38.792   523   611 W ActivityManager: Background start not allowed: service Intent { act=com.android.providers.tv.intent.CLEAN_UP_EPG_DATA flg=0x4 cmp=com.android.providers.tv/.EpgDataCleanupService (has extras) } to com.android.providers.tv/.EpgDataCleanupService from pid=-1 uid=10123 pkg=com.android.providers.tv startFg?=false
07-07 00:01:41.428   523   540 W BroadcastQueue: Skipping deliver [background] BroadcastRecord{2927fc0 u-1 android.net.conn.CONNECTIVITY_CHANGE} to ReceiverList{9cd14f9 15823 (unknown name)/2000/u-1 remote:3baa2f2}: process gone or crashing
07-07 00:01:48.453   388   478 E storaged: getDiskStats failed with result NOT_SUPPORTED and size 0
07-07 00:02:03.320   523  2637 I ActivityManager: START u0 {flg=0x10000000 cmp=org.mu.app.telemu/org.kivy.android.PythonActivity} from uid 2000
07-07 00:02:21.453   523   542 I ActivityManager: Start proc 15844:it.rainet.androidtv/u0a183 for service it.rainet.androidtv/androidx.work.impl.background.systemjob.SystemJobService
07-07 00:02:23.461   807   807 W ContextImpl: Calling a method in the system process without a qualified user: android.app.ContextImpl.sendBroadcast:1064 android.content.ContextWrapper.sendBroadcast:449 com.amazon.tifobserver.LiveTvObserver.broadcastChannelListChange:157 com.amazon.tifobserver.LiveTvObserver.access$100:18 com.amazon.tifobserver.LiveTvObserver$1.run:111 
07-07 00:02:23.464   807   807 W ContextImpl: Calling a method in the system process without a qualified user: android.app.ContextImpl.sendBroadcast:1064 android.content.ContextWrapper.sendBroadcast:449 com.amazon.tifobserver.LiveTvObserver.broadcastChannelListChange:161 com.amazon.tifobserver.LiveTvObserver.access$100:18 com.amazon.tifobserver.LiveTvObserver$1.run:111 
07-07 00:02:23.487   523   542 I ActivityManager: Start proc 15926:com.amazon.tv.livetv/u0a138 for broadcast com.amazon.tv.livetv/com.amazon.livetv.contentservice.sync.StationListChangeReceiver
07-07 00:02:24.131   523  2584 I AmazonProfileService: Registering callback
07-07 00:02:24.176   523   542 I ActivityManager: Start proc 15974:com.amazon.prism.android.service:remote/u0a91 for service com.amazon.prism.android.service/.PrismService
07-07 00:02:24.779 15926 15959 E ActivityThread: Failed to find provider info for com.amazon.tv.channelscan
07-07 00:02:24.781 15926 15959 I chatty  : uid=10138(com.amazon.tv.livetv) card-producer-i identical 1 line
07-07 00:02:24.786 15926 15959 E ActivityThread: Failed to find provider info for com.amazon.tv.channelscan
07-07 00:02:24.912   523  3255 I ActivityManager: Process com.android.keychain (pid 15589) has died: cch+3CEM 
07-07 00:02:24.987   523  2637 I ActivityManager: Process com.android.defcontainer (pid 15576) has died: cch+3CEM 
07-07 00:02:26.847   523   542 I ActivityManager: Start proc 16049:com.amazon.providers.tv/u0a43 for content provider com.amazon.providers.tv/.FireTvProvider
07-07 00:02:27.364   523  2584 I ActivityManager: Process com.amazon.storm.lightning.services (pid 15597) has died: cch+3CEM 
07-07 00:02:27.433   523  2637 I ActivityManager: Process com.android.documentsui (pid 15693) has died: cch+3CEM 
07-07 00:02:48.455   388   478 E storaged: getDiskStats failed with result NOT_SUPPORTED and size 0
07-07 00:03:42.350   523   542 W ActivityManager: Slow operation: 60ms so far, now at startProcess: returned from zygote!
07-07 00:03:42.350   523   542 W ActivityManager: Slow operation: 60ms so far, now at startProcess: done updating battery stats
07-07 00:03:42.350   523   542 W ActivityManager: Slow operation: 60ms so far, now at startProcess: building log message
07-07 00:03:42.350   523   542 I ActivityManager: Start proc 16079:com.android.defcontainer/u0a68 for service com.android.defcontainer/.DefaultContainerService
07-07 00:03:42.350   523   542 W ActivityManager: Slow operation: 60ms so far, now at startProcess: starting to update pids map
07-07 00:03:42.350   523   542 W ActivityManager: Slow operation: 60ms so far, now at startProcess: done updating pids map
07-07 00:03:43.285   523   560 W AmazonProtectionLevel: Using stock call, please migrate to new permissions amazon.aosp.permission.INTERACT_ACROSS_USERS_FULL or com.amazon.permission.INTERACT_ACROSS_USERS_FULL for package com.amazon.alexamediaplayer.runtime.ftv
07-07 00:03:43.296   523   560 W AmazonProtectionLevel: Using stock call, please migrate to new permissions amazon.aosp.permission.INTERACT_ACROSS_USERS_FULL or com.amazon.permission.INTERACT_ACROSS_USERS_FULL for package com.amazon.tigris
07-07 00:03:43.302   523   560 W AmazonProtectionLevel: Using stock call, please migrate to new permissions amazon.aosp.permission.INTERACT_ACROSS_USERS_FULL or com.amazon.permission.INTERACT_ACROSS_USERS_FULL for package com.amazon.tv.consents
07-07 00:03:43.303   523   560 W AmazonProtectionLevel: Using stock call, please migrate to new permissions amazon.aosp.permission.INTERACT_ACROSS_USERS_FULL or com.amazon.permission.INTERACT_ACROSS_USERS_FULL for package com.amazon.venezia
07-07 00:03:43.310   523   560 W AmazonProtectionLevel: Using stock call, please migrate to new permissions amazon.aosp.permission.INTERACT_ACROSS_USERS_FULL or com.amazon.permission.INTERACT_ACROSS_USERS_FULL for package com.amazon.ftv.xpicker
07-07 00:03:43.314   523   560 W AmazonProtectionLevel: Using stock call, please migrate to new permissions amazon.aosp.permission.INTERACT_ACROSS_USERS_FULL or com.amazon.permission.INTERACT_ACROSS_USERS_FULL for package com.amazon.vizzini
07-07 00:03:43.323   523   560 W AmazonProtectionLevel: Using stock call, please migrate to new permissions amazon.aosp.permission.INTERACT_ACROSS_USERS_FULL or com.amazon.permission.INTERACT_ACROSS_USERS_FULL for package com.amazon.bueller.photos
07-07 00:03:43.330   523   560 W AmazonProtectionLevel: Using stock call, please migrate to new permissions amazon.aosp.permission.INTERACT_ACROSS_USERS_FULL or com.amazon.permission.INTERACT_ACROSS_USERS_FULL for package com.amazon.dpcclient
07-07 00:03:43.335   523   560 W AmazonProtectionLevel: Using stock call, please migrate to new permissions amazon.aosp.permission.INTERACT_ACROSS_USERS_FULL or com.amazon.permission.INTERACT_ACROSS_USERS_FULL for package com.amazon.alta.h2clientservice
07-07 00:03:43.340   523   560 W AmazonProtectionLevel: Using stock call, please migrate to new permissions amazon.aosp.permission.INTERACT_ACROSS_USERS_FULL or com.amazon.permission.INTERACT_ACROSS_USERS_FULL for package com.amazon.ftv.screensaver
07-07 00:03:43.343   523   560 W AmazonProtectionLevel: Using stock call, please migrate to new permissions amazon.aosp.permission.INTERACT_ACROSS_USERS_FULL or com.amazon.permission.INTERACT_ACROSS_USERS_FULL for package com.amazon.ods.kindleconnect
07-07 00:03:43.348   523   560 W AmazonProtectionLevel: Using stock call, please migrate to new permissions amazon.aosp.permission.INTERACT_ACROSS_USERS_FULL or com.amazon.permission.INTERACT_ACROSS_USERS_FULL for package com.amazon.sharingservice.android.client.proxy
07-07 00:03:43.351   523   560 W AmazonProtectionLevel: Using stock call, please migrate to new permissions amazon.aosp.permission.INTERACT_ACROSS_USERS_FULL or com.amazon.permission.INTERACT_ACROSS_USERS_FULL for package com.amazon.prism.android.service
07-07 00:03:43.354   523   560 W AmazonProtectionLevel: Using stock call, please migrate to new permissions amazon.aosp.permission.INTERACT_ACROSS_USERS_FULL or com.amazon.permission.INTERACT_ACROSS_USERS_FULL for package com.amazon.dialservice
07-07 00:03:43.355   523   560 W AmazonProtectionLevel: Using stock call, please migrate to new permissions amazon.aosp.permission.INTERACT_ACROSS_USERS_FULL or com.amazon.permission.INTERACT_ACROSS_USERS_FULL for package com.amazon.client.metrics.api
07-07 00:03:43.358   523   560 W AmazonProtectionLevel: Using stock call, please migrate to new permissions amazon.aosp.permission.INTERACT_ACROSS_USERS_FULL or com.amazon.permission.INTERACT_ACROSS_USERS_FULL for package com.amazon.ale
07-07 00:03:43.361   523   560 W AmazonProtectionLevel: Using stock call, please migrate to new permissions amazon.aosp.permission.INTERACT_ACROSS_USERS_FULL or com.amazon.permission.INTERACT_ACROSS_USERS_FULL for package com.amazon.dcp
07-07 00:03:43.362   523   560 W AmazonProtectionLevel: Using stock call, please migrate to new permissions amazon.aosp.permission.INTERACT_ACROSS_USERS_FULL or com.amazon.permission.INTERACT_ACROSS_USERS_FULL for package com.amazon.imp
07-07 00:03:43.369   523   560 W AmazonProtectionLevel: Using stock call, please migrate to new permissions amazon.aosp.permission.INTERACT_ACROSS_USERS_FULL or com.amazon.permission.INTERACT_ACROSS_USERS_FULL for package com.amazon.tv.settings.v2
07-07 00:03:43.380   523   560 W AmazonProtectionLevel: Using stock call, please migrate to new permissions amazon.aosp.permission.INTERACT_ACROSS_USERS_FULL or com.amazon.permission.INTERACT_ACROSS_USERS_FULL for package com.amazon.tv.csapp
07-07 00:03:43.383   523   560 W AmazonProtectionLevel: Using stock call, please migrate to new permissions amazon.aosp.permission.INTERACT_ACROSS_USERS_FULL or com.amazon.permission.INTERACT_ACROSS_USERS_FULL for package com.amazon.diode
07-07 00:03:43.385   523   560 W AmazonProtectionLevel: Using stock call, please migrate to new permissions amazon.aosp.permission.INTERACT_ACROSS_USERS_FULL or com.amazon.permission.INTERACT_ACROSS_USERS_FULL for package com.amazon.logan
07-07 00:03:43.388   523   560 W AmazonProtectionLevel: Using stock call, please migrate to new permissions amazon.aosp.permission.INTERACT_ACROSS_USERS_FULL or com.amazon.permission.INTERACT_ACROSS_USERS_FULL for package com.amazon.tahoe
07-07 00:03:43.393   523   560 W AmazonProtectionLevel: Using stock call, please migrate to new permissions amazon.aosp.permission.INTERACT_ACROSS_USERS_FULL or com.amazon.permission.INTERACT_ACROSS_USERS_FULL for package com.amazon.tcomm
07-07 00:03:43.412   523   560 W AmazonProtectionLevel: Using stock call, please migrate to new permissions amazon.aosp.permission.INTERACT_ACROSS_USERS_FULL or com.amazon.permission.INTERACT_ACROSS_USERS_FULL for package com.amazon.device.messaging
07-07 00:03:43.417   523   560 W AmazonProtectionLevel: Using stock call, please migrate to new permissions amazon.aosp.permission.INTERACT_ACROSS_USERS_FULL or com.amazon.permission.INTERACT_ACROSS_USERS_FULL for package com.amazon.ftv.profilepicker
07-07 00:03:43.420   523   560 W AmazonProtectionLevel: Using stock call, please migrate to new permissions amazon.aosp.permission.INTERACT_ACROSS_USERS_FULL or com.amazon.permission.INTERACT_ACROSS_USERS_FULL for package com.amazon.tv.devicecontrol
07-07 00:03:43.435   523   560 W AmazonProtectionLevel: Using stock call, please migrate to new permissions amazon.aosp.permission.INTERACT_ACROSS_USERS_FULL or com.amazon.permission.INTERACT_ACROSS_USERS_FULL for package com.amazon.client.metrics
07-07 00:03:43.444   523   560 W AmazonProtectionLevel: Using stock call, please migrate to new permissions amazon.aosp.permission.INTERACT_ACROSS_USERS_FULL or com.amazon.permission.INTERACT_ACROSS_USERS_FULL for package com.amazon.device.software.ota
07-07 00:03:43.450   523   560 W AmazonProtectionLevel: Using stock call, please migrate to new permissions amazon.aosp.permission.INTERACT_ACROSS_USERS_FULL or com.amazon.permission.INTERACT_ACROSS_USERS_FULL for package com.amazon.wifilocker
07-07 00:03:43.452   523   560 W AmazonProtectionLevel: Using stock call, please migrate to new permissions amazon.aosp.permission.INTERACT_ACROSS_USERS_FULL or com.amazon.permission.INTERACT_ACROSS_USERS_FULL for package com.amazon.audiohome
07-07 00:03:43.456   523   560 W AmazonProtectionLevel: Using stock call, please migrate to new permissions amazon.aosp.permission.INTERACT_ACROSS_USERS_FULL or com.amazon.permission.INTERACT_ACROSS_USERS_FULL for package com.amazon.whisperlink.core.android
07-07 00:03:43.480   523   560 W AmazonProtectionLevel: Using stock call, please migrate to new permissions amazon.aosp.permission.INTERACT_ACROSS_USERS_FULL or com.amazon.permission.INTERACT_ACROSS_USERS_FULL for package com.amazon.minerva.client.api
07-07 00:03:43.481   523   560 W AmazonProtectionLevel: Using stock call, please migrate to new permissions amazon.aosp.permission.INTERACT_ACROSS_USERS_FULL or com.amazon.permission.INTERACT_ACROSS_USERS_FULL for package com.amazon.firebat
07-07 00:03:43.486   523   560 W AmazonProtectionLevel: Using stock call, please migrate to new permissions amazon.aosp.permission.INTERACT_ACROSS_USERS_FULL or com.amazon.permission.INTERACT_ACROSS_USERS_FULL for package com.amazon.providers.contentsupport
07-07 00:03:43.488   523   560 W AmazonProtectionLevel: Using stock call, please migrate to new permissions amazon.aosp.permission.INTERACT_ACROSS_USERS_FULL or com.amazon.permission.INTERACT_ACROSS_USERS_FULL for package com.amazon.device.crashmanager
07-07 00:03:43.492   523   560 W AmazonProtectionLevel: Using stock call, please migrate to new permissions amazon.aosp.permission.INTERACT_ACROSS_USERS_FULL or com.amazon.permission.INTERACT_ACROSS_USERS_FULL for package com.amazon.whisperplay.service.install
07-07 00:03:43.495   523   560 W AmazonProtectionLevel: Using stock call, please migrate to new permissions amazon.aosp.permission.INTERACT_ACROSS_USERS_FULL or com.amazon.permission.INTERACT_ACROSS_USERS_FULL for package com.amazon.tv.launcher
07-07 00:03:43.507   523   560 W AmazonProtectionLevel: Using stock call, please migrate to new permissions amazon.aosp.permission.INTERACT_ACROSS_USERS_FULL or com.amazon.permission.INTERACT_ACROSS_USERS_FULL for package com.amazon.device.software.ota.override
07-07 00:03:43.514   523   560 W AmazonProtectionLevel: Using stock call, please migrate to new permissions amazon.aosp.permission.INTERACT_ACROSS_USERS_FULL or com.amazon.permission.INTERACT_ACROSS_USERS_FULL for package com.amazon.avod
07-07 00:03:43.519   523   560 W AmazonProtectionLevel: Using stock call, please migrate to new permissions amazon.aosp.permission.INTERACT_ACROSS_USERS_FULL or com.amazon.permission.INTERACT_ACROSS_USERS_FULL for package com.amazon.communication.discovery
07-07 00:03:43.538   523   560 W AmazonProtectionLevel: Using stock call, please migrate to new permissions amazon.aosp.permission.INTERACT_ACROSS_USERS_FULL or com.amazon.permission.INTERACT_ACROSS_USERS_FULL for package com.amazon.device.lowstoragemanager
07-07 00:03:43.547   523   560 W AmazonProtectionLevel: Using stock call, please migrate to new permissions amazon.aosp.permission.INTERACT_ACROSS_USERS_FULL or com.amazon.permission.INTERACT_ACROSS_USERS_FULL for package com.amazon.katoch
07-07 00:03:43.657   523   560 W PackageSettings: Skipping PackageSetting{6534a78 com.ta.livetv/10203} due to missing metadata
07-07 00:03:43.657   523   560 W PackageSettings: Skipping PackageSetting{2f77551 com.gameloft.android.AMAZ.GloftA8AS/10174} due to missing metadata
07-07 00:03:43.657   523   560 W PackageSettings: Skipping PackageSetting{6c1d1b6 com.vectorunit.purple.amazon/10175} due to missing metadata
07-07 00:03:43.659   523   560 W PackageSettings: Skipping PackageSetting{72feeb7 com.koushikdutta.cast.receiver/10053} due to missing metadata
07-07 00:03:43.718   523   560 E PackageManager: Backup Manager not found!
07-07 00:03:43.731   523   560 W CleanUpDalvikCache: null object found, returning
07-07 00:03:43.755   523   560 I com.android.server.pm.ExternalInstallPackageManagerCallback: Installation succeeded for app org.mu.app.telemu on internal storage. Return code:1
07-07 00:03:43.780   523   540 W BroadcastQueue: Background execution not allowed: receiving Intent { act=android.intent.action.PACKAGE_ADDED (has data) flg=0x4000010 (has extras) } to com.amazon.sync.service/com.amazon.sync.framework.receivers.ApplicationChangedReceiver
07-07 00:03:43.780   523   540 W BroadcastQueue: Background execution not allowed: receiving Intent { act=android.intent.action.PACKAGE_ADDED (has data) flg=0x4000010 (has extras) } to com.amazon.venezia/com.amazon.juggler.settings.AppEventReceiver
07-07 00:03:43.782   523   540 W BroadcastQueue: Background execution not allowed: receiving Intent { act=android.intent.action.PACKAGE_ADDED (has data) flg=0x4000010 (has extras) } to com.amazon.adep/.nimh.device.management.PackageStatusReceiver
07-07 00:03:43.782   523   540 W BroadcastQueue: Background execution not allowed: receiving Intent { act=android.intent.action.PACKAGE_ADDED (has data) flg=0x4000010 (has extras) } to com.amazon.alexa.externalmediaplayer.fireos/com.amazon.alexa.externalmediaplayeragent.receivers.AgentServiceProxyingBroadcastReceiver
07-07 00:03:43.935   523  2584 W BroadcastQueue: Background execution not allowed: receiving Intent { act=android.intent.action.PACKAGE_ADDED (has data) flg=0x4000010 (has extras) } to com.amazon.identity.auth.device.authorization/.appsync.PackageChangedReceiver
07-07 00:03:44.018   523   542 W ActivityManager: Slow operation: 76ms so far, now at startProcess: returned from zygote!
07-07 00:03:44.019   523   542 W ActivityManager: Slow operation: 77ms so far, now at startProcess: done updating battery stats
07-07 00:03:44.019   523   542 W ActivityManager: Slow operation: 77ms so far, now at startProcess: building log message
07-07 00:03:44.019   523   542 I ActivityManager: Start proc 16102:com.amazon.storm.lightning.services/u0a9 for broadcast com.amazon.storm.lightning.services/.broadcastreceivers.AppUpdateReceiver
07-07 00:03:44.019   523   542 W ActivityManager: Slow operation: 77ms so far, now at startProcess: starting to update pids map
07-07 00:03:44.019   523   542 W ActivityManager: Slow operation: 77ms so far, now at startProcess: done updating pids map
07-07 00:03:44.019   523   523 W Looper  : Slow dispatch took 245ms main h=android.app.ActivityThread$H c=android.app.-$$Lambda$LoadedApk$ReceiverDispatcher$Args$_BumDX2UKsnxLVrE6UJsJZkotuA@daf40e7 m=0
07-07 00:03:44.019   523   523 W Looper  : Slow delivery took 254ms main h=android.app.ActivityThread$H c=android.app.-$$Lambda$LoadedApk$ReceiverDispatcher$Args$_BumDX2UKsnxLVrE6UJsJZkotuA@30f3494 m=0
07-07 00:03:44.038   523   523 I AmazonInputSwitchService: Received package installation event for org.mu.app.telemu
07-07 00:03:44.078   523   523 W ContextImpl: Calling a method in the system process without a qualified user: android.app.ContextImpl.sendBroadcast:1064 com.amazon.android.service.pm.AmazonPackageManagerService$PackageInstalledOrRemovedReceiver.onReceive:102 android.app.LoadedApk$ReceiverDispatcher$Args.lambda$getRunnable$0:1422 android.app.-$$Lambda$LoadedApk$ReceiverDispatcher$Args$_BumDX2UKsnxLVrE6UJsJZkotuA.run:2 android.os.Handler.handleCallback:873 
--------- beginning of main
07-07 00:03:44.181 16102 16102 W htning.service: 
07-07 00:03:44.219   523   539 W TextServicesManagerService: no available spell checker services found
07-07 00:03:44.225  1688 16121 I F_C.PackageEventHandler: Attempting to add package: 707478971
07-07 00:03:44.238 16102 16102 W htning.service: ClassLoaderContext classpath size mismatch for position 0. expected=0, found=5 (PCL[] | PCL[/system/framework/org.apache.http.legacy.boot.jar*796383208:/system/priv-app/WhisperlinkSdk/WhisperlinkSdk.apk*4222356205:/system/priv-app/MetricsApi/MetricsApi.apk*3997826149:/system/priv-app/DeviceSoftwareOTAContracts/DeviceSoftwareOTAContracts.apk*2516667291:/system/priv-app/com.amazon.communication/com.amazon.communication.apk*2157211955])
07-07 00:03:44.255 16102 16102 I htning.service: The ClassLoaderContext is a special shared library.
