07-06 17:39:07.979   523  2629 I chatty  : uid=1000(system) Binder:523_1B expire 8 lines
07-06 17:39:15.124   523   560 I chatty  : uid=1000(system) PackageManager expire 8 lines
07-06 17:39:47.118   388   478 I chatty  : uid=0(root) /system/bin/storaged expire 50 lines
07-06 17:46:15.849   523  1836 I chatty  : uid=1000(system) Binder:523_F expire 2 lines
07-06 17:46:15.856   523  1074 I chatty  : uid=1000(system) Binder:523_7 expire 2 lines
07-06 18:06:15.902   523  1926 I chatty  : uid=1000(system) Binder:523_13 expire 1 line
07-06 18:15:46.110   523  3255 I chatty  : uid=1000(system) Binder:523_1E expire 3 lines
07-06 18:15:46.284  4932  4932 I AmazonHdmiServiceManager: AmazonHdmiServiceManager created
07-06 18:18:59.585   523   542 I chatty  : uid=1000(system) ActivityManager expire 11 lines
07-06 18:28:42.173   372   372 I chatty  : uid=0(root) /system/bin/perfmonitord expire 163 lines
07-06 18:28:49.248   372   372 I perfmonitord:ProcessRssMonitor: securetime           396   : 2156       416        2572      
07-06 18:28:49.248   372   372 I perfmonitord:ProcessRssMonitor: kisd                 265   : 2028       496        2524      
07-06 18:28:49.248   372   372 I perfmonitord:ProcessRssMonitor: ip6tables-resto      299   : 2164       316        2480      
07-06 18:28:49.248   372   372 I perfmonitord:ProcessRssMonitor: tombstoned           405   : 2056       408        2464      
07-06 18:28:49.248   372   372 I perfmonitord:ProcessRssMonitor: leakrecoveryd        368   : 1860       600        2460      
07-06 18:28:49.249   372   372 I perfmonitord:ProcessRssMonitor: iptables-restor      298   : 2072       316        2388      
07-06 18:28:49.249   372   372 I perfmonitord:ProcessRssMonitor: configstore@1.1      295   : 1700       684        2384      
07-06 18:28:49.249   372   372 I perfmonitord:ProcessRssMonitor: lmkd                 217   : 2192       0          2192      
07-06 18:28:49.249   372   372 I perfmonitord:ProcessRssMonitor: init                 1     : 912        908        1820      
07-06 18:28:49.249   372   372 I perfmonitord:ProcessRssMonitor: mdnsd                5859  : 600        136        736       
07-06 18:28:49.249   372   372 I perfmonitord:ProcessRssMonitor: init                 191   : 64         652        716       
07-06 18:28:49.249   372   372 I perfmonitord:ProcessRssMonitor: ueventd              194   : 76         636        712       
07-06 18:28:49.249   372   372 I perfmonitord:ProcessRssMonitor: init                 192   : 72         324        396       
07-06 18:28:49.249   372   372 I perfmonitord:ProcessRssMonitor: watchdogd            344   : 108        140        248       
07-06 18:29:47.295   388   478 E storaged: getDiskStats failed with result NOT_SUPPORTED and size 0
07-06 18:30:47.296   388   478 E storaged: getDiskStats failed with result NOT_SUPPORTED and size 0
07-06 18:31:47.296   388   478 E storaged: getDiskStats failed with result NOT_SUPPORTED and size 0
07-06 18:32:47.297   388   478 E storaged: getDiskStats failed with result NOT_SUPPORTED and size 0
07-06 18:33:47.298   388   478 E storaged: getDiskStats failed with result NOT_SUPPORTED and size 0
07-06 18:34:47.298   388   478 E storaged: getDiskStats failed with result NOT_SUPPORTED and size 0
07-06 18:35:47.299   388   478 E storaged: getDiskStats failed with result NOT_SUPPORTED and size 0
07-06 18:36:47.300   388   478 E storaged: getDiskStats failed with result NOT_SUPPORTED and size 0
07-06 18:37:47.300   388   478 E storaged: getDiskStats failed with result NOT_SUPPORTED and size 0
07-06 18:38:04.494   389   389 I wificond: Regulatory domain changed
07-06 18:38:04.510   389   389 I wificond: 2.4Ghz frequencies: 2412 2417 2422 2427 2432 2437 2442 2447 2452 2457 2462 2467 2472
07-06 18:38:04.510   389   389 I wificond: 5Ghz non-DFS frequencies: 5180 5200 5220 5240 5745 5765 5785 5805 5825
07-06 18:38:04.510   389   389 I wificond: 5Ghz DFS frequencies: 5260 5280 5300 5320 5500 5520 5540 5560 5580 5600 5620 5640 5660 5680 5700
07-06 18:38:04.511   389   389 I wificond: Regulatory domain changed to country: IT
07-06 18:38:04.516   389   389 I wificond: 2.4Ghz frequencies: 2412 2417 2422 2427 2432 2437 2442 2447 2452 2457 2462 2467 2472
07-06 18:38:04.516   389   389 I wificond: 5Ghz non-DFS frequencies: 5180 5200 5220 5240 5745 5765 5785 5805 5825
07-06 18:38:04.516   389   389 I wificond: 5Ghz DFS frequencies: 5260 5280 5300 5320 5500 5520 5540 5560 5580 5600 5620 5640 5660 5680 5700
07-06 18:38:07.678   389   389 I wificond: Received external scan result notification from kernel.
07-06 18:38:15.667   389   389 I chatty  : uid=1010(wifi) /system/bin/wificond identical 1 line
07-06 18:38:23.662   389   389 I wificond: Received external scan result notification from kernel.
07-06 18:38:24.963   523  2524 I chatty  : uid=1000(system) Binder:523_15 expire 1 line
07-06 18:38:26.456  5647  5647 I AmazonHdmiServiceManager: AmazonHdmiServiceManager created
07-06 18:38:39.790  1579  1579 E ActivityThread: Service com.amazon.communication.AndroidTCommService has leaked IntentReceiver com.amazon.communication.DeviceGatewaySocketRefresher$1@522bceb that was originally registered here. Are you missing a call to unregisterReceiver()?
07-06 18:38:39.790  1579  1579 E ActivityThread: android.app.IntentReceiverLeaked: Service com.amazon.communication.AndroidTCommService has leaked IntentReceiver com.amazon.communication.DeviceGatewaySocketRefresher$1@522bceb that was originally registered here. Are you missing a call to unregisterReceiver()?
07-06 18:38:39.790  1579  1579 E ActivityThread: 	at android.app.LoadedApk$ReceiverDispatcher.<init>(LoadedApk.java:1460)
07-06 18:38:39.790  1579  1579 E ActivityThread: 	at android.app.LoadedApk.getReceiverDispatcher(LoadedApk.java:1241)
07-06 18:38:39.790  1579  1579 E ActivityThread: 	at android.app.ContextImpl.registerReceiverInternal(ContextImpl.java:1520)
07-06 18:38:39.790  1579  1579 E ActivityThread: 	at android.app.ContextImpl.registerReceiver(ContextImpl.java:1493)
07-06 18:38:39.790  1579  1579 E ActivityThread: 	at android.content.ContextWrapper.registerReceiver(ContextWrapper.java:636)
07-06 18:38:39.790  1579  1579 E ActivityThread: 	at com.amazon.communication.support.ContextUtil.registerReceiver(ContextUtil.java:79)
07-06 18:38:39.790  1579  1579 E ActivityThread: 	at com.amazon.communication.support.ContextUtil.registerReceiver(ContextUtil.java:39)
07-06 18:38:39.790  1579  1579 E ActivityThread: 	at com.amazon.communication.support.ContextUtil.registerReceiver(ContextUtil.java:24)
07-06 18:38:39.790  1579  1579 E ActivityThread: 	at com.amazon.communication.DeviceGatewaySocketRefresher.initialize(DeviceGatewaySocketRefresher.java:68)
07-06 18:38:39.790  1579  1579 E ActivityThread: 	at com.amazon.communication.DeviceGatewaySocketRefresher.getInstance(DeviceGatewaySocketRefresher.java:43)
07-06 18:38:39.790  1579  1579 E ActivityThread: 	at com.amazon.communication.CsmTCommService.backgroundInitialization(CsmTCommService.java:356)
07-06 18:38:39.790  1579  1579 E ActivityThread: 	at com.amazon.communication.CsmTCommService$3.call(CsmTCommService.java:229)
07-06 18:38:39.790  1579  1579 E ActivityThread: 	at com.amazon.communication.CsmTCommService$3.call(CsmTCommService.java:227)
07-06 18:38:39.790  1579  1579 E ActivityThread: 	at com.amazon.communication.WakeLockHoldingScheduledThreadPoolExecutor$WakeLockHoldingCallable.call(WakeLockHoldingScheduledThreadPoolExecutor.java:218)
07-06 18:38:39.790  1579  1579 E ActivityThread: 	at java.util.concurrent.FutureTask.run(FutureTask.java:266)
07-06 18:38:39.790  1579  1579 E ActivityThread: 	at java.util.concurrent.ScheduledThreadPoolExecutor$ScheduledFutureTask.run(ScheduledThreadPoolExecutor.java:301)
07-06 18:38:39.790  1579  1579 E ActivityThread: 	at java.util.concurrent.ThreadPoolExecutor.runWorker(ThreadPoolExecutor.java:1167)
07-06 18:38:39.790  1579  1579 E ActivityThread: 	at java.util.concurrent.ThreadPoolExecutor$Worker.run(ThreadPoolExecutor.java:641)
07-06 18:38:39.790  1579  1579 E ActivityThread: 	at java.lang.Thread.run(Thread.java:764)
07-06 18:38:39.790  1579  1579 E ActivityThread: 	at com.dp.utils.DpBackgroundThreadFactory$1.run(DpBackgroundThreadFactory.java:46)
07-06 18:38:43.455   372   372 I perfmonitord:StatUtil: CPUUtilization is at 7%
07-06 18:38:43.455   372   372 I perfmonitord:StatUtil: MemoryUtilization is at 70%
07-06 18:38:47.301   388   478 E storaged: getDiskStats failed with result NOT_SUPPORTED and size 0
07-06 18:39:47.302   388   478 E storaged: getDiskStats failed with result NOT_SUPPORTED and size 0
07-06 18:40:26.141  5577  5577 E ActivityThread: Service com.amazon.alexa.externalmediaplayeragent.ExternalMediaPlayerAgentService has leaked ServiceConnection amazon.speech.simclient.event.EventClient$1@5d6072 that was originally bound here
07-06 18:40:26.141  5577  5577 E ActivityThread: android.app.ServiceConnectionLeaked: Service com.amazon.alexa.externalmediaplayeragent.ExternalMediaPlayerAgentService has leaked ServiceConnection amazon.speech.simclient.event.EventClient$1@5d6072 that was originally bound here
07-06 18:40:26.141  5577  5577 E ActivityThread: 	at android.app.LoadedApk$ServiceDispatcher.<init>(LoadedApk.java:1641)
07-06 18:40:26.141  5577  5577 E ActivityThread: 	at android.app.LoadedApk.getServiceDispatcher(LoadedApk.java:1533)
07-06 18:40:26.141  5577  5577 E ActivityThread: 	at android.app.ContextImpl.bindServiceCommon(ContextImpl.java:1703)
07-06 18:40:26.141  5577  5577 E ActivityThread: 	at android.app.ContextImpl.bindService(ContextImpl.java:1656)
07-06 18:40:26.141  5577  5577 E ActivityThread: 	at android.content.ContextWrapper.bindService(ContextWrapper.java:698)
07-06 18:40:26.141  5577  5577 E ActivityThread: 	at amazon.speech.simclient.common.ServiceConnectionManager.bindCommon(ServiceConnectionManager.java:325)
07-06 18:40:26.141  5577  5577 E ActivityThread: 	at amazon.speech.simclient.common.AsyncServiceConnectionManager$1.run(AsyncServiceConnectionManager.java:78)
07-06 18:40:26.141  5577  5577 E ActivityThread: 	at java.util.concurrent.ThreadPoolExecutor.runWorker(ThreadPoolExecutor.java:1167)
07-06 18:40:26.141  5577  5577 E ActivityThread: 	at java.util.concurrent.ThreadPoolExecutor$Worker.run(ThreadPoolExecutor.java:641)
07-06 18:40:26.141  5577  5577 E ActivityThread: 	at java.lang.Thread.run(Thread.java:764)
07-06 18:40:26.153  5577  5577 E ActivityThread: Service com.amazon.alexa.externalmediaplayeragent.ExternalMediaPlayerAgentService has leaked ServiceConnection amazon.speech.simclient.directive.DirectiveClient$2@11257a0 that was originally bound here
07-06 18:40:26.153  5577  5577 E ActivityThread: android.app.ServiceConnectionLeaked: Service com.amazon.alexa.externalmediaplayeragent.ExternalMediaPlayerAgentService has leaked ServiceConnection amazon.speech.simclient.directive.DirectiveClient$2@11257a0 that was originally bound here
07-06 18:40:26.153  5577  5577 E ActivityThread: 	at android.app.LoadedApk$ServiceDispatcher.<init>(LoadedApk.java:1641)
07-06 18:40:26.153  5577  5577 E ActivityThread: 	at android.app.LoadedApk.getServiceDispatcher(LoadedApk.java:1533)
07-06 18:40:26.153  5577  5577 E ActivityThread: 	at android.app.ContextImpl.bindServiceCommon(ContextImpl.java:1703)
07-06 18:40:26.153  5577  5577 E ActivityThread: 	at android.app.ContextImpl.bindService(ContextImpl.java:1656)
07-06 18:40:26.153  5577  5577 E ActivityThread: 	at android.content.ContextWrapper.bindService(ContextWrapper.java:698)
07-06 18:40:26.153  5577  5577 E ActivityThread: 	at amazon.speech.simclient.common.ServiceConnectionManager.bindCommon(ServiceConnectionManager.java:325)
07-06 18:40:26.153  5577  5577 E ActivityThread: 	at amazon.speech.simclient.common.AsyncServiceConnectionManager$1.run(AsyncServiceConnectionManager.java:78)
07-06 18:40:26.153  5577  5577 E ActivityThread: 	at java.util.concurrent.ThreadPoolExecutor.runWorker(ThreadPoolExecutor.java:1167)
07-06 18:40:26.153  5577  5577 E ActivityThread: 	at java.util.concurrent.ThreadPoolExecutor$Worker.run(ThreadPoolExecutor.java:641)
07-06 18:40:26.153  5577  5577 E ActivityThread: 	at java.lang.Thread.run(Thread.java:764)
07-06 18:40:26.160  5577  5577 E ActivityThread: Service com.amazon.alexa.externalmediaplayeragent.ExternalMediaPlayerAgentService has leaked ServiceConnection amazon.speech.simclient.context.ContextClient$1@b57ee55 that was originally bound here
07-06 18:40:26.160  5577  5577 E ActivityThread: android.app.ServiceConnectionLeaked: Service com.amazon.alexa.externalmediaplayeragent.ExternalMediaPlayerAgentService has leaked ServiceConnection amazon.speech.simclient.context.ContextClient$1@b57ee55 that was originally bound here
07-06 18:40:26.160  5577  5577 E ActivityThread: 	at android.app.LoadedApk$ServiceDispatcher.<init>(LoadedApk.java:1641)
07-06 18:40:26.160  5577  5577 E ActivityThread: 	at android.app.LoadedApk.getServiceDispatcher(LoadedApk.java:1533)
07-06 18:40:26.160  5577  5577 E ActivityThread: 	at android.app.ContextImpl.bindServiceCommon(ContextImpl.java:1703)
07-06 18:40:26.160  5577  5577 E ActivityThread: 	at android.app.ContextImpl.bindService(ContextImpl.java:1656)
07-06 18:40:26.160  5577  5577 E ActivityThread: 	at android.content.ContextWrapper.bindService(ContextWrapper.java:698)
07-06 18:40:26.160  5577  5577 E ActivityThread: 	at amazon.speech.simclient.common.ServiceConnectionManager.bindCommon(ServiceConnectionManager.java:325)
07-06 18:40:26.160  5577  5577 E ActivityThread: 	at amazon.speech.simclient.common.AsyncServiceConnectionManager$1.run(AsyncServiceConnectionManager.java:78)
07-06 18:40:26.160  5577  5577 E ActivityThread: 	at java.util.concurrent.ThreadPoolExecutor.runWorker(ThreadPoolExecutor.java:1167)
07-06 18:40:26.160  5577  5577 E ActivityThread: 	at java.util.concurrent.ThreadPoolExecutor$Worker.run(ThreadPoolExecutor.java:641)
07-06 18:40:26.160  5577  5577 E ActivityThread: 	at java.lang.Thread.run(Thread.java:764)
07-06 18:40:26.167  5577  5577 E ActivityThread: Service com.amazon.alexa.externalmediaplayeragent.ExternalMediaPlayerAgentService has leaked ServiceConnection amazon.speech.simclient.focus.ExplicitFocusClient$1@e100c5e that was originally bound here
07-06 18:40:26.167  5577  5577 E ActivityThread: android.app.ServiceConnectionLeaked: Service com.amazon.alexa.externalmediaplayeragent.ExternalMediaPlayerAgentService has leaked ServiceConnection amazon.speech.simclient.focus.ExplicitFocusClient$1@e100c5e that was originally bound here
07-06 18:40:26.167  5577  5577 E ActivityThread: 	at android.app.LoadedApk$ServiceDispatcher.<init>(LoadedApk.java:1641)
07-06 18:40:26.167  5577  5577 E ActivityThread: 	at android.app.LoadedApk.getServiceDispatcher(LoadedApk.java:1533)
07-06 18:40:26.167  5577  5577 E ActivityThread: 	at android.app.ContextImpl.bindServiceCommon(ContextImpl.java:1703)
07-06 18:40:26.167  5577  5577 E ActivityThread: 	at android.app.ContextImpl.bindService(ContextImpl.java:1656)
07-06 18:40:26.167  5577  5577 E ActivityThread: 	at android.content.ContextWrapper.bindService(ContextWrapper.java:698)
07-06 18:40:26.167  5577  5577 E ActivityThread: 	at amazon.speech.simclient.common.ServiceConnectionManager.bindCommon(ServiceConnectionManager.java:325)
07-06 18:40:26.167  5577  5577 E ActivityThread: 	at amazon.speech.simclient.common.AsyncServiceConnectionManager$1.run(AsyncServiceConnectionManager.java:78)
07-06 18:40:26.167  5577  5577 E ActivityThread: 	at java.util.concurrent.ThreadPoolExecutor.runWorker(ThreadPoolExecutor.java:1167)
07-06 18:40:26.167  5577  5577 E ActivityThread: 	at java.util.concurrent.ThreadPoolExecutor$Worker.run(ThreadPoolExecutor.java:641)
07-06 18:40:26.167  5577  5577 E ActivityThread: 	at java.lang.Thread.run(Thread.java:764)
07-06 18:40:47.302   388   478 E storaged: getDiskStats failed with result NOT_SUPPORTED and size 0
07-06 18:41:47.303   388   478 E storaged: getDiskStats failed with result NOT_SUPPORTED and size 0
07-06 18:42:47.304   388   478 E storaged: getDiskStats failed with result NOT_SUPPORTED and size 0
07-06 18:43:47.304   388   478 E storaged: getDiskStats failed with result NOT_SUPPORTED and size 0
07-06 18:44:47.305   388   478 E storaged: getDiskStats failed with result NOT_SUPPORTED and size 0
07-06 18:45:47.306   388   478 E storaged: getDiskStats failed with result NOT_SUPPORTED and size 0
07-06 18:46:47.307   388   478 E storaged: getDiskStats failed with result NOT_SUPPORTED and size 0
07-06 18:47:47.307   388   478 E storaged: getDiskStats failed with result NOT_SUPPORTED and size 0
07-06 18:48:44.689   372   372 I perfmonitord:StatUtil: CPUUtilization is at 4%
07-06 18:48:44.689   372   372 I perfmonitord:StatUtil: MemoryUtilization is at 68%
07-06 18:48:47.308   388   478 E storaged: getDiskStats failed with result NOT_SUPPORTED and size 0
07-06 18:49:36.771   523   542 I chatty  : uid=1000(system) ActivityManager expire 23 lines
07-06 18:49:36.814   389   389 I wificond: Unsubscribe scan result for interface with index: 9
07-06 18:49:36.875  5799  5799 W ContextImpl: Calling a method in the system process without a qualified user: android.app.ContextImpl.startService:1575 android.content.ContextWrapper.startService:664 android.content.ContextWrapper.startService:664 com.amazon.tv.settings.core.NetworkChangeReceiver.onReceive:23 android.app.ActivityThread.handleReceiver:3425 
07-06 18:49:36.919   523  1927 I chatty  : uid=1000(system) Binder:523_14 expire 4 lines
07-06 18:49:36.936   313   313 E android.hardware.wifi@1.0-service-mediatek: Failed to open directory: Permission denied
07-06 18:49:36.936   313   313 E android.hardware.wifi@1.0-service-mediatek: Error occurred while deleting old tombstone files
07-06 18:49:36.936   313   313 E android.hardware.wifi@1.0-service-mediatek: Error writing files to flash
07-06 18:49:36.939   313   313 I android.hardware.wifi@1.0-service-mediatek: Legacy HAL stop complete callback received
07-06 18:49:37.141   313   313 I android.hardware.wifi@1.0-service-mediatek: Wifi HAL stopped
07-06 18:49:37.177   523   632 I chatty  : uid=1000(system) WifiStateMachin expire 8 lines
07-06 18:49:37.188  5799  5799 W ContextImpl: Calling a method in the system process without a qualified user: android.app.ContextImpl.startService:1575 android.content.ContextWrapper.startService:664 android.content.ContextWrapper.startService:664 com.amazon.tv.settings.core.NetworkChangeReceiver.onReceive:23 android.app.ActivityThread.handleReceiver:3425 
07-06 18:49:37.217   523   637 I chatty  : uid=1000(system) WifiP2pService expire 6 lines
07-06 18:49:37.742   523   540 I chatty  : uid=1000(system) ActivityManager expire 13 lines
07-06 18:49:37.745   313   313 I android.hardware.wifi@1.0-service-mediatek: Wifi HAL started
07-06 18:49:37.750  5799  5799 W ContextImpl: Calling a method in the system process without a qualified user: android.app.ContextImpl.startService:1575 android.content.ContextWrapper.startService:664 android.content.ContextWrapper.startService:664 com.amazon.tv.settings.core.NetworkChangeReceiver.onReceive:23 android.app.ActivityThread.handleReceiver:3425 
07-06 18:49:37.968   313   313 I android.hardware.wifi@1.0-service-mediatek: Adding interface handle for wlan0
07-06 18:49:37.968   313   313 I android.hardware.wifi@1.0-service-mediatek: Adding interface handle for ap0
07-06 18:49:37.968   313   313 I android.hardware.wifi@1.0-service-mediatek: Adding interface handle for p2p0
07-06 18:49:37.968   313   313 E android.hardware.wifi@1.0-service-mediatek: Failed to register radio mode change callback
07-06 18:49:37.968   313   313 I android.hardware.wifi@1.0-service-mediatek: Configured chip in mode 0
07-06 18:49:37.988   389   389 I wificond: create scanner for interface with index: 9
07-06 18:49:37.988   389   389 I wificond: subscribe scan result for interface with index: 9
07-06 18:49:37.992   389   389 E wificond: No Offload Service available
07-06 18:49:37.992   389   389 I wificond: Offload HAL not supported 
07-06 18:49:38.046  5799  5799 W ContextImpl: Calling a method in the system process without a qualified user: android.app.ContextImpl.startService:1575 android.content.ContextWrapper.startService:664 android.content.ContextWrapper.startService:664 com.amazon.tv.settings.core.NetworkChangeReceiver.onReceive:23 android.app.ActivityThread.handleReceiver:3425 
07-06 18:49:38.057   313   313 E android.hardware.wifi@1.0-service-mediatek: Failed to get firmware version: UNKNOWN
07-06 18:49:38.061   313   313 E android.hardware.wifi@1.0-service-mediatek: Failed to get firmware version: UNKNOWN
07-06 18:49:38.131   523   544 I chatty  : uid=1000(system) batterystats-wo expire 7 lines
07-06 18:49:47.309   388   478 E storaged: getDiskStats failed with result NOT_SUPPORTED and size 0
07-06 18:50:47.309   388   478 E storaged: getDiskStats failed with result NOT_SUPPORTED and size 0
07-06 18:51:37.409  5577  5577 E ActivityThread: Service com.amazon.alexa.externalmediaplayeragent.ExternalMediaPlayerAgentService has leaked ServiceConnection amazon.speech.simclient.context.ContextClient$1@549b81 that was originally bound here
07-06 18:51:37.409  5577  5577 E ActivityThread: android.app.ServiceConnectionLeaked: Service com.amazon.alexa.externalmediaplayeragent.ExternalMediaPlayerAgentService has leaked ServiceConnection amazon.speech.simclient.context.ContextClient$1@549b81 that was originally bound here
07-06 18:51:37.409  5577  5577 E ActivityThread: 	at android.app.LoadedApk$ServiceDispatcher.<init>(LoadedApk.java:1641)
07-06 18:51:37.409  5577  5577 E ActivityThread: 	at android.app.LoadedApk.getServiceDispatcher(LoadedApk.java:1533)
07-06 18:51:37.409  5577  5577 E ActivityThread: 	at android.app.ContextImpl.bindServiceCommon(ContextImpl.java:1703)
07-06 18:51:37.409  5577  5577 E ActivityThread: 	at android.app.ContextImpl.bindService(ContextImpl.java:1656)
07-06 18:51:37.409  5577  5577 E ActivityThread: 	at android.content.ContextWrapper.bindService(ContextWrapper.java:698)
07-06 18:51:37.409  5577  5577 E ActivityThread: 	at amazon.speech.simclient.common.ServiceConnectionManager.bindCommon(ServiceConnectionManager.java:325)
07-06 18:51:37.409  5577  5577 E ActivityThread: 	at amazon.speech.simclient.common.AsyncServiceConnectionManager$1.run(AsyncServiceConnectionManager.java:78)
07-06 18:51:37.409  5577  5577 E ActivityThread: 	at java.util.concurrent.ThreadPoolExecutor.runWorker(ThreadPoolExecutor.java:1167)
07-06 18:51:37.409  5577  5577 E ActivityThread: 	at java.util.concurrent.ThreadPoolExecutor$Worker.run(ThreadPoolExecutor.java:641)
07-06 18:51:37.409  5577  5577 E ActivityThread: 	at java.lang.Thread.run(Thread.java:764)
07-06 18:51:37.420  5577  5577 E ActivityThread: Service com.amazon.alexa.externalmediaplayeragent.ExternalMediaPlayerAgentService has leaked ServiceConnection amazon.speech.simclient.event.EventClient$1@22db426 that was originally bound here
07-06 18:51:37.420  5577  5577 E ActivityThread: android.app.ServiceConnectionLeaked: Service com.amazon.alexa.externalmediaplayeragent.ExternalMediaPlayerAgentService has leaked ServiceConnection amazon.speech.simclient.event.EventClient$1@22db426 that was originally bound here
07-06 18:51:37.420  5577  5577 E ActivityThread: 	at android.app.LoadedApk$ServiceDispatcher.<init>(LoadedApk.java:1641)
07-06 18:51:37.420  5577  5577 E ActivityThread: 	at android.app.LoadedApk.getServiceDispatcher(LoadedApk.java:1533)
07-06 18:51:37.420  5577  5577 E ActivityThread: 	at android.app.ContextImpl.bindServiceCommon(ContextImpl.java:1703)
07-06 18:51:37.420  5577  5577 E ActivityThread: 	at android.app.ContextImpl.bindService(ContextImpl.java:1656)
07-06 18:51:37.420  5577  5577 E ActivityThread: 	at android.content.ContextWrapper.bindService(ContextWrapper.java:698)
07-06 18:51:37.420  5577  5577 E ActivityThread: 	at amazon.speech.simclient.common.ServiceConnectionManager.bindCommon(ServiceConnectionManager.java:325)
07-06 18:51:37.420  5577  5577 E ActivityThread: 	at amazon.speech.simclient.common.AsyncServiceConnectionManager$1.run(AsyncServiceConnectionManager.java:78)
07-06 18:51:37.420  5577  5577 E ActivityThread: 	at java.util.concurrent.ThreadPoolExecutor.runWorker(ThreadPoolExecutor.java:1167)
07-06 18:51:37.420  5577  5577 E ActivityThread: 	at java.util.concurrent.ThreadPoolExecutor$Worker.run(ThreadPoolExecutor.java:641)
07-06 18:51:37.420  5577  5577 E ActivityThread: 	at java.lang.Thread.run(Thread.java:764)
07-06 18:51:37.427  5577  5577 E ActivityThread: Service com.amazon.alexa.externalmediaplayeragent.ExternalMediaPlayerAgentService has leaked ServiceConnection amazon.speech.simclient.focus.ExplicitFocusClient$1@6d16b68 that was originally bound here
07-06 18:51:37.427  5577  5577 E ActivityThread: android.app.ServiceConnectionLeaked: Service com.amazon.alexa.externalmediaplayeragent.ExternalMediaPlayerAgentService has leaked ServiceConnection amazon.speech.simclient.focus.ExplicitFocusClient$1@6d16b68 that was originally bound here
07-06 18:51:37.427  5577  5577 E ActivityThread: 	at android.app.LoadedApk$ServiceDispatcher.<init>(LoadedApk.java:1641)
07-06 18:51:37.427  5577  5577 E ActivityThread: 	at android.app.LoadedApk.getServiceDispatcher(LoadedApk.java:1533)
07-06 18:51:37.427  5577  5577 E ActivityThread: 	at android.app.ContextImpl.bindServiceCommon(ContextImpl.java:1703)
07-06 18:51:37.427  5577  5577 E ActivityThread: 	at android.app.ContextImpl.bindService(ContextImpl.java:1656)
07-06 18:51:37.427  5577  5577 E ActivityThread: 	at android.content.ContextWrapper.bindService(ContextWrapper.java:698)
07-06 18:51:37.427  5577  5577 E ActivityThread: 	at amazon.speech.simclient.common.ServiceConnectionManager.bindCommon(ServiceConnectionManager.java:325)
07-06 18:51:37.427  5577  5577 E ActivityThread: 	at amazon.speech.simclient.common.AsyncServiceConnectionManager$1.run(AsyncServiceConnectionManager.java:78)
07-06 18:51:37.427  5577  5577 E ActivityThread: 	at java.util.concurrent.ThreadPoolExecutor.runWorker(ThreadPoolExecutor.java:1167)
07-06 18:51:37.427  5577  5577 E ActivityThread: 	at java.util.concurrent.ThreadPoolExecutor$Worker.run(ThreadPoolExecutor.java:641)
07-06 18:51:37.427  5577  5577 E ActivityThread: 	at java.lang.Thread.run(Thread.java:764)
07-06 18:51:37.433  5577  5577 E ActivityThread: Service com.amazon.alexa.externalmediaplayeragent.ExternalMediaPlayerAgentService has leaked ServiceConnection amazon.speech.simclient.directive.DirectiveClient$2@82e6ebd that was originally bound here
07-06 18:51:37.433  5577  5577 E ActivityThread: android.app.ServiceConnectionLeaked: Service com.amazon.alexa.externalmediaplayeragent.ExternalMediaPlayerAgentService has leaked ServiceConnection amazon.speech.simclient.directive.DirectiveClient$2@82e6ebd that was originally bound here
07-06 18:51:37.433  5577  5577 E ActivityThread: 	at android.app.LoadedApk$ServiceDispatcher.<init>(LoadedApk.java:1641)
07-06 18:51:37.433  5577  5577 E ActivityThread: 	at android.app.LoadedApk.getServiceDispatcher(LoadedApk.java:1533)
07-06 18:51:37.433  5577  5577 E ActivityThread: 	at android.app.ContextImpl.bindServiceCommon(ContextImpl.java:1703)
07-06 18:51:37.433  5577  5577 E ActivityThread: 	at android.app.ContextImpl.bindService(ContextImpl.java:1656)
07-06 18:51:37.433  5577  5577 E ActivityThread: 	at android.content.ContextWrapper.bindService(ContextWrapper.java:698)
07-06 18:51:37.433  5577  5577 E ActivityThread: 	at amazon.speech.simclient.common.ServiceConnectionManager.bindCommon(ServiceConnectionManager.java:325)
07-06 18:51:37.433  5577  5577 E ActivityThread: 	at amazon.speech.simclient.common.AsyncServiceConnectionManager$1.run(AsyncServiceConnectionManager.java:78)
07-06 18:51:37.433  5577  5577 E ActivityThread: 	at java.util.concurrent.ThreadPoolExecutor.runWorker(ThreadPoolExecutor.java:1167)
07-06 18:51:37.433  5577  5577 E ActivityThread: 	at java.util.concurrent.ThreadPoolExecutor$Worker.run(ThreadPoolExecutor.java:641)
07-06 18:51:37.433  5577  5577 E ActivityThread: 	at java.lang.Thread.run(Thread.java:764)
07-06 18:51:47.310   388   478 E storaged: getDiskStats failed with result NOT_SUPPORTED and size 0
07-06 18:52:37.851  5799  5799 W ContextImpl: Calling a method in the system process without a qualified user: android.app.ContextImpl.startService:1575 android.content.ContextWrapper.startService:664 android.content.ContextWrapper.startService:664 com.amazon.tv.settings.core.NetworkChangeReceiver.onReceive:23 android.app.ActivityThread.handleReceiver:3425 
07-06 18:52:37.863   389   389 I wificond: Unsubscribe scan result for interface with index: 9
07-06 18:52:37.980   313   313 E android.hardware.wifi@1.0-service-mediatek: Failed to open directory: Permission denied
07-06 18:52:37.980   313   313 E android.hardware.wifi@1.0-service-mediatek: Error occurred while deleting old tombstone files
07-06 18:52:37.980   313   313 E android.hardware.wifi@1.0-service-mediatek: Error writing files to flash
07-06 18:52:37.981   313   313 I android.hardware.wifi@1.0-service-mediatek: Legacy HAL stop complete callback received
07-06 18:52:38.182   313   313 I android.hardware.wifi@1.0-service-mediatek: Wifi HAL stopped
07-06 18:52:38.197   523  2623 I chatty  : uid=1000(system) Binder:523_1A expire 2 lines
07-06 18:52:38.210  5799  5799 W ContextImpl: Calling a method in the system process without a qualified user: android.app.ContextImpl.startService:1575 android.content.ContextWrapper.startService:664 android.content.ContextWrapper.startService:664 com.amazon.tv.settings.core.NetworkChangeReceiver.onReceive:23 android.app.ActivityThread.handleReceiver:3425 
07-06 18:52:38.844   313   313 I android.hardware.wifi@1.0-service-mediatek: Wifi HAL started
07-06 18:52:38.850  5799  5799 W ContextImpl: Calling a method in the system process without a qualified user: android.app.ContextImpl.startService:1575 android.content.ContextWrapper.startService:664 android.content.ContextWrapper.startService:664 com.amazon.tv.settings.core.NetworkChangeReceiver.onReceive:23 android.app.ActivityThread.handleReceiver:3425 
07-06 18:52:38.960   313   313 I android.hardware.wifi@1.0-service-mediatek: Adding interface handle for wlan0
07-06 18:52:38.960   313   313 I android.hardware.wifi@1.0-service-mediatek: Adding interface handle for ap0
07-06 18:52:38.960   313   313 I android.hardware.wifi@1.0-service-mediatek: Adding interface handle for p2p0
07-06 18:52:38.960   313   313 E android.hardware.wifi@1.0-service-mediatek: Failed to register radio mode change callback
07-06 18:52:38.960   313   313 I android.hardware.wifi@1.0-service-mediatek: Configured chip in mode 0
07-06 18:52:38.970   389   389 I wificond: create scanner for interface with index: 9
07-06 18:52:38.971   389   389 I wificond: subscribe scan result for interface with index: 9
07-06 18:52:38.971   389   389 E wificond: No Offload Service available
07-06 18:52:38.971   389   389 I wificond: Offload HAL not supported 
07-06 18:52:38.998  5799  5799 W ContextImpl: Calling a method in the system process without a qualified user: android.app.ContextImpl.startService:1575 android.content.ContextWrapper.startService:664 android.content.ContextWrapper.startService:664 com.amazon.tv.settings.core.NetworkChangeReceiver.onReceive:23 android.app.ActivityThread.handleReceiver:3425 
07-06 18:52:39.014   313   313 E android.hardware.wifi@1.0-service-mediatek: Failed to get firmware version: UNKNOWN
07-06 18:52:39.016   313   313 E android.hardware.wifi@1.0-service-mediatek: Failed to get firmware version: UNKNOWN
07-06 18:52:47.311   388   478 E storaged: getDiskStats failed with result NOT_SUPPORTED and size 0
07-06 18:53:38.471   523   523 I chatty  : uid=1000 system_server expire 2 lines
07-06 18:53:47.312   388   478 E storaged: getDiskStats failed with result NOT_SUPPORTED and size 0
07-06 18:54:38.411  5577  5577 E ActivityThread: Service com.amazon.alexa.externalmediaplayeragent.ExternalMediaPlayerAgentService has leaked ServiceConnection amazon.speech.simclient.focus.ExplicitFocusClient$1@25dde2f that was originally bound here
07-06 18:54:38.411  5577  5577 E ActivityThread: android.app.ServiceConnectionLeaked: Service com.amazon.alexa.externalmediaplayeragent.ExternalMediaPlayerAgentService has leaked ServiceConnection amazon.speech.simclient.focus.ExplicitFocusClient$1@25dde2f that was originally bound here
07-06 18:54:38.411  5577  5577 E ActivityThread: 	at android.app.LoadedApk$ServiceDispatcher.<init>(LoadedApk.java:1641)
07-06 18:54:38.411  5577  5577 E ActivityThread: 	at android.app.LoadedApk.getServiceDispatcher(LoadedApk.java:1533)
07-06 18:54:38.411  5577  5577 E ActivityThread: 	at android.app.ContextImpl.bindServiceCommon(ContextImpl.java:1703)
07-06 18:54:38.411  5577  5577 E ActivityThread: 	at android.app.ContextImpl.bindService(ContextImpl.java:1656)
07-06 18:54:38.411  5577  5577 E ActivityThread: 	at android.content.ContextWrapper.bindService(ContextWrapper.java:698)
07-06 18:54:38.411  5577  5577 E ActivityThread: 	at amazon.speech.simclient.common.ServiceConnectionManager.bindCommon(ServiceConnectionManager.java:325)
07-06 18:54:38.411  5577  5577 E ActivityThread: 	at amazon.speech.simclient.common.AsyncServiceConnectionManager$1.run(AsyncServiceConnectionManager.java:78)
07-06 18:54:38.411  5577  5577 E ActivityThread: 	at java.util.concurrent.ThreadPoolExecutor.runWorker(ThreadPoolExecutor.java:1167)
07-06 18:54:38.411  5577  5577 E ActivityThread: 	at java.util.concurrent.ThreadPoolExecutor$Worker.run(ThreadPoolExecutor.java:641)
07-06 18:54:38.411  5577  5577 E ActivityThread: 	at java.lang.Thread.run(Thread.java:764)
07-06 18:54:38.422  5577  5577 E ActivityThread: Service com.amazon.alexa.externalmediaplayeragent.ExternalMediaPlayerAgentService has leaked ServiceConnection amazon.speech.simclient.context.ContextClient$1@3041c3c that was originally bound here
07-06 18:54:38.422  5577  5577 E ActivityThread: android.app.ServiceConnectionLeaked: Service com.amazon.alexa.externalmediaplayeragent.ExternalMediaPlayerAgentService has leaked ServiceConnection amazon.speech.simclient.context.ContextClient$1@3041c3c that was originally bound here
07-06 18:54:38.422  5577  5577 E ActivityThread: 	at android.app.LoadedApk$ServiceDispatcher.<init>(LoadedApk.java:1641)
07-06 18:54:38.422  5577  5577 E ActivityThread: 	at android.app.LoadedApk.getServiceDispatcher(LoadedApk.java:1533)
07-06 18:54:38.422  5577  5577 E ActivityThread: 	at android.app.ContextImpl.bindServiceCommon(ContextImpl.java:1703)
07-06 18:54:38.422  5577  5577 E ActivityThread: 	at android.app.ContextImpl.bindService(ContextImpl.java:1656)
07-06 18:54:38.422  5577  5577 E ActivityThread: 	at android.content.ContextWrapper.bindService(ContextWrapper.java:698)
07-06 18:54:38.422  5577  5577 E ActivityThread: 	at amazon.speech.simclient.common.ServiceConnectionManager.bindCommon(ServiceConnectionManager.java:325)
07-06 18:54:38.422  5577  5577 E ActivityThread: 	at amazon.speech.simclient.common.AsyncServiceConnectionManager$1.run(AsyncServiceConnectionManager.java:78)
07-06 18:54:38.422  5577  5577 E ActivityThread: 	at java.util.concurrent.ThreadPoolExecutor.runWorker(ThreadPoolExecutor.java:1167)
07-06 18:54:38.422  5577  5577 E ActivityThread: 	at java.util.concurrent.ThreadPoolExecutor$Worker.run(ThreadPoolExecutor.java:641)
07-06 18:54:38.422  5577  5577 E ActivityThread: 	at java.lang.Thread.run(Thread.java:764)
07-06 18:54:38.428  5577  5577 E ActivityThread: Service com.amazon.alexa.externalmediaplayeragent.ExternalMediaPlayerAgentService has leaked ServiceConnection amazon.speech.simclient.directive.DirectiveClient$2@514c028 that was originally bound here
07-06 18:54:38.428  5577  5577 E ActivityThread: android.app.ServiceConnectionLeaked: Service com.amazon.alexa.externalmediaplayeragent.ExternalMediaPlayerAgentService has leaked ServiceConnection amazon.speech.simclient.directive.DirectiveClient$2@514c028 that was originally bound here
07-06 18:54:38.428  5577  5577 E ActivityThread: 	at android.app.LoadedApk$ServiceDispatcher.<init>(LoadedApk.java:1641)
07-06 18:54:38.428  5577  5577 E ActivityThread: 	at android.app.LoadedApk.getServiceDispatcher(LoadedApk.java:1533)
07-06 18:54:38.428  5577  5577 E ActivityThread: 	at android.app.ContextImpl.bindServiceCommon(ContextImpl.java:1703)
07-06 18:54:38.428  5577  5577 E ActivityThread: 	at android.app.ContextImpl.bindService(ContextImpl.java:1656)
07-06 18:54:38.428  5577  5577 E ActivityThread: 	at android.content.ContextWrapper.bindService(ContextWrapper.java:698)
07-06 18:54:38.428  5577  5577 E ActivityThread: 	at amazon.speech.simclient.common.ServiceConnectionManager.bindCommon(ServiceConnectionManager.java:325)
07-06 18:54:38.428  5577  5577 E ActivityThread: 	at amazon.speech.simclient.common.AsyncServiceConnectionManager$1.run(AsyncServiceConnectionManager.java:78)
07-06 18:54:38.428  5577  5577 E ActivityThread: 	at java.util.concurrent.ThreadPoolExecutor.runWorker(ThreadPoolExecutor.java:1167)
07-06 18:54:38.428  5577  5577 E ActivityThread: 	at java.util.concurrent.ThreadPoolExecutor$Worker.run(ThreadPoolExecutor.java:641)
07-06 18:54:38.428  5577  5577 E ActivityThread: 	at java.lang.Thread.run(Thread.java:764)
07-06 18:54:38.434  5577  5577 E ActivityThread: Service com.amazon.alexa.externalmediaplayeragent.ExternalMediaPlayerAgentService has leaked ServiceConnection amazon.speech.simclient.event.EventClient$1@f7fc31a that was originally bound here
07-06 18:54:38.434  5577  5577 E ActivityThread: android.app.ServiceConnectionLeaked: Service com.amazon.alexa.externalmediaplayeragent.ExternalMediaPlayerAgentService has leaked ServiceConnection amazon.speech.simclient.event.EventClient$1@f7fc31a that was originally bound here
07-06 18:54:38.434  5577  5577 E ActivityThread: 	at android.app.LoadedApk$ServiceDispatcher.<init>(LoadedApk.java:1641)
07-06 18:54:38.434  5577  5577 E ActivityThread: 	at android.app.LoadedApk.getServiceDispatcher(LoadedApk.java:1533)
07-06 18:54:38.434  5577  5577 E ActivityThread: 	at android.app.ContextImpl.bindServiceCommon(ContextImpl.java:1703)
07-06 18:54:38.434  5577  5577 E ActivityThread: 	at android.app.ContextImpl.bindService(ContextImpl.java:1656)
07-06 18:54:38.434  5577  5577 E ActivityThread: 	at android.content.ContextWrapper.bindService(ContextWrapper.java:698)
07-06 18:54:38.434  5577  5577 E ActivityThread: 	at amazon.speech.simclient.common.ServiceConnectionManager.bindCommon(ServiceConnectionManager.java:325)
07-06 18:54:38.434  5577  5577 E ActivityThread: 	at amazon.speech.simclient.common.AsyncServiceConnectionManager$1.run(AsyncServiceConnectionManager.java:78)
07-06 18:54:38.434  5577  5577 E ActivityThread: 	at java.util.concurrent.ThreadPoolExecutor.runWorker(ThreadPoolExecutor.java:1167)
07-06 18:54:38.434  5577  5577 E ActivityThread: 	at java.util.concurrent.ThreadPoolExecutor$Worker.run(ThreadPoolExecutor.java:641)
07-06 18:54:38.434  5577  5577 E ActivityThread: 	at java.lang.Thread.run(Thread.java:764)
07-06 18:54:47.312   388   478 E storaged: getDiskStats failed with result NOT_SUPPORTED and size 0
07-06 18:55:47.313   388   478 E storaged: getDiskStats failed with result NOT_SUPPORTED and size 0
07-06 18:56:47.313   388   478 E storaged: getDiskStats failed with result NOT_SUPPORTED and size 0
07-06 18:57:47.314   388   478 E storaged: getDiskStats failed with result NOT_SUPPORTED and size 0
07-06 18:58:45.941   372   372 I perfmonitord:StatUtil: CPUUtilization is at 5%
07-06 18:58:45.942   372   372 I perfmonitord:StatUtil: MemoryUtilization is at 65%
07-06 18:58:47.315   388   478 E storaged: getDiskStats failed with result NOT_SUPPORTED and size 0
07-06 18:59:16.772   389   389 W wificond: Scan is not started. Ignore abort request
07-06 18:59:21.064   523   639 I chatty  : uid=1000(system) ConnectivitySer expire 1 line
07-06 18:59:21.234   523  5937 I chatty  : uid=1000 system_server expire 2 lines
07-06 18:59:21.820   523   745 I chatty  : uid=1000(system) TimeServiceThre expire 3 lines
07-06 18:59:22.156   372   372 I perfmonitord:StatUtil: CPUUtilization crossed 95%. Current - 95%
07-06 18:59:23.092   523   534 I chatty  : uid=1000(system) Binder:523_2 expire 1 line
07-06 18:59:23.739  6049  6177 E ActivityThread: Failed to find provider info for com.amazon.tv.channelscan
07-06 18:59:23.744  6049  6177 I chatty  : uid=10138(com.amazon.tv.livetv) identical 1 line
07-06 18:59:23.754  6049  6177 E ActivityThread: Failed to find provider info for com.amazon.tv.channelscan
07-06 18:59:23.882   523   542 I chatty  : uid=1000(system) ActivityManager expire 5 lines
07-06 18:59:24.076  5958  6000 W ContextImpl: Calling a method in the system process without a qualified user: android.app.ContextImpl.bindService:1655 android.content.ContextWrapper.bindService:698 android.content.ContextWrapper.bindService:698 com.amazon.identity.auth.device.framework.BoundServiceCaller.call:9 com.amazon.identity.auth.device.framework.SyncBoundServiceCaller.startAsyncOperation:1 
07-06 18:59:26.164   372   372 I perfmonitord:StatUtil: CPUUtilization now below 95%. Usage - 68%. Total milliseconds above threshold - 4000
07-06 18:59:30.866   523  3256 I chatty  : uid=1000(system) Binder:523_1F expire 4 lines
07-06 18:59:30.885   523  1058 I chatty  : uid=1000(system) Binder:523_5 expire 1 line
07-06 18:59:47.461   388   478 E storaged: getDiskStats failed with result NOT_SUPPORTED and size 0
07-06 19:00:13.637   523  1655 I chatty  : uid=1000(system) Binder:523_A expire 4 lines
07-06 19:00:23.804   523   540 I chatty  : uid=1000(system) ActivityManager expire 12 lines
07-06 19:00:38.390   523   533 I chatty  : uid=1000(system) Binder:523_1 expire 7 lines
07-06 19:00:38.414   523  3257 I chatty  : uid=1000(system) Binder:523_20 expire 2 lines
07-06 19:00:47.462   388   478 E storaged: getDiskStats failed with result NOT_SUPPORTED and size 0
07-06 19:01:23.264  5577  5577 E ActivityThread: Service com.amazon.alexa.externalmediaplayeragent.ExternalMediaPlayerAgentService has leaked ServiceConnection amazon.speech.simclient.focus.ExplicitFocusClient$1@21e7c82 that was originally bound here
07-06 19:01:23.264  5577  5577 E ActivityThread: android.app.ServiceConnectionLeaked: Service com.amazon.alexa.externalmediaplayeragent.ExternalMediaPlayerAgentService has leaked ServiceConnection amazon.speech.simclient.focus.ExplicitFocusClient$1@21e7c82 that was originally bound here
07-06 19:01:23.264  5577  5577 E ActivityThread: 	at android.app.LoadedApk$ServiceDispatcher.<init>(LoadedApk.java:1641)
07-06 19:01:23.264  5577  5577 E ActivityThread: 	at android.app.LoadedApk.getServiceDispatcher(LoadedApk.java:1533)
07-06 19:01:23.264  5577  5577 E ActivityThread: 	at android.app.ContextImpl.bindServiceCommon(ContextImpl.java:1703)
07-06 19:01:23.264  5577  5577 E ActivityThread: 	at android.app.ContextImpl.bindService(ContextImpl.java:1656)
07-06 19:01:23.264  5577  5577 E ActivityThread: 	at android.content.ContextWrapper.bindService(ContextWrapper.java:698)
07-06 19:01:23.264  5577  5577 E ActivityThread: 	at amazon.speech.simclient.common.ServiceConnectionManager.bindCommon(ServiceConnectionManager.java:325)
07-06 19:01:23.264  5577  5577 E ActivityThread: 	at amazon.speech.simclient.common.AsyncServiceConnectionManager$1.run(AsyncServiceConnectionManager.java:78)
07-06 19:01:23.264  5577  5577 E ActivityThread: 	at java.util.concurrent.ThreadPoolExecutor.runWorker(ThreadPoolExecutor.java:1167)
07-06 19:01:23.264  5577  5577 E ActivityThread: 	at java.util.concurrent.ThreadPoolExecutor$Worker.run(ThreadPoolExecutor.java:641)
07-06 19:01:23.264  5577  5577 E ActivityThread: 	at java.lang.Thread.run(Thread.java:764)
07-06 19:01:23.271  5577  5577 E ActivityThread: Service com.amazon.alexa.externalmediaplayeragent.ExternalMediaPlayerAgentService has leaked ServiceConnection amazon.speech.simclient.event.EventClient$1@57ba7c9 that was originally bound here
07-06 19:01:23.271  5577  5577 E ActivityThread: android.app.ServiceConnectionLeaked: Service com.amazon.alexa.externalmediaplayeragent.ExternalMediaPlayerAgentService has leaked ServiceConnection amazon.speech.simclient.event.EventClient$1@57ba7c9 that was originally bound here
07-06 19:01:23.271  5577  5577 E ActivityThread: 	at android.app.LoadedApk$ServiceDispatcher.<init>(LoadedApk.java:1641)
07-06 19:01:23.271  5577  5577 E ActivityThread: 	at android.app.LoadedApk.getServiceDispatcher(LoadedApk.java:1533)
07-06 19:01:23.271  5577  5577 E ActivityThread: 	at android.app.ContextImpl.bindServiceCommon(ContextImpl.java:1703)
07-06 19:01:23.271  5577  5577 E ActivityThread: 	at android.app.ContextImpl.bindService(ContextImpl.java:1656)
07-06 19:01:23.271  5577  5577 E ActivityThread: 	at android.content.ContextWrapper.bindService(ContextWrapper.java:698)
07-06 19:01:23.271  5577  5577 E ActivityThread: 	at amazon.speech.simclient.common.ServiceConnectionManager.bindCommon(ServiceConnectionManager.java:325)
07-06 19:01:23.271  5577  5577 E ActivityThread: 	at amazon.speech.simclient.common.AsyncServiceConnectionManager$1.run(AsyncServiceConnectionManager.java:78)
07-06 19:01:23.271  5577  5577 E ActivityThread: 	at java.util.concurrent.ThreadPoolExecutor.runWorker(ThreadPoolExecutor.java:1167)
07-06 19:01:23.271  5577  5577 E ActivityThread: 	at java.util.concurrent.ThreadPoolExecutor$Worker.run(ThreadPoolExecutor.java:641)
07-06 19:01:23.271  5577  5577 E ActivityThread: 	at java.lang.Thread.run(Thread.java:764)
07-06 19:01:23.277  5577  5577 E ActivityThread: Service com.amazon.alexa.externalmediaplayeragent.ExternalMediaPlayerAgentService has leaked ServiceConnection amazon.speech.simclient.context.ContextClient$1@7875bd0 that was originally bound here
07-06 19:01:23.277  5577  5577 E ActivityThread: android.app.ServiceConnectionLeaked: Service com.amazon.alexa.externalmediaplayeragent.ExternalMediaPlayerAgentService has leaked ServiceConnection amazon.speech.simclient.context.ContextClient$1@7875bd0 that was originally bound here
07-06 19:01:23.277  5577  5577 E ActivityThread: 	at android.app.LoadedApk$ServiceDispatcher.<init>(LoadedApk.java:1641)
07-06 19:01:23.277  5577  5577 E ActivityThread: 	at android.app.LoadedApk.getServiceDispatcher(LoadedApk.java:1533)
07-06 19:01:23.277  5577  5577 E ActivityThread: 	at android.app.ContextImpl.bindServiceCommon(ContextImpl.java:1703)
07-06 19:01:23.277  5577  5577 E ActivityThread: 	at android.app.ContextImpl.bindService(ContextImpl.java:1656)
07-06 19:01:23.277  5577  5577 E ActivityThread: 	at android.content.ContextWrapper.bindService(ContextWrapper.java:698)
07-06 19:01:23.277  5577  5577 E ActivityThread: 	at amazon.speech.simclient.common.ServiceConnectionManager.bindCommon(ServiceConnectionManager.java:325)
07-06 19:01:23.277  5577  5577 E ActivityThread: 	at amazon.speech.simclient.common.AsyncServiceConnectionManager$1.run(AsyncServiceConnectionManager.java:78)
07-06 19:01:23.277  5577  5577 E ActivityThread: 	at java.util.concurrent.ThreadPoolExecutor.runWorker(ThreadPoolExecutor.java:1167)
07-06 19:01:23.277  5577  5577 E ActivityThread: 	at java.util.concurrent.ThreadPoolExecutor$Worker.run(ThreadPoolExecutor.java:641)
07-06 19:01:23.277  5577  5577 E ActivityThread: 	at java.lang.Thread.run(Thread.java:764)
07-06 19:01:23.284  5577  5577 E ActivityThread: Service com.amazon.alexa.externalmediaplayeragent.ExternalMediaPlayerAgentService has leaked ServiceConnection amazon.speech.simclient.directive.DirectiveClient$2@e214818 that was originally bound here
07-06 19:01:23.284  5577  5577 E ActivityThread: android.app.ServiceConnectionLeaked: Service com.amazon.alexa.externalmediaplayeragent.ExternalMediaPlayerAgentService has leaked ServiceConnection amazon.speech.simclient.directive.DirectiveClient$2@e214818 that was originally bound here
07-06 19:01:23.284  5577  5577 E ActivityThread: 	at android.app.LoadedApk$ServiceDispatcher.<init>(LoadedApk.java:1641)
07-06 19:01:23.284  5577  5577 E ActivityThread: 	at android.app.LoadedApk.getServiceDispatcher(LoadedApk.java:1533)
07-06 19:01:23.284  5577  5577 E ActivityThread: 	at android.app.ContextImpl.bindServiceCommon(ContextImpl.java:1703)
07-06 19:01:23.284  5577  5577 E ActivityThread: 	at android.app.ContextImpl.bindService(ContextImpl.java:1656)
07-06 19:01:23.284  5577  5577 E ActivityThread: 	at android.content.ContextWrapper.bindService(ContextWrapper.java:698)
07-06 19:01:23.284  5577  5577 E ActivityThread: 	at amazon.speech.simclient.common.ServiceConnectionManager.bindCommon(ServiceConnectionManager.java:325)
07-06 19:01:23.284  5577  5577 E ActivityThread: 	at amazon.speech.simclient.common.AsyncServiceConnectionManager$1.run(AsyncServiceConnectionManager.java:78)
07-06 19:01:23.284  5577  5577 E ActivityThread: 	at java.util.concurrent.ThreadPoolExecutor.runWorker(ThreadPoolExecutor.java:1167)
07-06 19:01:23.284  5577  5577 E ActivityThread: 	at java.util.concurrent.ThreadPoolExecutor$Worker.run(ThreadPoolExecutor.java:641)
07-06 19:01:23.284  5577  5577 E ActivityThread: 	at java.lang.Thread.run(Thread.java:764)
07-06 19:01:23.286   523  2616 I chatty  : uid=1000(system) Binder:523_18 expire 2 lines
07-06 19:01:47.463   388   478 E storaged: getDiskStats failed with result NOT_SUPPORTED and size 0
07-06 19:02:47.463   388   478 E storaged: getDiskStats failed with result NOT_SUPPORTED and size 0
07-06 19:03:47.465   388   478 E storaged: getDiskStats failed with result NOT_SUPPORTED and size 0
07-06 19:04:47.466   388   478 E storaged: getDiskStats failed with result NOT_SUPPORTED and size 0
07-06 19:05:47.466   388   478 E storaged: getDiskStats failed with result NOT_SUPPORTED and size 0
07-06 19:06:47.467   388   478 E storaged: getDiskStats failed with result NOT_SUPPORTED and size 0
07-06 19:07:47.468   388   478 E storaged: getDiskStats failed with result NOT_SUPPORTED and size 0
07-06 19:08:47.397   372   372 I perfmonitord:StatUtil: CPUUtilization is at 1%
