07-06 20:29:04.742   372   372 I perfmonitord:ProcessRssMonitor: idme@1.1-servic      340   : 2380       448        2828      
07-06 20:29:04.742   372   372 I perfmonitord:ProcessRssMonitor: keymanage@1.0-s      342   : 2232       588        2820      
07-06 20:29:04.742   372   372 I perfmonitord:ProcessRssMonitor: wlan_stats           1294  : 2352       460        2812      
07-06 20:29:04.742   372   372 I perfmonitord:ProcessRssMonitor: allocator@1.0-s      292   : 2320       480        2800      
07-06 20:29:04.742   372   372 I perfmonitord:ProcessRssMonitor: mediametrics@1.      341   : 2224       540        2764      
07-06 20:29:04.742   372   372 I perfmonitord:ProcessRssMonitor: drm@1.1-service      301   : 1656       1080       2736      
07-06 20:29:04.742   372   372 I perfmonitord:ProcessRssMonitor: drmprov@1.0-ser      319   : 2140       592        2732      
07-06 20:29:04.742   372   372 I perfmonitord:ProcessRssMonitor: networkpower@1.      318   : 2196       536        2732      
07-06 20:29:04.742   372   372 I perfmonitord:ProcessRssMonitor: gatekeeper@1.0-      304   : 2140       576        2716      
07-06 20:29:04.742   372   372 I perfmonitord:ProcessRssMonitor: vndservicemanag      220   : 2172       536        2708      
07-06 20:29:04.742   372   372 I perfmonitord:ProcessRssMonitor: drm@1.0-service      296   : 1900       804        2704      
07-06 20:29:04.742   372   372 I perfmonitord:ProcessRssMonitor: integrity_logge      404   : 2332       312        2644      
07-06 20:29:04.742   372   372 I perfmonitord:ProcessRssMonitor: ip6tables-resto      299   : 2360       280        2640      
07-06 20:29:04.742   372   372 I perfmonitord:ProcessRssMonitor: bluetooth@1.0-s      293   : 2064       528        2592      
07-06 20:29:04.742   372   372 I perfmonitord:ProcessRssMonitor: usb@1.1-service      312   : 1900       688        2588      
07-06 20:29:04.742   372   372 I perfmonitord:ProcessRssMonitor: logcat               4118  : 2252       328        2580      
07-06 20:29:04.742   372   372 I perfmonitord:ProcessRssMonitor: rpmb_svc             416   : 2140       436        2576      
07-06 20:29:04.742   372   372 I perfmonitord:ProcessRssMonitor: hdmi@1.1-servic      399   : 2052       524        2576      
07-06 20:29:04.742   372   372 I perfmonitord:ProcessRssMonitor: securetime           396   : 2184       388        2572      
07-06 20:29:04.742   372   372 I perfmonitord:ProcessRssMonitor: iptables-restor      298   : 2268       276        2544      
07-06 20:29:04.742   372   372 I perfmonitord:ProcessRssMonitor: kisd                 265   : 2060       464        2524      
07-06 20:29:04.742   372   372 I perfmonitord:ProcessRssMonitor: configstore@1.1      295   : 1696       776        2472      
07-06 20:29:04.742   372   372 I perfmonitord:ProcessRssMonitor: init                 1     : 1580       888        2468      
07-06 20:29:04.742   372   372 I perfmonitord:ProcessRssMonitor: tombstoned           405   : 2088       376        2464      
07-06 20:29:04.742   372   372 I perfmonitord:ProcessRssMonitor: leakrecoveryd        368   : 1860       568        2428      
07-06 20:29:04.742   372   372 I perfmonitord:ProcessRssMonitor: lmkd                 217   : 2192       0          2192      
07-06 20:29:04.742   372   372 I perfmonitord:ProcessRssMonitor: init                 191   : 256        512        768       
07-06 20:29:04.742   372   372 I perfmonitord:ProcessRssMonitor: ueventd              194   : 320        424        744       
07-06 20:29:04.742   372   372 I perfmonitord:ProcessRssMonitor: mdnsd                5859  : 508        108        616       
07-06 20:29:04.742   372   372 I perfmonitord:ProcessRssMonitor: init                 192   : 84         312        396       
07-06 20:29:04.742   372   372 I perfmonitord:ProcessRssMonitor: watchdogd            344   : 152        128        280       
07-06 20:29:47.838   388   478 E storaged: getDiskStats failed with result NOT_SUPPORTED and size 0
07-06 20:30:47.839   388   478 E storaged: getDiskStats failed with result NOT_SUPPORTED and size 0
07-06 20:31:47.840   388   478 E storaged: getDiskStats failed with result NOT_SUPPORTED and size 0
07-06 20:32:47.840   388   478 E storaged: getDiskStats failed with result NOT_SUPPORTED and size 0
07-06 20:33:47.841   388   478 E storaged: getDiskStats failed with result NOT_SUPPORTED and size 0
07-06 20:34:47.842   388   478 E storaged: getDiskStats failed with result NOT_SUPPORTED and size 0
07-06 20:35:47.842   388   478 E storaged: getDiskStats failed with result NOT_SUPPORTED and size 0
07-06 20:36:47.843   388   478 E storaged: getDiskStats failed with result NOT_SUPPORTED and size 0
07-06 20:37:47.843   388   478 E storaged: getDiskStats failed with result NOT_SUPPORTED and size 0
07-06 20:38:47.844   388   478 E storaged: getDiskStats failed with result NOT_SUPPORTED and size 0
07-06 20:38:58.970   372   372 I perfmonitord:StatUtil: CPUUtilization is at 5%
07-06 20:38:58.970   372   372 I perfmonitord:StatUtil: MemoryUtilization is at 68%
07-06 20:39:47.845   388   478 E storaged: getDiskStats failed with result NOT_SUPPORTED and size 0
07-06 20:40:47.845   388   478 E storaged: getDiskStats failed with result NOT_SUPPORTED and size 0
07-06 20:41:47.846   388   478 E storaged: getDiskStats failed with result NOT_SUPPORTED and size 0
07-06 20:42:47.847   388   478 E storaged: getDiskStats failed with result NOT_SUPPORTED and size 0
07-06 20:43:47.847   388   478 E storaged: getDiskStats failed with result NOT_SUPPORTED and size 0
07-06 20:44:33.912  8614  8614 I AmazonHdmiServiceManager: AmazonHdmiServiceManager created
07-06 20:44:47.848   388   478 E storaged: getDiskStats failed with result NOT_SUPPORTED and size 0
07-06 20:45:34.375   523  3256 I chatty  : uid=1000(system) Binder:523_1F expire 1 line
07-06 20:45:47.849   388   478 E storaged: getDiskStats failed with result NOT_SUPPORTED and size 0
07-06 20:46:47.849   388   478 E storaged: getDiskStats failed with result NOT_SUPPORTED and size 0
07-06 20:47:47.850   388   478 E storaged: getDiskStats failed with result NOT_SUPPORTED and size 0
07-06 20:48:47.851   388   478 E storaged: getDiskStats failed with result NOT_SUPPORTED and size 0
07-06 20:49:00.210   372   372 I perfmonitord:StatUtil: CPUUtilization is at 4%
07-06 20:49:00.210   372   372 I perfmonitord:StatUtil: MemoryUtilization is at 68%
07-06 20:49:47.851   388   478 E storaged: getDiskStats failed with result NOT_SUPPORTED and size 0
07-06 20:50:47.852   388   478 E storaged: getDiskStats failed with result NOT_SUPPORTED and size 0
07-06 20:51:47.853   388   478 E storaged: getDiskStats failed with result NOT_SUPPORTED and size 0
07-06 20:52:47.853   388   478 E storaged: getDiskStats failed with result NOT_SUPPORTED and size 0
07-06 20:53:47.854   388   478 E storaged: getDiskStats failed with result NOT_SUPPORTED and size 0
07-06 20:54:47.854   388   478 E storaged: getDiskStats failed with result NOT_SUPPORTED and size 0
07-06 20:55:47.855   388   478 E storaged: getDiskStats failed with result NOT_SUPPORTED and size 0
07-06 20:56:47.856   388   478 E storaged: getDiskStats failed with result NOT_SUPPORTED and size 0
07-06 20:57:47.856   388   478 E storaged: getDiskStats failed with result NOT_SUPPORTED and size 0
07-06 20:58:47.857   388   478 E storaged: getDiskStats failed with result NOT_SUPPORTED and size 0
07-06 20:59:01.455   372   372 I perfmonitord:StatUtil: CPUUtilization is at 4%
07-06 20:59:01.455   372   372 I perfmonitord:StatUtil: MemoryUtilization is at 67%
07-06 20:59:47.857   388   478 E storaged: getDiskStats failed with result NOT_SUPPORTED and size 0
07-06 21:00:47.858   388   478 E storaged: getDiskStats failed with result NOT_SUPPORTED and size 0
07-06 21:01:47.859   388   478 E storaged: getDiskStats failed with result NOT_SUPPORTED and size 0
07-06 21:02:47.859   388   478 E storaged: getDiskStats failed with result NOT_SUPPORTED and size 0
07-06 21:03:47.860   388   478 E storaged: getDiskStats failed with result NOT_SUPPORTED and size 0
07-06 21:04:47.861   388   478 E storaged: getDiskStats failed with result NOT_SUPPORTED and size 0
07-06 21:05:47.861   388   478 E storaged: getDiskStats failed with result NOT_SUPPORTED and size 0
07-06 21:06:47.862   388   478 E storaged: getDiskStats failed with result NOT_SUPPORTED and size 0
07-06 21:07:47.862   388   478 E storaged: getDiskStats failed with result NOT_SUPPORTED and size 0
07-06 21:08:47.863   388   478 E storaged: getDiskStats failed with result NOT_SUPPORTED and size 0
07-06 21:09:02.709   372   372 I perfmonitord:StatUtil: CPUUtilization is at 5%
07-06 21:09:02.710   372   372 I perfmonitord:StatUtil: MemoryUtilization is at 66%
07-06 21:09:47.864   388   478 E storaged: getDiskStats failed with result NOT_SUPPORTED and size 0
07-06 21:10:47.864   388   478 E storaged: getDiskStats failed with result NOT_SUPPORTED and size 0
07-06 21:11:47.865   388   478 E storaged: getDiskStats failed with result NOT_SUPPORTED and size 0
07-06 21:11:48.824   523   539 I chatty  : uid=1000(system) android.bg expire 4 lines
07-06 21:12:47.866   388   478 E storaged: getDiskStats failed with result NOT_SUPPORTED and size 0
07-06 21:13:47.867   388   478 E storaged: getDiskStats failed with result NOT_SUPPORTED and size 0
07-06 21:14:47.867   388   478 E storaged: getDiskStats failed with result NOT_SUPPORTED and size 0
07-06 21:15:48.013   388   478 E storaged: getDiskStats failed with result NOT_SUPPORTED and size 0
07-06 21:16:48.013   388   478 E storaged: getDiskStats failed with result NOT_SUPPORTED and size 0
07-06 21:17:48.014   388   478 E storaged: getDiskStats failed with result NOT_SUPPORTED and size 0
07-06 21:18:48.014   388   478 E storaged: getDiskStats failed with result NOT_SUPPORTED and size 0
07-06 21:19:03.957   372   372 I perfmonitord:StatUtil: CPUUtilization is at 5%
07-06 21:19:03.958   372   372 I perfmonitord:StatUtil: MemoryUtilization is at 65%
07-06 21:19:45.535   523  2614 I chatty  : uid=1000(system) Binder:523_17 expire 1 line
07-06 21:19:45.562   523  1922 I chatty  : uid=1000(system) Binder:523_12 expire 4 lines
07-06 21:19:45.749   523  3255 I chatty  : uid=1000(system) Binder:523_1E expire 3 lines
07-06 21:19:45.836  9142  9142 I AmazonHdmiServiceManager: AmazonHdmiServiceManager created
07-06 21:19:46.026   523   542 I chatty  : uid=1000(system) ActivityManager expire 13 lines
07-06 21:19:48.015   388   478 E storaged: getDiskStats failed with result NOT_SUPPORTED and size 0
07-06 21:20:48.016   388   478 E storaged: getDiskStats failed with result NOT_SUPPORTED and size 0
07-06 21:21:48.017   388   478 E storaged: getDiskStats failed with result NOT_SUPPORTED and size 0
07-06 21:22:48.017   388   478 E storaged: getDiskStats failed with result NOT_SUPPORTED and size 0
07-06 21:23:48.018   388   478 E storaged: getDiskStats failed with result NOT_SUPPORTED and size 0
07-06 21:24:48.019   388   478 E storaged: getDiskStats failed with result NOT_SUPPORTED and size 0
07-06 21:25:48.019   388   478 E storaged: getDiskStats failed with result NOT_SUPPORTED and size 0
07-06 21:26:48.020   388   478 E storaged: getDiskStats failed with result NOT_SUPPORTED and size 0
07-06 21:27:48.021   388   478 E storaged: getDiskStats failed with result NOT_SUPPORTED and size 0
07-06 21:28:48.022   388   478 E storaged: getDiskStats failed with result NOT_SUPPORTED and size 0
07-06 21:29:05.268   372   372 I perfmonitord: Current status: 
07-06 21:29:05.268   372   372 I perfmonitord: Benefits string: 
07-06 21:29:05.268   372   372 E perfmonitord:StatUtil: Error of parsing benefits string
07-06 21:29:05.272   372   372 I perfmonitord:ProcessCpuMonitor: 
07-06 21:29:05.272   372   372 I perfmonitord:ProcessCpuMonitor: Process Name         PID   : CPU % 
07-06 21:29:05.272   372   372 I perfmonitord:ProcessCpuMonitor: 
07-06 21:29:05.272   372   372 I perfmonitord:ProcessCpuMonitor: system_server        523   : 14.72% 
07-06 21:29:05.272   372   372 I perfmonitord:ProcessCpuMonitor: ksmd                 26    : 1.95% 
07-06 21:29:05.272   372   372 I perfmonitord:ProcessCpuMonitor: com.amazon.avod      6884  : 0.94% 
07-06 21:29:05.272   372   372 I perfmonitord:ProcessCpuMonitor: .amazon.vizzini      1553  : 0.57% 
07-06 21:29:05.272   372   372 I perfmonitord:ProcessCpuMonitor: zon.tv.launcher      1688  : 0.29% 
07-06 21:29:05.272   372   372 I perfmonitord:ProcessCpuMonitor: id.providers.tv      4124  : 0.26% 
07-06 21:29:05.272   372   372 I perfmonitord:ProcessCpuMonitor: rcu_preempt          7     : 0.20% 
07-06 21:29:05.272   372   372 I perfmonitord:ProcessCpuMonitor: audio@2.0-servi      317   : 0.19% 
07-06 21:29:05.272   372   372 I perfmonitord:ProcessCpuMonitor: v.devicecontrol      1593  : 0.13% 
07-06 21:29:05.272   372   372 I perfmonitord:ProcessCpuMonitor: perfmonitord         372   : 0.12% 
07-06 21:29:05.273   372   372 I perfmonitord:StatUtil: CPUUtilization is at 6%
07-06 21:29:05.273   372   372 I perfmonitord:StatUtil: MemoryUtilization is at 65%
07-06 21:29:06.286   372   372 I perfmonitord: Current status: 
07-06 21:29:06.286   372   372 I perfmonitord: Benefits string: 
07-06 21:29:06.286   372   372 E perfmonitord:StatUtil: Error of parsing benefits string
07-06 21:29:06.287   372   372 I perfmonitord:ProcessMemMonitor: integrity_logge      404   : 461  
07-06 21:29:06.287   372   372 I perfmonitord:ProcessMemMonitor: tombstoned           405   : 425  
07-06 21:29:07.290   372   372 E perfmonitord:StatUtil: file open error is - Permission denied
07-06 21:29:07.291   372   372 I chatty  : uid=0(root) /system/bin/perfmonitord identical 10 lines
07-06 21:29:07.291   372   372 E perfmonitord:StatUtil: file open error is - Permission denied
07-06 21:29:07.292   372   372 I perfmonitord: Current status: 
07-06 21:29:07.292   372   372 I perfmonitord: Benefits string: 
07-06 21:29:07.292   372   372 E perfmonitord:StatUtil: Error of parsing benefits string
07-06 21:29:07.294   372   372 I perfmonitord:SystemMemMonitor: mem_total = 921136 Kb
07-06 21:29:07.294   372   372 I perfmonitord:SystemMemMonitor: mem_free = 51660 Kb
07-06 21:29:07.294   372   372 I perfmonitord:SystemMemMonitor: mem_available = 326036 Kb
07-06 21:29:07.294   372   372 I perfmonitord:SystemMemMonitor: mem_buffers = 4620 Kb
07-06 21:29:07.294   372   372 I perfmonitord:SystemMemMonitor: mem_cached = 331276 Kb
07-06 21:29:07.294   372   372 I perfmonitord:SystemMemMonitor: mem_active_anon = 118016 Kb
07-06 21:29:07.294   372   372 I perfmonitord:SystemMemMonitor: mem_inactive_anon = 119724 Kb
07-06 21:29:07.294   372   372 I perfmonitord:SystemMemMonitor: mem_active_file = 166860 Kb
07-06 21:29:07.294   372   372 I perfmonitord:SystemMemMonitor: mem_inactive_file = 166660 Kb
07-06 21:29:07.294   372   372 I perfmonitord:SystemMemMonitor: mem_swap_total = 393212 Kb
07-06 21:29:07.294   372   372 I perfmonitord:SystemMemMonitor: mem_swap_free = 222852 Kb
07-06 21:29:07.294   372   372 I perfmonitord:SystemMemMonitor: mem_swap_uncompressed = 170360 Kb
07-06 21:29:07.294   372   372 I perfmonitord:SystemMemMonitor: zram_mem_used_kb = 56304 Kb
07-06 21:29:07.294   372   372 I perfmonitord:SystemMemMonitor: mem_shmem = 328 Kb
07-06 21:29:07.294   372   372 I perfmonitord:SystemMemMonitor: mem_s_unreclaim = 46856 Kb
07-06 21:29:07.294   372   372 I perfmonitord:SystemMemMonitor: mem_kernel_stack = 15920 Kb
07-06 21:29:07.294   372   372 I perfmonitord:SystemMemMonitor: mem_page_tables = 34192 Kb
07-06 21:29:07.294   372   372 I perfmonitord:SystemMemMonitor: mem_other_free = 22072 Kb
07-06 21:29:07.294   372   372 I perfmonitord:SystemMemMonitor: mem_other_file = 332984 Kb
07-06 21:29:07.294   372   372 I perfmonitord:SystemMemMonitor: mem_ksm_pages_sharing = 0 Kb
07-06 21:29:07.294   372   372 I perfmonitord:SystemMemMonitor: mem_ksm_overhead = 0 Kb
07-06 21:29:07.294   372   372 I perfmonitord:SystemMemMonitor: mem_ksm_saving = 0 Kb
07-06 21:29:07.294   372   372 I perfmonitord:SystemMemMonitor: lmk_kills_backup = 0
07-06 21:29:07.294   372   372 I perfmonitord:SystemMemMonitor: lmk_kills_fg = 0
07-06 21:29:07.294   372   372 I perfmonitord:SystemMemMonitor: lmk_kills_other = 0
07-06 21:29:07.294   372   372 I perfmonitord:SystemMemMonitor: lmk_kills_perceptible = 0
07-06 21:29:07.294   372   372 I perfmonitord:SystemMemMonitor: lmk_kills_persistent = 0
07-06 21:29:07.294   372   372 I perfmonitord:SystemMemMonitor: lmk_kills_visible = 0
07-06 21:29:12.362   372   372 I perfmonitord:ProcessRssMonitor: 
07-06 21:29:12.362   372   372 I perfmonitord:ProcessRssMonitor: Process Name         PID   : RSS(kb)    RSWAP(kb)  Total RSS  
07-06 21:29:12.362   372   372 I perfmonitord:ProcessRssMonitor: 
07-06 21:29:12.362   372   372 I perfmonitord:ProcessRssMonitor: com.amazon.avod      6884  : 103244     6624       109868    
07-06 21:29:12.362   372   372 I perfmonitord:ProcessRssMonitor: .tv.settings.v2      9142  : 96784      5676       102460    
07-06 21:29:12.362   372   372 I perfmonitord:ProcessRssMonitor: zon.tv.launcher      1688  : 83696      16568      100264    
07-06 21:29:12.362   372   372 I perfmonitord:ProcessRssMonitor: system_server        523   : 83048      11692      94740     
07-06 21:29:12.362   372   372 I perfmonitord:ProcessRssMonitor: n.kso.blackbird      8893  : 86644      5680       92324     
07-06 21:29:12.362   372   372 I perfmonitord:ProcessRssMonitor: android.service      9043  : 82624      5748       88372     
07-06 21:29:12.362   372   372 I perfmonitord:ProcessRssMonitor: .service:remote      9210  : 80788      5776       86564     
07-06 21:29:12.362   372   372 I perfmonitord:ProcessRssMonitor: ce.crashmanager      9059  : 79152      5788       84940     
07-06 21:29:12.362   372   372 I perfmonitord:ProcessRssMonitor: ce.software.ota      9002  : 77144      5908       83052     
07-06 21:29:12.362   372   372 I perfmonitord:ProcessRssMonitor: .amazon.ceviche      7329  : 76144      5668       81812     
07-06 21:29:12.362   372   372 I perfmonitord:ProcessRssMonitor: ainet.androidtv      7588  : 76132      5544       81676     
07-06 21:29:12.362   372   372 I perfmonitord:ProcessRssMonitor: mazon.dpcclient      9035  : 75212      5876       81088     
07-06 21:29:12.362   372   372 I perfmonitord:ProcessRssMonitor: .amazon.vizzini      1553  : 66472      10436      76908     
07-06 21:29:12.362   372   372 I perfmonitord:ProcessRssMonitor: iders.downloads      9083  : 67716      6036       73752     
07-06 21:29:12.362   372   372 I perfmonitord:ProcessRssMonitor: om.amazon.diode      7391  : 67552      5840       73392     
07-06 21:29:12.362   372   372 I perfmonitord:ProcessRssMonitor: id.providers.tv      4124  : 60048      6576       66624     
07-06 21:29:12.362   372   372 I perfmonitord:ProcessRssMonitor: device.services      807   : 52952      8840       61792     
07-06 21:29:12.362   372   372 I perfmonitord:ProcessRssMonitor: ce.sale.service      4245  : 50256      6784       57040     
07-06 21:29:12.362   372   372 I perfmonitord:ProcessRssMonitor: id.proxyhandler      24684 : 47552      7608       55160     
07-06 21:29:12.362   372   372 I perfmonitord:ProcessRssMonitor: v.devicecontrol      1593  : 43640      7500       51140     
07-06 21:29:12.362   372   372 I perfmonitord:ProcessRssMonitor: evice.messaging      1209  : 43096      7612       50708     
07-06 21:29:12.362   372   372 I perfmonitord:ProcessRssMonitor: om.amazon.tcomm      1579  : 43588      6912       50500     
07-06 21:29:12.362   372   372 I perfmonitord:ProcessRssMonitor: .client.metrics      1237  : 41920      7012       48932     
07-06 21:29:12.362   372   372 I perfmonitord:ProcessRssMonitor: nk.core.android      5202  : 40440      7860       48300     
07-06 21:29:12.362   372   372 I perfmonitord:ProcessRssMonitor: com.amazon.imp       933   : 41284      6524       47808     
07-06 21:29:12.362   372   372 I perfmonitord:ProcessRssMonitor: n.middleware.np      3591  : 37296      8304       45600     
07-06 21:29:12.362   372   372 I perfmonitord:ProcessRssMonitor: com.amazon.whad      1613  : 34720      10728      45448     
07-06 21:29:12.362   372   372 I perfmonitord:ProcessRssMonitor: droid.bluetooth      773   : 34236      8632       42868     
07-06 21:29:12.362   372   372 I perfmonitord:ProcessRssMonitor: m.amazon.tv.ime      800   : 29472      12640      42112     
07-06 21:29:12.362   372   372 I perfmonitord:ProcessRssMonitor: s.sdk.ftve.addp      13367 : 32868      8260       41128     
07-06 21:29:12.362   372   372 I perfmonitord:ProcessRssMonitor: yer.runtime.ftv      4069  : 22996      15016      38012     
07-06 21:29:12.362   372   372 I perfmonitord:ProcessRssMonitor: id.ext.services      1128  : 21584      9292       30876     
07-06 21:29:12.362   372   372 I perfmonitord:ProcessRssMonitor: ivitycontroller      1998  : 21704      8732       30436     
07-06 21:29:12.362   372   372 I perfmonitord:ProcessRssMonitor: .rdmapplication      2644  : 21256      8828       30084     
07-06 21:29:12.362   372   372 I perfmonitord:ProcessRssMonitor: on.device.blepa      7253  : 20244      8176       28420     
07-06 21:29:12.362   372   372 I perfmonitord:ProcessRssMonitor: main                 277   : 20736      7044       27780     
07-06 21:29:12.363   372   372 I perfmonitord:ProcessRssMonitor: ryconfigservice      1844  : 18744      7988       26732     
07-06 21:29:12.363   372   372 I perfmonitord:ProcessRssMonitor: webview_zygote       819   : 15428      10684      26112     
07-06 21:29:12.363   372   372 I perfmonitord:ProcessRssMonitor: n.systemnotices      3984  : 17144      7916       25060     
07-06 21:29:12.363   372   372 I perfmonitord:ProcessRssMonitor: logd                 216   : 7616       1012       8628      
07-06 21:29:12.363   372   372 I perfmonitord:ProcessRssMonitor: surfaceflinger       349   : 3188       3636       6824      
07-06 21:29:12.363   372   372 I perfmonitord:ProcessRssMonitor: audioserver          346   : 3192       2672       5864      
07-06 21:29:12.363   372   372 I perfmonitord:ProcessRssMonitor: mediaserver          384   : 3208       1764       4972      
07-06 21:29:12.363   372   372 I perfmonitord:ProcessRssMonitor: omx@1.0-service      392   : 2468       2424       4892      
07-06 21:29:12.363   372   372 I perfmonitord:ProcessRssMonitor: audio@2.0-servi      317   : 2308       2248       4556      
07-06 21:29:12.363   372   372 I perfmonitord:ProcessRssMonitor: mediaextractor       381   : 2512       2020       4532      
07-06 21:29:12.363   372   372 I perfmonitord:ProcessRssMonitor: storaged             388   : 3784       496        4280      
07-06 21:29:12.363   372   372 I perfmonitord:ProcessRssMonitor: mediametrics         382   : 2640       1480       4120      
07-06 21:29:12.363   372   372 I perfmonitord:ProcessRssMonitor: cameraserver         374   : 2616       1504       4120      
07-06 21:29:12.363   372   372 I perfmonitord:ProcessRssMonitor: keystore             379   : 3476       604        4080      
07-06 21:29:12.363   372   372 I perfmonitord:ProcessRssMonitor: drmserver            376   : 2500       1420       3920      
07-06 21:29:12.363   372   372 I perfmonitord:ProcessRssMonitor: /system/bin/installd 378   : 2724       1052       3776      
07-06 21:29:12.363   372   372 I perfmonitord:ProcessRssMonitor: /system/bin/netd     276   : 2944       780        3724      
07-06 21:29:12.363   372   372 I perfmonitord:ProcessRssMonitor: composer@2.1-se      308   : 2068       1568       3636      
07-06 21:29:12.363   372   372 I perfmonitord:ProcessRssMonitor: avsyncservice        394   : 2476       1148       3624      
07-06 21:29:12.363   372   372 I perfmonitord:ProcessRssMonitor: perfmonitord         372   : 3176       424        3600      
07-06 21:29:12.363   372   372 I perfmonitord:ProcessRssMonitor: /system/bin/vold     222   : 2460       1076       3536      
07-06 21:29:12.363   372   372 I perfmonitord:ProcessRssMonitor: allocator@2.0-s      307   : 2496       992        3488      
07-06 21:29:12.363   372   372 I perfmonitord:ProcessRssMonitor: /system/bin/statsd   387   : 2616       728        3344      
07-06 21:29:12.363   372   372 I perfmonitord:ProcessRssMonitor: hwservicemanage      219   : 2868       464        3332      
07-06 21:29:12.363   372   372 I perfmonitord:ProcessRssMonitor: wificond             389   : 2660       672        3332      
07-06 21:29:12.363   372   372 I perfmonitord:ProcessRssMonitor: wifi@1.0-servic      313   : 2920       364        3284      
07-06 21:29:12.363   372   372 I perfmonitord:ProcessRssMonitor: /system/bin/amazonfiled 373   : 2468       780        3248      
07-06 21:29:12.363   372   372 I perfmonitord:ProcessRssMonitor: inlocservice         263   : 2664       564        3228      
07-06 21:29:12.363   372   372 I perfmonitord:ProcessRssMonitor: perfstatsd           369   : 2504       688        3192      
07-06 21:29:12.363   372   372 I perfmonitord:ProcessRssMonitor: /system/bin/incidentd 377   : 2492       684        3176      
07-06 21:29:12.363   372   372 I perfmonitord:ProcessRssMonitor: thermalserviced      351   : 2496       648        3144      
07-06 21:29:12.363   372   372 I perfmonitord:ProcessRssMonitor: wpa_supplicant       5892  : 2480       636        3116      
07-06 21:29:12.363   372   372 I perfmonitord:ProcessRssMonitor: cloud_pairing_s      261   : 2396       704        3100      
07-06 21:29:12.363   372   372 I perfmonitord:ProcessRssMonitor: drm@1.1-service      300   : 2380       712        3092      
07-06 21:29:12.363   372   372 I perfmonitord:ProcessRssMonitor: amazonthermal@1      314   : 1940       1104       3044      
07-06 21:29:12.363   372   372 I perfmonitord:ProcessRssMonitor: hdcp@1.0-servic      322   : 2244       760        3004      
07-06 21:29:12.363   372   372 I perfmonitord:ProcessRssMonitor: neo-init-runas       281   : 2604       384        2988      
07-06 21:29:12.363   372   372 I perfmonitord:ProcessRssMonitor: neo-service-coo      282   : 2612       368        2980      
07-06 21:29:12.363   372   372 I perfmonitord:ProcessRssMonitor: mediadrmserver       380   : 2120       852        2972      
07-06 21:29:12.363   372   372 I perfmonitord:ProcessRssMonitor: whad_cc              371   : 2348       612        2960      
07-06 21:29:12.363   372   372 I perfmonitord:ProcessRssMonitor: cec@1.0-service      311   : 2176       776        2952      
07-06 21:29:12.363   372   372 I perfmonitord:ProcessRssMonitor: servicemanager       218   : 2524       420        2944      
07-06 21:29:12.363   372   372 I perfmonitord:ProcessRssMonitor: fireosdha@1.0-s      321   : 2388       540        2928      
07-06 21:29:12.363   372   372 I perfmonitord:ProcessRssMonitor: provider@2.4-ex      294   : 1912       992        2904      
07-06 21:29:12.363   372   372 I perfmonitord:ProcessRssMonitor: zon.dialservice      1338  : 2220       668        2888      
07-06 21:29:12.363   372   372 I perfmonitord:ProcessRssMonitor: hdmitxinfo@1.0-      326   : 2436       448        2884      
07-06 21:29:12.363   372   372 I perfmonitord:ProcessRssMonitor: keymaster@3.0-s      221   : 2388       488        2876      
07-06 21:29:12.363   372   372 I perfmonitord:ProcessRssMonitor: gatekeeperd          403   : 2088       784        2872      
07-06 21:29:12.363   372   372 I perfmonitord:ProcessRssMonitor: memtrack@1.0-se      310   : 2472       400        2872      
07-06 21:29:12.363   372   372 I perfmonitord:ProcessRssMonitor: health@2.0-serv      309   : 2408       432        2840      
07-06 21:29:12.363   372   372 I perfmonitord:ProcessRssMonitor: idme@1.1-servic      340   : 2244       584        2828      
07-06 21:29:12.363   372   372 I perfmonitord:ProcessRssMonitor: keymanage@1.0-s      342   : 2232       588        2820      
07-06 21:29:12.363   372   372 I perfmonitord:ProcessRssMonitor: wlan_stats           1294  : 2368       448        2816      
07-06 21:29:12.363   372   372 I perfmonitord:ProcessRssMonitor: allocator@1.0-s      292   : 2320       480        2800      
07-06 21:29:12.363   372   372 I perfmonitord:ProcessRssMonitor: mediametrics@1.      341   : 2224       540        2764      
07-06 21:29:12.363   372   372 I perfmonitord:ProcessRssMonitor: drmprov@1.0-ser      319   : 2140       592        2732      
07-06 21:29:12.363   372   372 I perfmonitord:ProcessRssMonitor: networkpower@1.      318   : 2196       536        2732      
07-06 21:29:12.363   372   372 I perfmonitord:ProcessRssMonitor: gatekeeper@1.0-      304   : 2140       576        2716      
07-06 21:29:12.363   372   372 I perfmonitord:ProcessRssMonitor: vndservicemanag      220   : 2172       536        2708      
07-06 21:29:12.363   372   372 I perfmonitord:ProcessRssMonitor: bluetooth@1.0-s      293   : 2128       528        2656      
07-06 21:29:12.363   372   372 I perfmonitord:ProcessRssMonitor: integrity_logge      404   : 2332       312        2644      
07-06 21:29:12.363   372   372 I perfmonitord:ProcessRssMonitor: drm@1.1-service      297   : 2004       628        2632      
07-06 21:29:12.363   372   372 I perfmonitord:ProcessRssMonitor: usb@1.1-service      312   : 1900       716        2616      
07-06 21:29:12.363   372   372 I perfmonitord:ProcessRssMonitor: hdmi@1.1-servic      399   : 2068       536        2604      
07-06 21:29:12.363   372   372 I perfmonitord:ProcessRssMonitor: logcat               4118  : 2252       328        2580      
07-06 21:29:12.363   372   372 I perfmonitord:ProcessRssMonitor: rpmb_svc             416   : 2140       436        2576      
07-06 21:29:12.363   372   372 I perfmonitord:ProcessRssMonitor: securetime           396   : 2184       388        2572      
07-06 21:29:12.363   372   372 I perfmonitord:ProcessRssMonitor: kisd                 265   : 2060       464        2524      
07-06 21:29:12.363   372   372 I perfmonitord:ProcessRssMonitor: ip6tables-resto      299   : 2192       288        2480      
07-06 21:29:12.363   372   372 I perfmonitord:ProcessRssMonitor: configstore@1.1      295   : 1696       776        2472      
07-06 21:29:12.363   372   372 I perfmonitord:ProcessRssMonitor: tombstoned           405   : 2088       376        2464      
07-06 21:29:12.363   372   372 I perfmonitord:ProcessRssMonitor: drm@1.1-service      301   : 1368       1088       2456      
07-06 21:29:12.363   372   372 I perfmonitord:ProcessRssMonitor: leakrecoveryd        368   : 1860       568        2428      
07-06 21:29:12.363   372   372 I perfmonitord:ProcessRssMonitor: iptables-restor      298   : 2100       288        2388      
07-06 21:29:12.363   372   372 I perfmonitord:ProcessRssMonitor: drm@1.0-service      296   : 1388       980        2368      
07-06 21:29:12.363   372   372 I perfmonitord:ProcessRssMonitor: lmkd                 217   : 2192       0          2192      
07-06 21:29:12.363   372   372 I perfmonitord:ProcessRssMonitor: init                 1     : 900        916        1816      
07-06 21:29:12.363   372   372 I perfmonitord:ProcessRssMonitor: init                 191   : 256        512        768       
07-06 21:29:12.363   372   372 I perfmonitord:ProcessRssMonitor: ueventd              194   : 120        624        744       
07-06 21:29:12.363   372   372 I perfmonitord:ProcessRssMonitor: mdnsd                5859  : 400        128        528       
07-06 21:29:12.363   372   372 I perfmonitord:ProcessRssMonitor: init                 192   : 84         312        396       
07-06 21:29:12.363   372   372 I perfmonitord:ProcessRssMonitor: watchdogd            344   : 136        128        264       
07-06 21:29:48.022   388   478 E storaged: getDiskStats failed with result NOT_SUPPORTED and size 0
07-06 21:30:48.023   388   478 E storaged: getDiskStats failed with result NOT_SUPPORTED and size 0
07-06 21:31:48.024   388   478 E storaged: getDiskStats failed with result NOT_SUPPORTED and size 0
07-06 21:32:48.024   388   478 E storaged: getDiskStats failed with result NOT_SUPPORTED and size 0
07-06 21:33:48.025   388   478 E storaged: getDiskStats failed with result NOT_SUPPORTED and size 0
07-06 21:34:48.026   388   478 E storaged: getDiskStats failed with result NOT_SUPPORTED and size 0
07-06 21:35:48.026   388   478 E storaged: getDiskStats failed with result NOT_SUPPORTED and size 0
07-06 21:36:48.027   388   478 E storaged: getDiskStats failed with result NOT_SUPPORTED and size 0
07-06 21:37:18.295  9377  9413 E ActivityThread: Failed to find provider info for com.amazon.tv.channelscan
07-06 21:37:18.295  9377  9413 I chatty  : uid=10138(com.amazon.tv.livetv) identical 1 line
07-06 21:37:18.296  9377  9413 E ActivityThread: Failed to find provider info for com.amazon.tv.channelscan
07-06 21:37:48.028   388   478 E storaged: getDiskStats failed with result NOT_SUPPORTED and size 0
07-06 21:38:48.028   388   478 E storaged: getDiskStats failed with result NOT_SUPPORTED and size 0
07-06 21:39:06.594   372   372 I perfmonitord:StatUtil: CPUUtilization is at 12%
07-06 21:39:06.595   372   372 I perfmonitord:StatUtil: MemoryUtilization is at 68%
07-06 21:39:48.029   388   478 E storaged: getDiskStats failed with result NOT_SUPPORTED and size 0
07-06 21:40:48.030   388   478 E storaged: getDiskStats failed with result NOT_SUPPORTED and size 0
07-06 21:41:35.678   523  1835 I chatty  : uid=1000(system) Binder:523_E expire 3 lines
07-06 21:41:48.030   388   478 E storaged: getDiskStats failed with result NOT_SUPPORTED and size 0
07-06 21:42:48.031   388   478 E storaged: getDiskStats failed with result NOT_SUPPORTED and size 0
07-06 21:43:48.032   388   478 E storaged: getDiskStats failed with result NOT_SUPPORTED and size 0
07-06 21:44:21.424   523   544 I chatty  : uid=1000(system) batterystats-wo expire 6 lines
07-06 21:44:48.032   388   478 E storaged: getDiskStats failed with result NOT_SUPPORTED and size 0
07-06 21:45:48.033   388   478 E storaged: getDiskStats failed with result NOT_SUPPORTED and size 0
07-06 21:46:48.034   388   478 E storaged: getDiskStats failed with result NOT_SUPPORTED and size 0
07-06 21:47:48.034   388   478 E storaged: getDiskStats failed with result NOT_SUPPORTED and size 0
07-06 21:48:48.035   388   478 E storaged: getDiskStats failed with result NOT_SUPPORTED and size 0
07-06 21:49:07.847   372   372 I perfmonitord:StatUtil: CPUUtilization is at 6%
07-06 21:49:07.848   372   372 I perfmonitord:StatUtil: MemoryUtilization is at 68%
07-06 21:49:48.036   388   478 E storaged: getDiskStats failed with result NOT_SUPPORTED and size 0
07-06 21:49:54.772   523  1926 I chatty  : uid=1000(system) Binder:523_13 expire 1 line
07-06 21:50:48.037   388   478 E storaged: getDiskStats failed with result NOT_SUPPORTED and size 0
07-06 21:51:48.037   388   478 E storaged: getDiskStats failed with result NOT_SUPPORTED and size 0
07-06 21:52:48.038   388   478 E storaged: getDiskStats failed with result NOT_SUPPORTED and size 0
07-06 21:53:48.038   388   478 E storaged: getDiskStats failed with result NOT_SUPPORTED and size 0
07-06 21:54:48.039   388   478 E storaged: getDiskStats failed with result NOT_SUPPORTED and size 0
07-06 21:55:48.040   388   478 E storaged: getDiskStats failed with result NOT_SUPPORTED and size 0
07-06 21:56:48.040   388   478 E storaged: getDiskStats failed with result NOT_SUPPORTED and size 0
07-06 21:57:48.041   388   478 E storaged: getDiskStats failed with result NOT_SUPPORTED and size 0
07-06 21:58:48.041   388   478 E storaged: getDiskStats failed with result NOT_SUPPORTED and size 0
07-06 21:59:09.097   372   372 I perfmonitord:StatUtil: CPUUtilization is at 5%
07-06 21:59:09.097   372   372 I perfmonitord:StatUtil: MemoryUtilization is at 66%
07-06 21:59:48.042   388   478 E storaged: getDiskStats failed with result NOT_SUPPORTED and size 0
07-06 22:00:48.043   388   478 E storaged: getDiskStats failed with result NOT_SUPPORTED and size 0
07-06 22:01:48.043   388   478 E storaged: getDiskStats failed with result NOT_SUPPORTED and size 0
07-06 22:01:53.245  1209  9865 E ActivityThread: Failed to find provider info for com.amazon.dcp.ota.pendingupdates.internal
07-06 22:02:48.044   388   478 E storaged: getDiskStats failed with result NOT_SUPPORTED and size 0
07-06 22:03:48.045   388   478 E storaged: getDiskStats failed with result NOT_SUPPORTED and size 0
07-06 22:04:48.045   388   478 E storaged: getDiskStats failed with result NOT_SUPPORTED and size 0
07-06 22:05:48.046   388   478 E storaged: getDiskStats failed with result NOT_SUPPORTED and size 0
07-06 22:06:48.046   388   478 E storaged: getDiskStats failed with result NOT_SUPPORTED and size 0
07-06 22:07:48.047   388   478 E storaged: getDiskStats failed with result NOT_SUPPORTED and size 0
07-06 22:08:48.048   388   478 E storaged: getDiskStats failed with result NOT_SUPPORTED and size 0
07-06 22:08:59.719   523   789 I chatty  : uid=1000(system) Binder:523_4 expire 3 lines
07-06 22:09:10.354   372   372 I perfmonitord:StatUtil: CPUUtilization is at 5%
07-06 22:09:10.355   372   372 I perfmonitord:StatUtil: MemoryUtilization is at 65%
07-06 22:09:38.172   523   523 I chatty  : uid=1000 system_server expire 3 lines
07-06 22:09:48.048   388   478 E storaged: getDiskStats failed with result NOT_SUPPORTED and size 0
07-06 22:10:48.049   388   478 E storaged: getDiskStats failed with result NOT_SUPPORTED and size 0
07-06 22:11:48.050   388   478 E storaged: getDiskStats failed with result NOT_SUPPORTED and size 0
07-06 22:12:48.050   388   478 E storaged: getDiskStats failed with result NOT_SUPPORTED and size 0
07-06 22:13:48.051   388   478 E storaged: getDiskStats failed with result NOT_SUPPORTED and size 0
07-06 22:14:48.052   388   478 E storaged: getDiskStats failed with result NOT_SUPPORTED and size 0
07-06 22:14:59.393   523   540 I chatty  : uid=1000(system) ActivityManager expire 1 line
07-06 22:15:48.207   388   478 E storaged: getDiskStats failed with result NOT_SUPPORTED and size 0
07-06 22:16:48.208   388   478 E storaged: getDiskStats failed with result NOT_SUPPORTED and size 0
07-06 22:17:48.208   388   478 E storaged: getDiskStats failed with result NOT_SUPPORTED and size 0
07-06 22:18:48.209   388   478 E storaged: getDiskStats failed with result NOT_SUPPORTED and size 0
07-06 22:19:11.604   372   372 I perfmonitord:StatUtil: CPUUtilization is at 5%
07-06 22:19:11.605   372   372 I perfmonitord:StatUtil: MemoryUtilization is at 66%
07-06 22:19:48.210   388   478 E storaged: getDiskStats failed with result NOT_SUPPORTED and size 0
07-06 22:20:48.210   388   478 E storaged: getDiskStats failed with result NOT_SUPPORTED and size 0
07-06 22:21:48.211   388   478 E storaged: getDiskStats failed with result NOT_SUPPORTED and size 0
07-06 22:22:48.212   388   478 E storaged: getDiskStats failed with result NOT_SUPPORTED and size 0
07-06 22:23:48.212   388   478 E storaged: getDiskStats failed with result NOT_SUPPORTED and size 0
07-06 22:24:48.213   388   478 E storaged: getDiskStats failed with result NOT_SUPPORTED and size 0
07-06 22:25:48.214   388   478 E storaged: getDiskStats failed with result NOT_SUPPORTED and size 0
07-06 22:26:48.214   388   478 E storaged: getDiskStats failed with result NOT_SUPPORTED and size 0
07-06 22:27:48.215   388   478 E storaged: getDiskStats failed with result NOT_SUPPORTED and size 0
07-06 22:28:48.216   388   478 E storaged: getDiskStats failed with result NOT_SUPPORTED and size 0
07-06 22:29:12.907   372   372 I perfmonitord: Current status: 
07-06 22:29:12.907   372   372 I perfmonitord: Benefits string: 
07-06 22:29:12.907   372   372 E perfmonitord:StatUtil: Error of parsing benefits string
07-06 22:29:12.908   372   372 I perfmonitord:ProcessCpuMonitor: 
07-06 22:29:12.908   372   372 I perfmonitord:ProcessCpuMonitor: Process Name         PID   : CPU % 
07-06 22:29:12.908   372   372 I perfmonitord:ProcessCpuMonitor: 
07-06 22:29:12.908   372   372 I perfmonitord:ProcessCpuMonitor: system_server        523   : 14.79% 
07-06 22:29:12.908   372   372 I perfmonitord:ProcessCpuMonitor: ksmd                 26    : 1.92% 
07-06 22:29:12.908   372   372 I perfmonitord:ProcessCpuMonitor: com.amazon.avod      6884  : 0.93% 
07-06 22:29:12.908   372   372 I perfmonitord:ProcessCpuMonitor: .amazon.vizzini      1553  : 0.57% 
07-06 22:29:12.908   372   372 I perfmonitord:ProcessCpuMonitor: zon.tv.launcher      1688  : 0.29% 
07-06 22:29:12.908   372   372 I perfmonitord:ProcessCpuMonitor: rcu_preempt          7     : 0.20% 
07-06 22:29:12.908   372   372 I perfmonitord:ProcessCpuMonitor: audio@2.0-servi      317   : 0.19% 
07-06 22:29:12.908   372   372 I perfmonitord:ProcessCpuMonitor: v.devicecontrol      1593  : 0.13% 
07-06 22:29:12.908   372   372 I perfmonitord:ProcessCpuMonitor: perfmonitord         372   : 0.12% 
07-06 22:29:12.909   372   372 I perfmonitord:StatUtil: CPUUtilization is at 7%
07-06 22:29:12.909   372   372 I perfmonitord:StatUtil: MemoryUtilization is at 66%
07-06 22:29:13.939   372   372 I perfmonitord: Current status: 
07-06 22:29:13.939   372   372 I perfmonitord: Benefits string: 
07-06 22:29:13.939   372   372 E perfmonitord:StatUtil: Error of parsing benefits string
07-06 22:29:13.940   372   372 I perfmonitord:ProcessMemMonitor: system_server        523   : 56621
07-06 22:29:13.940   372   372 I perfmonitord:ProcessMemMonitor: rpmb_svc             416   : 484  
07-06 22:29:14.943   372   372 E perfmonitord:StatUtil: file open error is - Permission denied
07-06 22:29:14.944   372   372 E perfmonitord:StatUtil: file open error is - Permission denied
07-06 22:29:14.945   372   372 I perfmonitord: Current status: 
07-06 22:29:14.945   372   372 I perfmonitord: Benefits string: 
07-06 22:29:14.945   372   372 E perfmonitord:StatUtil: Error of parsing benefits string
07-06 22:29:14.947   372   372 I perfmonitord:SystemMemMonitor: mem_total = 921136 Kb
07-06 22:29:14.947   372   372 I perfmonitord:SystemMemMonitor: mem_free = 54396 Kb
07-06 22:29:14.947   372   372 I perfmonitord:SystemMemMonitor: mem_available = 315092 Kb
07-06 22:29:14.947   372   372 I perfmonitord:SystemMemMonitor: mem_buffers = 9012 Kb
07-06 22:29:14.947   372   372 I perfmonitord:SystemMemMonitor: mem_cached = 313180 Kb
07-06 22:29:14.947   372   372 I perfmonitord:SystemMemMonitor: mem_active_anon = 116848 Kb
07-06 22:29:14.947   372   372 I perfmonitord:SystemMemMonitor: mem_inactive_anon = 129844 Kb
07-06 22:29:14.947   372   372 I perfmonitord:SystemMemMonitor: mem_active_file = 162100 Kb
07-06 22:29:14.947   372   372 I perfmonitord:SystemMemMonitor: mem_inactive_file = 157732 Kb
07-06 22:29:14.947   372   372 I perfmonitord:SystemMemMonitor: mem_swap_total = 393212 Kb
07-06 22:29:14.947   372   372 I perfmonitord:SystemMemMonitor: mem_swap_free = 217788 Kb
07-06 22:29:14.947   372   372 I perfmonitord:SystemMemMonitor: mem_swap_uncompressed = 175424 Kb
07-06 22:29:14.947   372   372 I perfmonitord:SystemMemMonitor: zram_mem_used_kb = 57240 Kb
07-06 22:29:14.947   372   372 I perfmonitord:SystemMemMonitor: mem_shmem = 304 Kb
07-06 22:29:14.947   372   372 I perfmonitord:SystemMemMonitor: mem_s_unreclaim = 46724 Kb
07-06 22:29:14.947   372   372 I perfmonitord:SystemMemMonitor: mem_kernel_stack = 16536 Kb
07-06 22:29:14.947   372   372 I perfmonitord:SystemMemMonitor: mem_page_tables = 35136 Kb
07-06 22:29:14.947   372   372 I perfmonitord:SystemMemMonitor: mem_other_free = 24808 Kb
07-06 22:29:14.947   372   372 I perfmonitord:SystemMemMonitor: mem_other_file = 319304 Kb
07-06 22:29:14.947   372   372 I perfmonitord:SystemMemMonitor: mem_ksm_pages_sharing = 0 Kb
07-06 22:29:14.947   372   372 I perfmonitord:SystemMemMonitor: mem_ksm_overhead = 0 Kb
07-06 22:29:14.947   372   372 I perfmonitord:SystemMemMonitor: mem_ksm_saving = 0 Kb
07-06 22:29:14.947   372   372 I perfmonitord:SystemMemMonitor: lmk_kills_backup = 0
07-06 22:29:14.947   372   372 I perfmonitord:SystemMemMonitor: lmk_kills_fg = 0
07-06 22:29:14.947   372   372 I perfmonitord:SystemMemMonitor: lmk_kills_other = 0
07-06 22:29:14.947   372   372 I perfmonitord:SystemMemMonitor: lmk_kills_perceptible = 0
07-06 22:29:14.947   372   372 I perfmonitord:SystemMemMonitor: lmk_kills_persistent = 0
07-06 22:29:14.947   372   372 I perfmonitord:SystemMemMonitor: lmk_kills_visible = 0
07-06 22:29:20.019   372   372 I perfmonitord:ProcessRssMonitor: 
07-06 22:29:20.019   372   372 I perfmonitord:ProcessRssMonitor: Process Name         PID   : RSS(kb)    RSWAP(kb)  Total RSS  
07-06 22:29:20.019   372   372 I perfmonitord:ProcessRssMonitor: 
07-06 22:29:20.019   372   372 I perfmonitord:ProcessRssMonitor: .amazon.venezia      9491  : 112168     5540       117708    
07-06 22:29:20.019   372   372 I perfmonitord:ProcessRssMonitor: m.amazon.hedwig      9974  : 104244     5724       109968    
07-06 22:29:20.019   372   372 I perfmonitord:ProcessRssMonitor: com.amazon.avod      6884  : 96564      10332      106896    
07-06 22:29:20.019   372   372 I perfmonitord:ProcessRssMonitor: zon.tv.launcher      1688  : 85428      16456      101884    
07-06 22:29:20.019   372   372 I perfmonitord:ProcessRssMonitor: s.kindleconnect      9805  : 91716      5700       97416     
07-06 22:29:20.019   372   372 I perfmonitord:ProcessRssMonitor: system_server        523   : 85676      11632      97308     
07-06 22:29:20.019   372   372 I perfmonitord:ProcessRssMonitor: n.kso.blackbird      9901  : 89268      5692       94960     
07-06 22:29:20.019   372   372 I perfmonitord:ProcessRssMonitor: .tv.easyupgrade      10151 : 83268      5760       89028     
07-06 22:29:20.019   372   372 I perfmonitord:ProcessRssMonitor: om.amazon.perfc      10094 : 77052      5928       82980     
07-06 22:29:20.019   372   372 I perfmonitord:ProcessRssMonitor: ce.software.ota      10119 : 75884      5964       81848     
07-06 22:29:20.019   372   372 I perfmonitord:ProcessRssMonitor: ainet.androidtv      7588  : 75820      5544       81364     
07-06 22:29:20.019   372   372 I perfmonitord:ProcessRssMonitor: .amazon.ceviche      7329  : 75440      5672       81112     
07-06 22:29:20.019   372   372 I perfmonitord:ProcessRssMonitor: om.amazon.logan      9826  : 73352      5960       79312     
07-06 22:29:20.019   372   372 I perfmonitord:ProcessRssMonitor: .amazon.vizzini      1553  : 64516      10628      75144     
07-06 22:29:20.019   372   372 I perfmonitord:ProcessRssMonitor: iders.downloads      10042 : 68660      6036       74696     
07-06 22:29:20.019   372   372 I perfmonitord:ProcessRssMonitor: om.amazon.diode      7391  : 67792      5844       73636     
07-06 22:29:20.019   372   372 I perfmonitord:ProcessRssMonitor: device.services      807   : 61212      8944       70156     
07-06 22:29:20.019   372   372 I perfmonitord:ProcessRssMonitor: ce.sale.service      4245  : 60560      6740       67300     
07-06 22:29:20.019   372   372 I perfmonitord:ProcessRssMonitor: id.providers.tv      4124  : 59476      6576       66052     
07-06 22:29:20.019   372   372 I perfmonitord:ProcessRssMonitor: id.proxyhandler      24684 : 47212      7608       54820     
07-06 22:29:20.019   372   372 I perfmonitord:ProcessRssMonitor: evice.messaging      1209  : 47088      7268       54356     
07-06 22:29:20.019   372   372 I perfmonitord:ProcessRssMonitor: v.devicecontrol      1593  : 44572      7860       52432     
07-06 22:29:20.019   372   372 I perfmonitord:ProcessRssMonitor: om.amazon.tcomm      1579  : 43784      6996       50780     
07-06 22:29:20.019   372   372 I perfmonitord:ProcessRssMonitor: nk.core.android      5202  : 40404      8152       48556     
07-06 22:29:20.020   372   372 I perfmonitord:ProcessRssMonitor: .client.metrics      1237  : 41460      6980       48440     
07-06 22:29:20.020   372   372 I perfmonitord:ProcessRssMonitor: com.amazon.imp       933   : 41024      6524       47548     
07-06 22:29:20.020   372   372 I perfmonitord:ProcessRssMonitor: n.middleware.np      3591  : 36364      9200       45564     
07-06 22:29:20.020   372   372 I perfmonitord:ProcessRssMonitor: com.amazon.whad      1613  : 34664      10788      45452     
07-06 22:29:20.020   372   372 I perfmonitord:ProcessRssMonitor: m.amazon.tv.ime      800   : 29316      12740      42056     
07-06 22:29:20.020   372   372 I perfmonitord:ProcessRssMonitor: droid.bluetooth      773   : 33040      8628       41668     
07-06 22:29:20.020   372   372 I perfmonitord:ProcessRssMonitor: s.sdk.ftve.addp      13367 : 32504      8260       40764     
07-06 22:29:20.020   372   372 I perfmonitord:ProcessRssMonitor: yer.runtime.ftv      4069  : 22900      15016      37916     
07-06 22:29:20.020   372   372 I perfmonitord:ProcessRssMonitor: id.ext.services      1128  : 21852      9328       31180     
07-06 22:29:20.020   372   372 I perfmonitord:ProcessRssMonitor: ivitycontroller      1998  : 21448      8988       30436     
07-06 22:29:20.020   372   372 I perfmonitord:ProcessRssMonitor: .rdmapplication      2644  : 21224      8860       30084     
07-06 22:29:20.020   372   372 I perfmonitord:ProcessRssMonitor: on.device.blepa      7253  : 19996      8424       28420     
07-06 22:29:20.020   372   372 I perfmonitord:ProcessRssMonitor: main                 277   : 20780      7168       27948     
07-06 22:29:20.020   372   372 I perfmonitord:ProcessRssMonitor: ryconfigservice      1844  : 18736      7992       26728     
07-06 22:29:20.020   372   372 I perfmonitord:ProcessRssMonitor: webview_zygote       819   : 15428      10684      26112     
07-06 22:29:20.020   372   372 I perfmonitord:ProcessRssMonitor: n.systemnotices      3984  : 16952      8108       25060     
07-06 22:29:20.020   372   372 I perfmonitord:ProcessRssMonitor: logd                 216   : 7632       980        8612      
07-06 22:29:20.020   372   372 I perfmonitord:ProcessRssMonitor: surfaceflinger       349   : 3168       3656       6824      
